Archive member included to satisfy reference by file (symbol)

c:/st/stm32cubeide_1.3.0/stm32cubeide/plugins/com.st.stm32cube.ide.mcu.externaltools.gnu-tools-for-stm32.7-2018-q2-update.win32_1.0.0.201904181610/tools/bin/../lib/gcc/arm-none-eabi/7.3.1/../../../../arm-none-eabi/lib/thumb/v6-m\libstdc++_nano.a(del_opv.o)
                              app/Clock.o (operator delete[](void*))
c:/st/stm32cubeide_1.3.0/stm32cubeide/plugins/com.st.stm32cube.ide.mcu.externaltools.gnu-tools-for-stm32.7-2018-q2-update.win32_1.0.0.201904181610/tools/bin/../lib/gcc/arm-none-eabi/7.3.1/../../../../arm-none-eabi/lib/thumb/v6-m\libstdc++_nano.a(pure.o)
                              xf/core/behavior.o (__cxa_pure_virtual)
c:/st/stm32cubeide_1.3.0/stm32cubeide/plugins/com.st.stm32cube.ide.mcu.externaltools.gnu-tools-for-stm32.7-2018-q2-update.win32_1.0.0.201904181610/tools/bin/../lib/gcc/arm-none-eabi/7.3.1/../../../../arm-none-eabi/lib/thumb/v6-m\libstdc++_nano.a(del_ops.o)
                              app/Controller.o (operator delete(void*, unsigned int))
c:/st/stm32cubeide_1.3.0/stm32cubeide/plugins/com.st.stm32cube.ide.mcu.externaltools.gnu-tools-for-stm32.7-2018-q2-update.win32_1.0.0.201904181610/tools/bin/../lib/gcc/arm-none-eabi/7.3.1/../../../../arm-none-eabi/lib/thumb/v6-m\libstdc++_nano.a(new_op.o)
                              app/Clock.o (operator new(unsigned int))
c:/st/stm32cubeide_1.3.0/stm32cubeide/plugins/com.st.stm32cube.ide.mcu.externaltools.gnu-tools-for-stm32.7-2018-q2-update.win32_1.0.0.201904181610/tools/bin/../lib/gcc/arm-none-eabi/7.3.1/../../../../arm-none-eabi/lib/thumb/v6-m\libstdc++_nano.a(new_handler.o)
                              c:/st/stm32cubeide_1.3.0/stm32cubeide/plugins/com.st.stm32cube.ide.mcu.externaltools.gnu-tools-for-stm32.7-2018-q2-update.win32_1.0.0.201904181610/tools/bin/../lib/gcc/arm-none-eabi/7.3.1/../../../../arm-none-eabi/lib/thumb/v6-m\libstdc++_nano.a(new_op.o) (std::get_new_handler())
c:/st/stm32cubeide_1.3.0/stm32cubeide/plugins/com.st.stm32cube.ide.mcu.externaltools.gnu-tools-for-stm32.7-2018-q2-update.win32_1.0.0.201904181610/tools/bin/../lib/gcc/arm-none-eabi/7.3.1/../../../../arm-none-eabi/lib/thumb/v6-m\libstdc++_nano.a(del_op.o)
                              xf/port/default/timeoutmanager-default.o (operator delete(void*))
c:/st/stm32cubeide_1.3.0/stm32cubeide/plugins/com.st.stm32cube.ide.mcu.externaltools.gnu-tools-for-stm32.7-2018-q2-update.win32_1.0.0.201904181610/tools/bin/../lib/gcc/arm-none-eabi/7.3.1/../../../../arm-none-eabi/lib/thumb/v6-m\libstdc++_nano.a(eh_terminate.o)
                              c:/st/stm32cubeide_1.3.0/stm32cubeide/plugins/com.st.stm32cube.ide.mcu.externaltools.gnu-tools-for-stm32.7-2018-q2-update.win32_1.0.0.201904181610/tools/bin/../lib/gcc/arm-none-eabi/7.3.1/../../../../arm-none-eabi/lib/thumb/v6-m\libstdc++_nano.a(pure.o) (std::terminate())
c:/st/stm32cubeide_1.3.0/stm32cubeide/plugins/com.st.stm32cube.ide.mcu.externaltools.gnu-tools-for-stm32.7-2018-q2-update.win32_1.0.0.201904181610/tools/bin/../lib/gcc/arm-none-eabi/7.3.1/../../../../arm-none-eabi/lib/thumb/v6-m\libstdc++_nano.a(list.o)
                              xf/port/default/timeoutmanager-default.o (std::__detail::_List_node_base::_M_hook(std::__detail::_List_node_base*))
c:/st/stm32cubeide_1.3.0/stm32cubeide/plugins/com.st.stm32cube.ide.mcu.externaltools.gnu-tools-for-stm32.7-2018-q2-update.win32_1.0.0.201904181610/tools/bin/../lib/gcc/arm-none-eabi/7.3.1/../../../../arm-none-eabi/lib/thumb/v6-m\libstdc++_nano.a(functexcept.o)
                              xf/port/default/timeoutmanager-default.o (std::__throw_bad_alloc())
c:/st/stm32cubeide_1.3.0/stm32cubeide/plugins/com.st.stm32cube.ide.mcu.externaltools.gnu-tools-for-stm32.7-2018-q2-update.win32_1.0.0.201904181610/tools/bin/../lib/gcc/arm-none-eabi/7.3.1/../../../../arm-none-eabi/lib/thumb/v6-m\libstdc++_nano.a(eh_unex_handler.o)
                              c:/st/stm32cubeide_1.3.0/stm32cubeide/plugins/com.st.stm32cube.ide.mcu.externaltools.gnu-tools-for-stm32.7-2018-q2-update.win32_1.0.0.201904181610/tools/bin/../lib/gcc/arm-none-eabi/7.3.1/../../../../arm-none-eabi/lib/thumb/v6-m\libstdc++_nano.a(eh_terminate.o) (__cxxabiv1::__unexpected_handler)
c:/st/stm32cubeide_1.3.0/stm32cubeide/plugins/com.st.stm32cube.ide.mcu.externaltools.gnu-tools-for-stm32.7-2018-q2-update.win32_1.0.0.201904181610/tools/bin/../lib/gcc/arm-none-eabi/7.3.1/../../../../arm-none-eabi/lib/thumb/v6-m\libstdc++_nano.a(eh_term_handler.o)
                              c:/st/stm32cubeide_1.3.0/stm32cubeide/plugins/com.st.stm32cube.ide.mcu.externaltools.gnu-tools-for-stm32.7-2018-q2-update.win32_1.0.0.201904181610/tools/bin/../lib/gcc/arm-none-eabi/7.3.1/../../../../arm-none-eabi/lib/thumb/v6-m\libstdc++_nano.a(eh_terminate.o) (__cxxabiv1::__terminate_handler)
[...]
Memory Configuration

Name             Origin             Length             Attributes
RAM              0x0000000020000000 0x0000000000004000 xrw
FLASH            0x0000000008000000 0x0000000000010000 xr
*default*        0x0000000000000000 0xffffffffffffffff

Linker script and memory map

LOAD c:/st/stm32cubeide_1.3.0/stm32cubeide/plugins/com.st.stm32cube.ide.mcu.externaltools.gnu-tools-for-stm32.7-2018-q2-update.win32_1.0.0.201904181610/tools/bin/../lib/gcc/arm-none-eabi/7.3.1/thumb/v6-m/crti.o
LOAD c:/st/stm32cubeide_1.3.0/stm32cubeide/plugins/com.st.stm32cube.ide.mcu.externaltools.gnu-tools-for-stm32.7-2018-q2-update.win32_1.0.0.201904181610/tools/bin/../lib/gcc/arm-none-eabi/7.3.1/thumb/v6-m/crtbegin.o
LOAD c:/st/stm32cubeide_1.3.0/stm32cubeide/plugins/com.st.stm32cube.ide.mcu.externaltools.gnu-tools-for-stm32.7-2018-q2-update.win32_1.0.0.201904181610/tools/bin/../lib/gcc/arm-none-eabi/7.3.1/../../../../arm-none-eabi/lib/thumb/v6-m/crt0.o
LOAD Core/Src/isrs.o
LOAD Core/Src/main.o
LOAD Core/Src/stm32f0xx_hal_msp.o
LOAD Core/Src/stm32f0xx_it.o
LOAD Core/Src/syscalls.o
LOAD Core/Src/sysmem.o
LOAD Core/Src/system_stm32f0xx.o
LOAD Core/Startup/startup_stm32f072v8tx.o
LOAD Drivers/STM32F0xx_HAL_Driver/Src/stm32f0xx_hal.o
LOAD Drivers/STM32F0xx_HAL_Driver/Src/stm32f0xx_hal_can.o
LOAD Drivers/STM32F0xx_HAL_Driver/Src/stm32f0xx_hal_cortex.o
LOAD Drivers/STM32F0xx_HAL_Driver/Src/stm32f0xx_hal_dma.o
LOAD Drivers/STM32F0xx_HAL_Driver/Src/stm32f0xx_hal_exti.o
LOAD Drivers/STM32F0xx_HAL_Driver/Src/stm32f0xx_hal_flash.o
LOAD Drivers/STM32F0xx_HAL_Driver/Src/stm32f0xx_hal_flash_ex.o
LOAD Drivers/STM32F0xx_HAL_Driver/Src/stm32f0xx_hal_gpio.o
LOAD Drivers/STM32F0xx_HAL_Driver/Src/stm32f0xx_hal_i2c.o
LOAD Drivers/STM32F0xx_HAL_Driver/Src/stm32f0xx_hal_i2c_ex.o
LOAD Drivers/STM32F0xx_HAL_Driver/Src/stm32f0xx_hal_pwr.o
LOAD Drivers/STM32F0xx_HAL_Driver/Src/stm32f0xx_hal_pwr_ex.o
LOAD Drivers/STM32F0xx_HAL_Driver/Src/stm32f0xx_hal_rcc.o
LOAD Drivers/STM32F0xx_HAL_Driver/Src/stm32f0xx_hal_rcc_ex.o
LOAD Drivers/STM32F0xx_HAL_Driver/Src/stm32f0xx_hal_spi.o
LOAD Drivers/STM32F0xx_HAL_Driver/Src/stm32f0xx_hal_spi_ex.o
LOAD Drivers/STM32F0xx_HAL_Driver/Src/stm32f0xx_hal_tim.o
LOAD Drivers/STM32F0xx_HAL_Driver/Src/stm32f0xx_hal_tim_ex.o
LOAD Drivers/STM32F0xx_HAL_Driver/Src/stm32f0xx_hal_uart.o
LOAD Drivers/STM32F0xx_HAL_Driver/Src/stm32f0xx_hal_uart_ex.o
LOAD app/Clock.o
LOAD app/Controller.o
LOAD app/WatchPointer.o
LOAD app/factory.o
LOAD event/evCanIrq.o
LOAD event/evClockwise.o
LOAD event/evCounterClockwise.o
LOAD event/evDone.o
LOAD event/evFlagTrigger.o
LOAD event/evGoToZero.o
LOAD event/evSpiIrq.o
LOAD event/evStepDone.o
LOAD event/evTimeTrigger.o
LOAD mcu/critical/critical.o
LOAD xf/core/behavior.o
LOAD xf/core/customevent.o
LOAD xf/core/initialevent.o
LOAD xf/core/nulltransition.o
LOAD xf/core/timeout.o
LOAD xf/port/active-qt/resourcefactory.o
LOAD xf/port/default/dispatcher-active.o
LOAD xf/port/default/dispatcher-default.o
LOAD xf/port/default/resourcefactory-default.o
LOAD xf/port/default/timeoutmanager-default.o
LOAD xf/port/default/xf-default.o
LOAD xf/port/default-cmsis-os/mutex-default.o
LOAD xf/port/default-cmsis-os/thread-default.o
LOAD xf/port/default-idf/eventqueue-default.o
LOAD xf/port/default-idf/mutex-default.o
LOAD xf/port/default-qt/mutex-default.o
LOAD xf/port/default-qt/thread-default.o
LOAD xf/port/idf-qt/eventqueue.o
LOAD xf/port/idf-qt/port-functions.o
LOAD xf/port/idf-qt/resourcefactory.o
LOAD xf/port/idf-qt/xf.o
LOAD xf/port/idf-stm32cube/port-functions.o
LOAD xf/port/stm32cube-cmsis-freertos/eventqueue.o
LOAD xf/port/stm32cube-cmsis-freertos/resourcefactory.o
LOAD xf/port/stm32cube-cmsis-freertos/timeoutmanager.o
LOAD xf/port/stm32cube-cmsis-freertos/xf.o
START GROUP
LOAD c:/st/stm32cubeide_1.3.0/stm32cubeide/plugins/com.st.stm32cube.ide.mcu.externaltools.gnu-tools-for-stm32.7-2018-q2-update.win32_1.0.0.201904181610/tools/bin/../lib/gcc/arm-none-eabi/7.3.1/../../../../arm-none-eabi/lib/thumb/v6-m\libstdc++_nano.a
LOAD c:/st/stm32cubeide_1.3.0/stm32cubeide/plugins/com.st.stm32cube.ide.mcu.externaltools.gnu-tools-for-stm32.7-2018-q2-update.win32_1.0.0.201904181610/tools/bin/../lib/gcc/arm-none-eabi/7.3.1/../../../../arm-none-eabi/lib/thumb/v6-m\libsupc++_nano.a
END GROUP
LOAD c:/st/stm32cubeide_1.3.0/stm32cubeide/plugins/com.st.stm32cube.ide.mcu.externaltools.gnu-tools-for-stm32.7-2018-q2-update.win32_1.0.0.201904181610/tools/bin/../lib/gcc/arm-none-eabi/7.3.1/../../../../arm-none-eabi/lib/thumb/v6-m\libstdc++_nano.a
LOAD c:/st/stm32cubeide_1.3.0/stm32cubeide/plugins/com.st.stm32cube.ide.mcu.externaltools.gnu-tools-for-stm32.7-2018-q2-update.win32_1.0.0.201904181610/tools/bin/../lib/gcc/arm-none-eabi/7.3.1/../../../../arm-none-eabi/lib/thumb/v6-m\libm.a
LOAD c:/st/stm32cubeide_1.3.0/stm32cubeide/plugins/com.st.stm32cube.ide.mcu.externaltools.gnu-tools-for-stm32.7-2018-q2-update.win32_1.0.0.201904181610/tools/bin/../lib/gcc/arm-none-eabi/7.3.1/../../../../arm-none-eabi/lib/thumb/v6-m\libc_nano.a
START GROUP
LOAD c:/st/stm32cubeide_1.3.0/stm32cubeide/plugins/com.st.stm32cube.ide.mcu.externaltools.gnu-tools-for-stm32.7-2018-q2-update.win32_1.0.0.201904181610/tools/bin/../lib/gcc/arm-none-eabi/7.3.1/thumb/v6-m\libgcc.a
LOAD c:/st/stm32cubeide_1.3.0/stm32cubeide/plugins/com.st.stm32cube.ide.mcu.externaltools.gnu-tools-for-stm32.7-2018-q2-update.win32_1.0.0.201904181610/tools/bin/../lib/gcc/arm-none-eabi/7.3.1/../../../../arm-none-eabi/lib/thumb/v6-m\libc_nano.a
END GROUP
START GROUP
LOAD c:/st/stm32cubeide_1.3.0/stm32cubeide/plugins/com.st.stm32cube.ide.mcu.externaltools.gnu-tools-for-stm32.7-2018-q2-update.win32_1.0.0.201904181610/tools/bin/../lib/gcc/arm-none-eabi/7.3.1/thumb/v6-m\libgcc.a
LOAD c:/st/stm32cubeide_1.3.0/stm32cubeide/plugins/com.st.stm32cube.ide.mcu.externaltools.gnu-tools-for-stm32.7-2018-q2-update.win32_1.0.0.201904181610/tools/bin/../lib/gcc/arm-none-eabi/7.3.1/../../../../arm-none-eabi/lib/thumb/v6-m\libc_nano.a
END GROUP
LOAD c:/st/stm32cubeide_1.3.0/stm32cubeide/plugins/com.st.stm32cube.ide.mcu.externaltools.gnu-tools-for-stm32.7-2018-q2-update.win32_1.0.0.201904181610/tools/bin/../lib/gcc/arm-none-eabi/7.3.1/thumb/v6-m/crtend.o
LOAD c:/st/stm32cubeide_1.3.0/stm32cubeide/plugins/com.st.stm32cube.ide.mcu.externaltools.gnu-tools-for-stm32.7-2018-q2-update.win32_1.0.0.201904181610/tools/bin/../lib/gcc/arm-none-eabi/7.3.1/thumb/v6-m/crtn.o
                0x0000000020004000                _estack = (ORIGIN (RAM) + LENGTH (RAM))
                0x0000000000000200                _Min_Heap_Size = 0x200
                0x0000000000000400                _Min_Stack_Size = 0x400

.isr_vector     0x0000000008000000       0xc0
                0x0000000008000000                . = ALIGN (0x4)
 *(.isr_vector)
 .isr_vector    0x0000000008000000       0xc0 Core/Startup/startup_stm32f072v8tx.o
                0x0000000008000000                g_pfnVectors
                0x00000000080000c0                . = ALIGN (0x4)

.text           0x00000000080000c0     0xc2dc
                0x00000000080000c0                . = ALIGN (0x4)
 *(.text)
 .text          0x00000000080000c0       0x48 c:/st/stm32cubeide_1.3.0/stm32cubeide/plugins/com.st.stm32cube.ide.mcu.externaltools.gnu-tools-for-stm32.7-2018-q2-update.win32_1.0.0.201904181610/tools/bin/../lib/gcc/arm-none-eabi/7.3.1/thumb/v6-m/crtbegin.o
 .text          0x0000000008000108      0x114 c:/st/stm32cubeide_1.3.0/stm32cubeide/plugins/com.st.stm32cube.ide.mcu.externaltools.gnu-tools-for-stm32.7-2018-q2-update.win32_1.0.0.201904181610/tools/bin/../lib/gcc/arm-none-eabi/7.3.1/thumb/v6-m\libgcc.a(_udivsi3.o)
                0x0000000008000108                __aeabi_uidiv
                0x0000000008000108                __udivsi3
                0x0000000008000214                __aeabi_uidivmod
 .text          0x000000000800021c      0x1d4 c:/st/stm32cubeide_1.3.0/stm32cubeide/plugins/com.st.stm32cube.ide.mcu.externaltools.gnu-tools-for-stm32.7-2018-q2-update.win32_1.0.0.201904181610/tools/bin/../lib/gcc/arm-none-eabi/7.3.1/thumb/v6-m\libgcc.a(_divsi3.o)
                0x000000000800021c                __divsi3
                0x000000000800021c                __aeabi_idiv
                0x00000000080003e8                __aeabi_idivmod
 .text          0x00000000080003f0        0x4 c:/st/stm32cubeide_1.3.0/stm32cubeide/plugins/com.st.stm32cube.ide.mcu.externaltools.gnu-tools-for-stm32.7-2018-q2-update.win32_1.0.0.201904181610/tools/bin/../lib/gcc/arm-none-eabi/7.3.1/thumb/v6-m\libgcc.a(_dvmd_tls.o)
                0x00000000080003f0                __aeabi_idiv0
                0x00000000080003f0                __aeabi_ldiv0
 *(.text*)
 .text.HAL_SPI_RxCpltCallback
                0x00000000080003f4       0x30 Core/Src/isrs.o
                0x00000000080003f4                HAL_SPI_RxCpltCallback
 .text.HAL_CAN_RxFifo0MsgPendingCallback
                0x0000000008000424       0x30 Core/Src/isrs.o
                0x0000000008000424                HAL_CAN_RxFifo0MsgPendingCallback
 .text.main     0x0000000008000454       0xa0 Core/Src/main.o
                0x0000000008000454                main
 .text.SystemClock_Config
                0x00000000080004f4       0xbe Core/Src/main.o
                0x00000000080004f4                SystemClock_Config
 *fill*         0x00000000080005b2        0x2 
 .text.MX_CAN_Init
                0x00000000080005b4       0x70 Core/Src/main.o
 .text.MX_SPI1_Init
                0x0000000008000624       0x74 Core/Src/main.o
 .text.MX_TIM1_Init
                0x0000000008000698      0x160 Core/Src/main.o
 .text.MX_USART1_UART_Init
                0x00000000080007f8       0x60 Core/Src/main.o
 .text.MX_DMA_Init
                0x0000000008000858       0x3c Core/Src/main.o
 .text.MX_GPIO_Init
                0x0000000008000894      0x248 Core/Src/main.o
 .text.Error_Handler
                0x0000000008000adc        0xa Core/Src/main.o
                0x0000000008000adc                Error_Handler
 *fill*         0x0000000008000ae6        0x2 
 .text.HAL_MspInit
                0x0000000008000ae8       0x48 Core/Src/stm32f0xx_hal_msp.o
                0x0000000008000ae8                HAL_MspInit
 .text.HAL_CAN_MspInit
                0x0000000008000b30       0xac Core/Src/stm32f0xx_hal_msp.o
                0x0000000008000b30                HAL_CAN_MspInit
 .text.HAL_SPI_MspInit
                0x0000000008000bdc       0xfc Core/Src/stm32f0xx_hal_msp.o
                0x0000000008000bdc                HAL_SPI_MspInit
 .text.HAL_TIM_Base_MspInit
                0x0000000008000cd8       0x40 Core/Src/stm32f0xx_hal_msp.o
                0x0000000008000cd8                HAL_TIM_Base_MspInit
 .text.HAL_UART_MspInit
                0x0000000008000d18       0x9c Core/Src/stm32f0xx_hal_msp.o
                0x0000000008000d18                HAL_UART_MspInit
 .text.NMI_Handler
                0x0000000008000db4        0xa Core/Src/stm32f0xx_it.o
                0x0000000008000db4                NMI_Handler
 *fill*         0x0000000008000dbe        0x2 
 .text.HardFault_Handler
                0x0000000008000dc0       0x24 Core/Src/stm32f0xx_it.o
                0x0000000008000dc0                HardFault_Handler
 .text.SVC_Handler
                0x0000000008000de4        0xa Core/Src/stm32f0xx_it.o
                0x0000000008000de4                SVC_Handler
 .text.PendSV_Handler
                0x0000000008000dee        0xa Core/Src/stm32f0xx_it.o
                0x0000000008000dee                PendSV_Handler
 .text.SysTick_Handler
                0x0000000008000df8       0x26 Core/Src/stm32f0xx_it.o
                0x0000000008000df8                SysTick_Handler
 *fill*         0x0000000008000e1e        0x2 
 .text.DMA1_Channel2_3_IRQHandler
                0x0000000008000e20       0x18 Core/Src/stm32f0xx_it.o
                0x0000000008000e20                DMA1_Channel2_3_IRQHandler
 .text.SPI1_IRQHandler
                0x0000000008000e38       0x18 Core/Src/stm32f0xx_it.o
                0x0000000008000e38                SPI1_IRQHandler
 .text.CEC_CAN_IRQHandler
                0x0000000008000e50       0x18 Core/Src/stm32f0xx_it.o
                0x0000000008000e50                CEC_CAN_IRQHandler
 .text._getpid  0x0000000008000e68        0xc Core/Src/syscalls.o
                0x0000000008000e68                _getpid
 .text._kill    0x0000000008000e74       0x20 Core/Src/syscalls.o
                0x0000000008000e74                _kill
 .text._exit    0x0000000008000e94       0x18 Core/Src/syscalls.o
                0x0000000008000e94                _exit
 .text._read    0x0000000008000eac       0x3a Core/Src/syscalls.o
                0x0000000008000eac                _read
 .text._write   0x0000000008000ee6       0x38 Core/Src/syscalls.o
                0x0000000008000ee6                _write
 .text._close   0x0000000008000f1e       0x14 Core/Src/syscalls.o
                0x0000000008000f1e                _close
 .text._fstat   0x0000000008000f32       0x1c Core/Src/syscalls.o
                0x0000000008000f32                _fstat
 .text._isatty  0x0000000008000f4e       0x12 Core/Src/syscalls.o
                0x0000000008000f4e                _isatty
 .text._lseek   0x0000000008000f60       0x16 Core/Src/syscalls.o
                0x0000000008000f60                _lseek
 *fill*         0x0000000008000f76        0x2 
 .text._sbrk    0x0000000008000f78       0x58 Core/Src/sysmem.o
                0x0000000008000f78                _sbrk
 .text.SystemInit
                0x0000000008000fd0        0xa Core/Src/system_stm32f0xx.o
                0x0000000008000fd0                SystemInit
 *fill*         0x0000000008000fda        0x2 
 .text.Reset_Handler
                0x0000000008000fdc       0x50 Core/Startup/startup_stm32f072v8tx.o
                0x0000000008000fdc                Reset_Handler
 .text.Default_Handler
                0x000000000800102c        0x2 Core/Startup/startup_stm32f072v8tx.o
                0x000000000800102c                TIM1_CC_IRQHandler
                0x000000000800102c                TSC_IRQHandler
                0x000000000800102c                ADC1_COMP_IRQHandler
                0x000000000800102c                I2C1_IRQHandler
                0x000000000800102c                RCC_CRS_IRQHandler
                0x000000000800102c                TIM6_DAC_IRQHandler
                0x000000000800102c                USART3_4_IRQHandler
                0x000000000800102c                EXTI2_3_IRQHandler
                0x000000000800102c                I2C2_IRQHandler
                0x000000000800102c                TIM17_IRQHandler
                0x000000000800102c                RTC_IRQHandler
                0x000000000800102c                PVD_VDDIO2_IRQHandler
                0x000000000800102c                DMA1_Channel4_5_6_7_IRQHandler
                0x000000000800102c                TIM16_IRQHandler
                0x000000000800102c                TIM3_IRQHandler
                0x000000000800102c                EXTI4_15_IRQHandler
                0x000000000800102c                DMA1_Channel1_IRQHandler
                0x000000000800102c                Default_Handler
                0x000000000800102c                TIM14_IRQHandler
                0x000000000800102c                TIM7_IRQHandler
                0x000000000800102c                TIM15_IRQHandler
                0x000000000800102c                EXTI0_1_IRQHandler
                0x000000000800102c                USB_IRQHandler
                0x000000000800102c                SPI2_IRQHandler
                0x000000000800102c                WWDG_IRQHandler
                0x000000000800102c                TIM2_IRQHandler
                0x000000000800102c                USART2_IRQHandler
                0x000000000800102c                FLASH_IRQHandler
                0x000000000800102c                USART1_IRQHandler
                0x000000000800102c                TIM1_BRK_UP_TRG_COM_IRQHandler
 *fill*         0x000000000800102e        0x2 
 .text.HAL_Init
                0x0000000008001030       0x28 Drivers/STM32F0xx_HAL_Driver/Src/stm32f0xx_hal.o
                0x0000000008001030                HAL_Init
 .text.HAL_InitTick
                0x0000000008001058       0x68 Drivers/STM32F0xx_HAL_Driver/Src/stm32f0xx_hal.o
                0x0000000008001058                HAL_InitTick
 .text.HAL_GetTick
                0x00000000080010c0       0x14 Drivers/STM32F0xx_HAL_Driver/Src/stm32f0xx_hal.o
                0x00000000080010c0                HAL_GetTick
 .text.HAL_Delay
                0x00000000080010d4       0x44 Drivers/STM32F0xx_HAL_Driver/Src/stm32f0xx_hal.o
                0x00000000080010d4                HAL_Delay
 .text.HAL_CAN_Init
                0x0000000008001118      0x1fc Drivers/STM32F0xx_HAL_Driver/Src/stm32f0xx_hal_can.o
                0x0000000008001118                HAL_CAN_Init
 .text.HAL_CAN_ConfigFilter
                0x0000000008001314      0x1e4 Drivers/STM32F0xx_HAL_Driver/Src/stm32f0xx_hal_can.o
                0x0000000008001314                HAL_CAN_ConfigFilter
 .text.HAL_CAN_Start
                0x00000000080014f8       0x8c Drivers/STM32F0xx_HAL_Driver/Src/stm32f0xx_hal_can.o
                0x00000000080014f8                HAL_CAN_Start
 .text.HAL_CAN_AddTxMessage
                0x0000000008001584      0x1be Drivers/STM32F0xx_HAL_Driver/Src/stm32f0xx_hal_can.o
                0x0000000008001584                HAL_CAN_AddTxMessage
 .text.HAL_CAN_GetRxMessage
                0x0000000008001742      0x238 Drivers/STM32F0xx_HAL_Driver/Src/stm32f0xx_hal_can.o
                0x0000000008001742                HAL_CAN_GetRxMessage
 .text.HAL_CAN_ActivateNotification
                0x000000000800197a       0x54 Drivers/STM32F0xx_HAL_Driver/Src/stm32f0xx_hal_can.o
                0x000000000800197a                HAL_CAN_ActivateNotification
 .text.HAL_CAN_IRQHandler
                0x00000000080019ce      0x362 Drivers/STM32F0xx_HAL_Driver/Src/stm32f0xx_hal_can.o
                0x00000000080019ce                HAL_CAN_IRQHandler
 .text.HAL_CAN_TxMailbox0CompleteCallback
                0x0000000008001d30       0x10 Drivers/STM32F0xx_HAL_Driver/Src/stm32f0xx_hal_can.o
                0x0000000008001d30                HAL_CAN_TxMailbox0CompleteCallback
 .text.HAL_CAN_TxMailbox1CompleteCallback
                0x0000000008001d40       0x10 Drivers/STM32F0xx_HAL_Driver/Src/stm32f0xx_hal_can.o
                0x0000000008001d40                HAL_CAN_TxMailbox1CompleteCallback
 .text.HAL_CAN_TxMailbox2CompleteCallback
                0x0000000008001d50       0x10 Drivers/STM32F0xx_HAL_Driver/Src/stm32f0xx_hal_can.o
                0x0000000008001d50                HAL_CAN_TxMailbox2CompleteCallback
 .text.HAL_CAN_TxMailbox0AbortCallback
                0x0000000008001d60       0x10 Drivers/STM32F0xx_HAL_Driver/Src/stm32f0xx_hal_can.o
                0x0000000008001d60                HAL_CAN_TxMailbox0AbortCallback
 .text.HAL_CAN_TxMailbox1AbortCallback
                0x0000000008001d70       0x10 Drivers/STM32F0xx_HAL_Driver/Src/stm32f0xx_hal_can.o
                0x0000000008001d70                HAL_CAN_TxMailbox1AbortCallback
 .text.HAL_CAN_TxMailbox2AbortCallback
                0x0000000008001d80       0x10 Drivers/STM32F0xx_HAL_Driver/Src/stm32f0xx_hal_can.o
                0x0000000008001d80                HAL_CAN_TxMailbox2AbortCallback
 .text.HAL_CAN_RxFifo0FullCallback
                0x0000000008001d90       0x10 Drivers/STM32F0xx_HAL_Driver/Src/stm32f0xx_hal_can.o
                0x0000000008001d90                HAL_CAN_RxFifo0FullCallback
 .text.HAL_CAN_RxFifo1MsgPendingCallback
                0x0000000008001da0       0x10 Drivers/STM32F0xx_HAL_Driver/Src/stm32f0xx_hal_can.o
                0x0000000008001da0                HAL_CAN_RxFifo1MsgPendingCallback
 .text.HAL_CAN_RxFifo1FullCallback
                0x0000000008001db0       0x10 Drivers/STM32F0xx_HAL_Driver/Src/stm32f0xx_hal_can.o
                0x0000000008001db0                HAL_CAN_RxFifo1FullCallback
 .text.HAL_CAN_SleepCallback
                0x0000000008001dc0       0x10 Drivers/STM32F0xx_HAL_Driver/Src/stm32f0xx_hal_can.o
                0x0000000008001dc0                HAL_CAN_SleepCallback
 .text.HAL_CAN_WakeUpFromRxMsgCallback
                0x0000000008001dd0       0x10 Drivers/STM32F0xx_HAL_Driver/Src/stm32f0xx_hal_can.o
                0x0000000008001dd0                HAL_CAN_WakeUpFromRxMsgCallback
 .text.HAL_CAN_ErrorCallback
                0x0000000008001de0       0x10 Drivers/STM32F0xx_HAL_Driver/Src/stm32f0xx_hal_can.o
                0x0000000008001de0                HAL_CAN_ErrorCallback
 .text.__NVIC_EnableIRQ
                0x0000000008001df0       0x34 Drivers/STM32F0xx_HAL_Driver/Src/stm32f0xx_hal_cortex.o
 .text.__NVIC_SetPriority
                0x0000000008001e24       0xdc Drivers/STM32F0xx_HAL_Driver/Src/stm32f0xx_hal_cortex.o
 .text.SysTick_Config
                0x0000000008001f00       0x48 Drivers/STM32F0xx_HAL_Driver/Src/stm32f0xx_hal_cortex.o
 .text.HAL_NVIC_SetPriority
                0x0000000008001f48       0x2a Drivers/STM32F0xx_HAL_Driver/Src/stm32f0xx_hal_cortex.o
                0x0000000008001f48                HAL_NVIC_SetPriority
 .text.HAL_NVIC_EnableIRQ
                0x0000000008001f72       0x20 Drivers/STM32F0xx_HAL_Driver/Src/stm32f0xx_hal_cortex.o
                0x0000000008001f72                HAL_NVIC_EnableIRQ
 .text.HAL_SYSTICK_Config
                0x0000000008001f92       0x1a Drivers/STM32F0xx_HAL_Driver/Src/stm32f0xx_hal_cortex.o
                0x0000000008001f92                HAL_SYSTICK_Config
 .text.HAL_DMA_Init
                0x0000000008001fac       0x90 Drivers/STM32F0xx_HAL_Driver/Src/stm32f0xx_hal_dma.o
                0x0000000008001fac                HAL_DMA_Init
 .text.HAL_DMA_Start_IT
                0x000000000800203c       0xcc Drivers/STM32F0xx_HAL_Driver/Src/stm32f0xx_hal_dma.o
                0x000000000800203c                HAL_DMA_Start_IT
 .text.HAL_DMA_Abort_IT
                0x0000000008002108       0x8c Drivers/STM32F0xx_HAL_Driver/Src/stm32f0xx_hal_dma.o
                0x0000000008002108                HAL_DMA_Abort_IT
 .text.HAL_DMA_IRQHandler
                0x0000000008002194      0x144 Drivers/STM32F0xx_HAL_Driver/Src/stm32f0xx_hal_dma.o
                0x0000000008002194                HAL_DMA_IRQHandler
 .text.DMA_SetConfig
                0x00000000080022d8       0x58 Drivers/STM32F0xx_HAL_Driver/Src/stm32f0xx_hal_dma.o
 .text.DMA_CalcBaseAndBitshift
                0x0000000008002330       0x38 Drivers/STM32F0xx_HAL_Driver/Src/stm32f0xx_hal_dma.o
 .text.HAL_GPIO_Init
                0x0000000008002368      0x2f0 Drivers/STM32F0xx_HAL_Driver/Src/stm32f0xx_hal_gpio.o
                0x0000000008002368                HAL_GPIO_Init
 .text.HAL_GPIO_ReadPin
                0x0000000008002658       0x3a Drivers/STM32F0xx_HAL_Driver/Src/stm32f0xx_hal_gpio.o
                0x0000000008002658                HAL_GPIO_ReadPin
 .text.HAL_GPIO_WritePin
                0x0000000008002692       0x3a Drivers/STM32F0xx_HAL_Driver/Src/stm32f0xx_hal_gpio.o
                0x0000000008002692                HAL_GPIO_WritePin
 .text.HAL_GPIO_TogglePin
                0x00000000080026cc       0x36 Drivers/STM32F0xx_HAL_Driver/Src/stm32f0xx_hal_gpio.o
                0x00000000080026cc                HAL_GPIO_TogglePin
 *fill*         0x0000000008002702        0x2 
 .text.HAL_RCC_OscConfig
                0x0000000008002704      0x70c Drivers/STM32F0xx_HAL_Driver/Src/stm32f0xx_hal_rcc.o
                0x0000000008002704                HAL_RCC_OscConfig
 .text.HAL_RCC_ClockConfig
                0x0000000008002e10      0x1b4 Drivers/STM32F0xx_HAL_Driver/Src/stm32f0xx_hal_rcc.o
                0x0000000008002e10                HAL_RCC_ClockConfig
 .text.HAL_RCC_GetSysClockFreq
                0x0000000008002fc4      0x100 Drivers/STM32F0xx_HAL_Driver/Src/stm32f0xx_hal_rcc.o
                0x0000000008002fc4                HAL_RCC_GetSysClockFreq
 .text.HAL_RCC_GetHCLKFreq
                0x00000000080030c4       0x14 Drivers/STM32F0xx_HAL_Driver/Src/stm32f0xx_hal_rcc.o
                0x00000000080030c4                HAL_RCC_GetHCLKFreq
 .text.HAL_RCC_GetPCLK1Freq
                0x00000000080030d8       0x2c Drivers/STM32F0xx_HAL_Driver/Src/stm32f0xx_hal_rcc.o
                0x00000000080030d8                HAL_RCC_GetPCLK1Freq
 .text.HAL_RCCEx_PeriphCLKConfig
                0x0000000008003104      0x200 Drivers/STM32F0xx_HAL_Driver/Src/stm32f0xx_hal_rcc_ex.o
                0x0000000008003104                HAL_RCCEx_PeriphCLKConfig
 .text.HAL_SPI_Init
                0x0000000008003304      0x134 Drivers/STM32F0xx_HAL_Driver/Src/stm32f0xx_hal_spi.o
                0x0000000008003304                HAL_SPI_Init
 .text.HAL_SPI_Receive_DMA
                0x0000000008003438      0x26c Drivers/STM32F0xx_HAL_Driver/Src/stm32f0xx_hal_spi.o
                0x0000000008003438                HAL_SPI_Receive_DMA
 .text.HAL_SPI_TransmitReceive_DMA
                0x00000000080036a4      0x364 Drivers/STM32F0xx_HAL_Driver/Src/stm32f0xx_hal_spi.o
                0x00000000080036a4                HAL_SPI_TransmitReceive_DMA
 .text.HAL_SPI_IRQHandler
                0x0000000008003a08      0x1fc Drivers/STM32F0xx_HAL_Driver/Src/stm32f0xx_hal_spi.o
                0x0000000008003a08                HAL_SPI_IRQHandler
 .text.HAL_SPI_TxRxCpltCallback
                0x0000000008003c04       0x10 Drivers/STM32F0xx_HAL_Driver/Src/stm32f0xx_hal_spi.o
                0x0000000008003c04                HAL_SPI_TxRxCpltCallback
 .text.HAL_SPI_RxHalfCpltCallback
                0x0000000008003c14       0x10 Drivers/STM32F0xx_HAL_Driver/Src/stm32f0xx_hal_spi.o
                0x0000000008003c14                HAL_SPI_RxHalfCpltCallback
 .text.HAL_SPI_TxRxHalfCpltCallback
                0x0000000008003c24       0x10 Drivers/STM32F0xx_HAL_Driver/Src/stm32f0xx_hal_spi.o
                0x0000000008003c24                HAL_SPI_TxRxHalfCpltCallback
 .text.HAL_SPI_ErrorCallback
                0x0000000008003c34       0x10 Drivers/STM32F0xx_HAL_Driver/Src/stm32f0xx_hal_spi.o
                0x0000000008003c34                HAL_SPI_ErrorCallback
 .text.SPI_DMAReceiveCplt
                0x0000000008003c44       0x8a Drivers/STM32F0xx_HAL_Driver/Src/stm32f0xx_hal_spi.o
 .text.SPI_DMATransmitReceiveCplt
                0x0000000008003cce       0x96 Drivers/STM32F0xx_HAL_Driver/Src/stm32f0xx_hal_spi.o
 .text.SPI_DMAHalfReceiveCplt
                0x0000000008003d64       0x1e Drivers/STM32F0xx_HAL_Driver/Src/stm32f0xx_hal_spi.o
 .text.SPI_DMAHalfTransmitReceiveCplt
                0x0000000008003d82       0x1e Drivers/STM32F0xx_HAL_Driver/Src/stm32f0xx_hal_spi.o
 .text.SPI_DMAError
                0x0000000008003da0       0x42 Drivers/STM32F0xx_HAL_Driver/Src/stm32f0xx_hal_spi.o
 .text.SPI_DMAAbortOnError
                0x0000000008003de2       0x2c Drivers/STM32F0xx_HAL_Driver/Src/stm32f0xx_hal_spi.o
 *fill*         0x0000000008003e0e        0x2 
 .text.SPI_WaitFlagStateUntilTimeout
                0x0000000008003e10       0xe0 Drivers/STM32F0xx_HAL_Driver/Src/stm32f0xx_hal_spi.o
 .text.SPI_WaitFifoStateUntilTimeout
                0x0000000008003ef0       0xe8 Drivers/STM32F0xx_HAL_Driver/Src/stm32f0xx_hal_spi.o
 .text.SPI_EndRxTransaction
                0x0000000008003fd8       0xbc Drivers/STM32F0xx_HAL_Driver/Src/stm32f0xx_hal_spi.o
 .text.SPI_EndRxTxTransaction
                0x0000000008004094       0x8c Drivers/STM32F0xx_HAL_Driver/Src/stm32f0xx_hal_spi.o
 .text.HAL_TIM_Base_Init
                0x0000000008004120       0x58 Drivers/STM32F0xx_HAL_Driver/Src/stm32f0xx_hal_tim.o
                0x0000000008004120                HAL_TIM_Base_Init
 .text.HAL_TIM_OC_Init
                0x0000000008004178       0x58 Drivers/STM32F0xx_HAL_Driver/Src/stm32f0xx_hal_tim.o
                0x0000000008004178                HAL_TIM_OC_Init
 .text.HAL_TIM_OC_MspInit
                0x00000000080041d0       0x10 Drivers/STM32F0xx_HAL_Driver/Src/stm32f0xx_hal_tim.o
                0x00000000080041d0                HAL_TIM_OC_MspInit
 .text.HAL_TIM_OC_ConfigChannel
                0x00000000080041e0       0x9c Drivers/STM32F0xx_HAL_Driver/Src/stm32f0xx_hal_tim.o
                0x00000000080041e0                HAL_TIM_OC_ConfigChannel
 .text.HAL_TIM_ConfigClockSource
                0x000000000800427c      0x17c Drivers/STM32F0xx_HAL_Driver/Src/stm32f0xx_hal_tim.o
                0x000000000800427c                HAL_TIM_ConfigClockSource
 .text.TIM_Base_SetConfig
                0x00000000080043f8      0x100 Drivers/STM32F0xx_HAL_Driver/Src/stm32f0xx_hal_tim.o
                0x00000000080043f8                TIM_Base_SetConfig
 .text.TIM_OC1_SetConfig
                0x00000000080044f8      0x110 Drivers/STM32F0xx_HAL_Driver/Src/stm32f0xx_hal_tim.o
 .text.TIM_OC2_SetConfig
                0x0000000008004608      0x108 Drivers/STM32F0xx_HAL_Driver/Src/stm32f0xx_hal_tim.o
                0x0000000008004608                TIM_OC2_SetConfig
 .text.TIM_OC3_SetConfig
                0x0000000008004710      0x10c Drivers/STM32F0xx_HAL_Driver/Src/stm32f0xx_hal_tim.o
 .text.TIM_OC4_SetConfig
                0x000000000800481c       0xd4 Drivers/STM32F0xx_HAL_Driver/Src/stm32f0xx_hal_tim.o
 .text.TIM_TI1_ConfigInputStage
                0x00000000080048f0       0x5c Drivers/STM32F0xx_HAL_Driver/Src/stm32f0xx_hal_tim.o
 .text.TIM_TI2_ConfigInputStage
                0x000000000800494c       0x64 Drivers/STM32F0xx_HAL_Driver/Src/stm32f0xx_hal_tim.o
 .text.TIM_ITRx_SetConfig
                0x00000000080049b0       0x32 Drivers/STM32F0xx_HAL_Driver/Src/stm32f0xx_hal_tim.o
 *fill*         0x00000000080049e2        0x2 
 .text.TIM_ETR_SetConfig
                0x00000000080049e4       0x40 Drivers/STM32F0xx_HAL_Driver/Src/stm32f0xx_hal_tim.o
                0x00000000080049e4                TIM_ETR_SetConfig
 .text.HAL_TIMEx_MasterConfigSynchronization
                0x0000000008004a24       0xbc Drivers/STM32F0xx_HAL_Driver/Src/stm32f0xx_hal_tim_ex.o
                0x0000000008004a24                HAL_TIMEx_MasterConfigSynchronization
 .text.HAL_TIMEx_ConfigBreakDeadTime
                0x0000000008004ae0       0xbc Drivers/STM32F0xx_HAL_Driver/Src/stm32f0xx_hal_tim_ex.o
                0x0000000008004ae0                HAL_TIMEx_ConfigBreakDeadTime
 .text.HAL_UART_Init
                0x0000000008004b9c       0xa8 Drivers/STM32F0xx_HAL_Driver/Src/stm32f0xx_hal_uart.o
                0x0000000008004b9c                HAL_UART_Init
 .text.UART_SetConfig
                0x0000000008004c44      0x398 Drivers/STM32F0xx_HAL_Driver/Src/stm32f0xx_hal_uart.o
                0x0000000008004c44                UART_SetConfig
 .text.UART_AdvFeatureConfig
                0x0000000008004fdc      0x168 Drivers/STM32F0xx_HAL_Driver/Src/stm32f0xx_hal_uart.o
                0x0000000008004fdc                UART_AdvFeatureConfig
 .text.UART_CheckIdleState
                0x0000000008005144       0x8c Drivers/STM32F0xx_HAL_Driver/Src/stm32f0xx_hal_uart.o
                0x0000000008005144                UART_CheckIdleState
 .text.UART_WaitOnFlagUntilTimeout
                0x00000000080051d0       0xfc Drivers/STM32F0xx_HAL_Driver/Src/stm32f0xx_hal_uart.o
                0x00000000080051d0                UART_WaitOnFlagUntilTimeout
 .text._ZN5ClockC2Eb
                0x00000000080052cc       0xb6 app/Clock.o
                0x00000000080052cc                Clock::Clock(bool)
                0x00000000080052cc                Clock::Clock(bool)
 .text._ZN5ClockD2Ev
                0x0000000008005382       0x58 app/Clock.o
                0x0000000008005382                Clock::~Clock()
                0x0000000008005382                Clock::~Clock()
 .text._ZN5Clock15getWatchPointerEi
                0x00000000080053da       0x2e app/Clock.o
                0x00000000080053da                Clock::getWatchPointer(int)
 .text._ZNK7XFEvent12getEventTypeEv
                0x0000000008005408       0x16 app/Controller.o
                0x0000000008005408                XFEvent::getEventType() const
 .text._ZNK7XFEvent5getIdEv
                0x000000000800541e       0x14 app/Controller.o
                0x000000000800541e                XFEvent::getId() const
 .text._ZN13XFEventStatusC2ENS_12eEventStatusE
                0x0000000008005432       0x20 app/Controller.o
                0x0000000008005432                XFEventStatus::XFEventStatus(XFEventStatus::eEventStatus)
                0x0000000008005432                XFEventStatus::XFEventStatus(XFEventStatus::eEventStatus)
 .text._ZN10XFBehavior15scheduleTimeoutEii
                0x0000000008005452       0x2a app/Controller.o
                0x0000000008005452                XFBehavior::scheduleTimeout(int, int)
 .text._ZN10ControllerC2Ev
                0x000000000800547c       0x54 app/Controller.o
                0x000000000800547c                Controller::Controller()
                0x000000000800547c                Controller::Controller()
 .text._ZN10ControllerD2Ev
                0x00000000080054d0       0x64 app/Controller.o
                0x00000000080054d0                Controller::~Controller()
                0x00000000080054d0                Controller::~Controller()
 .text._ZN10ControllerD0Ev
                0x0000000008005534       0x24 app/Controller.o
                0x0000000008005534                Controller::~Controller()
 .text.__tcf_0  0x0000000008005558       0x14 app/Controller.o
 .text._ZN10Controller11getInstanceEv
                0x000000000800556c       0x38 app/Controller.o
                0x000000000800556c                Controller::getInstance()
 .text._ZN10Controller11intitializeEv
                0x00000000080055a4       0x18 app/Controller.o
                0x00000000080055a4                Controller::intitialize()
 .text._ZN10Controller5startEv
                0x00000000080055bc       0x1e app/Controller.o
                0x00000000080055bc                Controller::start()
 .text._ZN10Controller8onIrqSPIEv
                0x00000000080055da       0x30 app/Controller.o
                0x00000000080055da                Controller::onIrqSPI()
 *fill*         0x000000000800560a        0x2 
 .text._ZN10Controller8onIrqCANEv
                0x000000000800560c       0x48 app/Controller.o
                0x000000000800560c                Controller::onIrqCAN()
 .text._ZN10Controller13readDIPSwitchEv
                0x0000000008005654       0xc8 app/Controller.o
                0x0000000008005654                Controller::readDIPSwitch()
 .text._ZN10Controller20initializeMotorsGPIOEv
                0x000000000800571c      0x31c app/Controller.o
                0x000000000800571c                Controller::initializeMotorsGPIO()
 .text._ZN10Controller12processEventEv
                0x0000000008005a38      0x660 app/Controller.o
                0x0000000008005a38                Controller::processEvent()
 .text._ZN10Controller16goToZeroPositionEv
                0x0000000008006098      0x17e app/Controller.o
                0x0000000008006098                Controller::goToZeroPosition()
 .text._ZN10Controller12manageMotorsEv
                0x0000000008006216      0x15c app/Controller.o
                0x0000000008006216                Controller::manageMotors()
 .text._ZN10Controller13bestClockwiseEii
                0x0000000008006372      0x118 app/Controller.o
                0x0000000008006372                Controller::bestClockwise(int, int)
 .text._ZN10Controller21bestClockwiseGoToZeroEii
                0x000000000800648a       0x88 app/Controller.o
                0x000000000800648a                Controller::bestClockwiseGoToZero(int, int)
 .text._ZN10Controller17incrementPositionEbii
                0x0000000008006512      0x158 app/Controller.o
                0x0000000008006512                Controller::incrementPosition(bool, int, int)
 .text._ZN10Controller13SPI_readFrameEv
                0x000000000800666a       0x66 app/Controller.o
                0x000000000800666a                Controller::SPI_readFrame()
 .text._ZN10Controller13SPI_dataFrameEv
                0x00000000080066d0       0x40 app/Controller.o
                0x00000000080066d0                Controller::SPI_dataFrame()
 .text._ZN10Controller22SPI_configurationFrameEv
                0x0000000008006710       0x40 app/Controller.o
                0x0000000008006710                Controller::SPI_configurationFrame()
 .text._ZN10Controller31SPI_broadcastConfigurationFrameEv
                0x0000000008006750       0x20 app/Controller.o
                0x0000000008006750                Controller::SPI_broadcastConfigurationFrame()
 .text._ZN10Controller26SPI_resetPositionZeroFrameEv
                0x0000000008006770       0xa0 app/Controller.o
                0x0000000008006770                Controller::SPI_resetPositionZeroFrame()
 .text._ZN10Controller17SPI_readDataBytesEv
                0x0000000008006810       0xb8 app/Controller.o
                0x0000000008006810                Controller::SPI_readDataBytes()
 .text._ZN10Controller21SPI_writeDataRegisterEhh
                0x00000000080068c8      0x2c0 app/Controller.o
                0x00000000080068c8                Controller::SPI_writeDataRegister(unsigned char, unsigned char)
 .text._ZN10Controller23SPI_writeDataRegister_0Ehh
                0x0000000008006b88      0x130 app/Controller.o
                0x0000000008006b88                Controller::SPI_writeDataRegister_0(unsigned char, unsigned char)
 .text._ZN10Controller23SPI_writeDataRegister_1Ehh
                0x0000000008006cb8      0x130 app/Controller.o
                0x0000000008006cb8                Controller::SPI_writeDataRegister_1(unsigned char, unsigned char)
 .text._ZN10Controller23SPI_writeDataRegister_2Ehh
                0x0000000008006de8       0x20 app/Controller.o
                0x0000000008006de8                Controller::SPI_writeDataRegister_2(unsigned char, unsigned char)
 .text._ZN10Controller19SPI_readConfigBytesEv
                0x0000000008006e08      0x13c app/Controller.o
                0x0000000008006e08                Controller::SPI_readConfigBytes()
 .text._ZN10Controller14CAN_writeFrameEv
                0x0000000008006f44      0x164 app/Controller.o
                0x0000000008006f44                Controller::CAN_writeFrame()
 .text._ZN10Controller13CAN_readFrameEv
                0x00000000080070a8       0x70 app/Controller.o
                0x00000000080070a8                Controller::CAN_readFrame()
 .text._ZN10Controller13CAN_dataFrameEv
                0x0000000008007118       0x3c app/Controller.o
                0x0000000008007118                Controller::CAN_dataFrame()
 .text._ZN10Controller22CAN_configurationFrameEv
                0x0000000008007154       0x3c app/Controller.o
                0x0000000008007154                Controller::CAN_configurationFrame()
 .text._ZN10Controller31CAN_broadcastConfigurationFrameEv
                0x0000000008007190       0x18 app/Controller.o
                0x0000000008007190                Controller::CAN_broadcastConfigurationFrame()
 .text._ZN10Controller26CAN_resetPositionZeroFrameEv
                0x00000000080071a8       0x9c app/Controller.o
                0x00000000080071a8                Controller::CAN_resetPositionZeroFrame()
 .text._ZN10Controller17CAN_readDataBytesEv
                0x0000000008007244       0xb8 app/Controller.o
                0x0000000008007244                Controller::CAN_readDataBytes()
 .text._ZN10Controller21CAN_writeDataRegisterEhh
                0x00000000080072fc      0x2c0 app/Controller.o
                0x00000000080072fc                Controller::CAN_writeDataRegister(unsigned char, unsigned char)
 .text._ZN10Controller23CAN_writeDataRegister_0Ehh
                0x00000000080075bc      0x130 app/Controller.o
                0x00000000080075bc                Controller::CAN_writeDataRegister_0(unsigned char, unsigned char)
 .text._ZN10Controller23CAN_writeDataRegister_1Ehh
                0x00000000080076ec      0x130 app/Controller.o
                0x00000000080076ec                Controller::CAN_writeDataRegister_1(unsigned char, unsigned char)
 .text._ZN10Controller23CAN_writeDataRegister_2Ehh
                0x000000000800781c       0x20 app/Controller.o
                0x000000000800781c                Controller::CAN_writeDataRegister_2(unsigned char, unsigned char)
 .text._ZN10Controller19CAN_readConfigBytesEv
                0x000000000800783c      0x13c app/Controller.o
                0x000000000800783c                Controller::CAN_readConfigBytes()
 .text._ZN12WatchPointerC2Eh
                0x0000000008007978       0xa4 app/WatchPointer.o
                0x0000000008007978                WatchPointer::WatchPointer(unsigned char)
                0x0000000008007978                WatchPointer::WatchPointer(unsigned char)
 .text._ZN12WatchPointerD2Ev
                0x0000000008007a1c       0x24 app/WatchPointer.o
                0x0000000008007a1c                WatchPointer::~WatchPointer()
                0x0000000008007a1c                WatchPointer::~WatchPointer()
 .text._ZN12WatchPointerD0Ev
                0x0000000008007a40       0x28 app/WatchPointer.o
                0x0000000008007a40                WatchPointer::~WatchPointer()
 .text._ZN12WatchPointer8initGPIOEP12GPIO_TypeDeftS1_tS1_t
                0x0000000008007a68       0x6c app/WatchPointer.o
                0x0000000008007a68                WatchPointer::initGPIO(GPIO_TypeDef*, unsigned short, GPIO_TypeDef*, unsigned short, GPIO_TypeDef*, unsigned short)
 .text._ZN12WatchPointer9doOneStepEb
                0x0000000008007ad4       0x7e app/WatchPointer.o
                0x0000000008007ad4                WatchPointer::doOneStep(bool)
 .text._ZN12WatchPointer13generateEventEv
                0x0000000008007b52       0xe2 app/WatchPointer.o
                0x0000000008007b52                WatchPointer::generateEvent()
 .text._ZN12WatchPointer12processEventEv
                0x0000000008007c34      0x554 app/WatchPointer.o
                0x0000000008007c34                WatchPointer::processEvent()
 .text.Factory_initialize
                0x0000000008008188        0xe app/factory.o
                0x0000000008008188                Factory_initialize
 .text.Factory_build
                0x0000000008008196        0xe app/factory.o
                0x0000000008008196                Factory_build
 .text._ZN7Factory10initializeEv
                0x00000000080081a4       0x16 app/factory.o
                0x00000000080081a4                Factory::initialize()
 .text._ZN7Factory5buildEv
                0x00000000080081ba       0x16 app/factory.o
                0x00000000080081ba                Factory::build()
 .text._ZN7XFEventD2Ev
                0x00000000080081d0       0x1c event/evCanIrq.o
                0x00000000080081d0                XFEvent::~XFEvent()
                0x00000000080081d0                XFEvent::~XFEvent()
 .text._ZN7XFEventD0Ev
                0x00000000080081ec       0x24 event/evCanIrq.o
                0x00000000080081ec                XFEvent::~XFEvent()
 .text._ZNK7XFEvent18deleteAfterConsumeEv
                0x0000000008008210       0x12 event/evCanIrq.o
                0x0000000008008210                XFEvent::deleteAfterConsume() const
 .text._ZNK13XFCustomEvent18deleteAfterConsumeEv
                0x0000000008008222       0x14 event/evCanIrq.o
                0x0000000008008222                XFCustomEvent::deleteAfterConsume() const
 *fill*         0x0000000008008236        0x2 
 .text._ZN13XFCustomEventD2Ev
                0x0000000008008238       0x24 event/evCanIrq.o
                0x0000000008008238                XFCustomEvent::~XFCustomEvent()
                0x0000000008008238                XFCustomEvent::~XFCustomEvent()
 .text._ZN13XFCustomEventD0Ev
                0x000000000800825c       0x24 event/evCanIrq.o
                0x000000000800825c                XFCustomEvent::~XFCustomEvent()
 .text._ZN8evCanIrqC2Ev
                0x0000000008008280       0x28 event/evCanIrq.o
                0x0000000008008280                evCanIrq::evCanIrq()
                0x0000000008008280                evCanIrq::evCanIrq()
 .text._ZN8evCanIrqD2Ev
                0x00000000080082a8       0x24 event/evCanIrq.o
                0x00000000080082a8                evCanIrq::~evCanIrq()
                0x00000000080082a8                evCanIrq::~evCanIrq()
 .text._ZN8evCanIrqD0Ev
                0x00000000080082cc       0x24 event/evCanIrq.o
                0x00000000080082cc                evCanIrq::~evCanIrq()
 .text._ZN11evClockwiseC2Ev
                0x00000000080082f0       0x28 event/evClockwise.o
                0x00000000080082f0                evClockwise::evClockwise()
                0x00000000080082f0                evClockwise::evClockwise()
 .text._ZN11evClockwiseD2Ev
                0x0000000008008318       0x24 event/evClockwise.o
                0x0000000008008318                evClockwise::~evClockwise()
                0x0000000008008318                evClockwise::~evClockwise()
 .text._ZN11evClockwiseD0Ev
                0x000000000800833c       0x24 event/evClockwise.o
                0x000000000800833c                evClockwise::~evClockwise()
 .text._ZN18evCounterClockwiseC2Ev
                0x0000000008008360       0x28 event/evCounterClockwise.o
                0x0000000008008360                evCounterClockwise::evCounterClockwise()
                0x0000000008008360                evCounterClockwise::evCounterClockwise()
 .text._ZN18evCounterClockwiseD2Ev
                0x0000000008008388       0x24 event/evCounterClockwise.o
                0x0000000008008388                evCounterClockwise::~evCounterClockwise()
                0x0000000008008388                evCounterClockwise::~evCounterClockwise()
 .text._ZN18evCounterClockwiseD0Ev
                0x00000000080083ac       0x24 event/evCounterClockwise.o
                0x00000000080083ac                evCounterClockwise::~evCounterClockwise()
 .text._ZN6evDoneC2Ev
                0x00000000080083d0       0x28 event/evDone.o
                0x00000000080083d0                evDone::evDone()
                0x00000000080083d0                evDone::evDone()
 .text._ZN6evDoneD2Ev
                0x00000000080083f8       0x24 event/evDone.o
                0x00000000080083f8                evDone::~evDone()
                0x00000000080083f8                evDone::~evDone()
 .text._ZN6evDoneD0Ev
                0x000000000800841c       0x24 event/evDone.o
                0x000000000800841c                evDone::~evDone()
 .text._ZN13evFlagTriggerC2Ev
                0x0000000008008440       0x28 event/evFlagTrigger.o
                0x0000000008008440                evFlagTrigger::evFlagTrigger()
                0x0000000008008440                evFlagTrigger::evFlagTrigger()
 .text._ZN13evFlagTriggerD2Ev
                0x0000000008008468       0x24 event/evFlagTrigger.o
                0x0000000008008468                evFlagTrigger::~evFlagTrigger()
                0x0000000008008468                evFlagTrigger::~evFlagTrigger()
 .text._ZN13evFlagTriggerD0Ev
                0x000000000800848c       0x24 event/evFlagTrigger.o
                0x000000000800848c                evFlagTrigger::~evFlagTrigger()
 .text._ZN10evGoToZeroC2Ev
                0x00000000080084b0       0x28 event/evGoToZero.o
                0x00000000080084b0                evGoToZero::evGoToZero()
                0x00000000080084b0                evGoToZero::evGoToZero()
 .text._ZN10evGoToZeroD2Ev
                0x00000000080084d8       0x24 event/evGoToZero.o
                0x00000000080084d8                evGoToZero::~evGoToZero()
                0x00000000080084d8                evGoToZero::~evGoToZero()
 .text._ZN10evGoToZeroD0Ev
                0x00000000080084fc       0x24 event/evGoToZero.o
                0x00000000080084fc                evGoToZero::~evGoToZero()
 .text._ZN8evSpiIrqC2Ev
                0x0000000008008520       0x28 event/evSpiIrq.o
                0x0000000008008520                evSpiIrq::evSpiIrq()
                0x0000000008008520                evSpiIrq::evSpiIrq()
 .text._ZN8evSpiIrqD2Ev
                0x0000000008008548       0x24 event/evSpiIrq.o
                0x0000000008008548                evSpiIrq::~evSpiIrq()
                0x0000000008008548                evSpiIrq::~evSpiIrq()
 .text._ZN8evSpiIrqD0Ev
                0x000000000800856c       0x24 event/evSpiIrq.o
                0x000000000800856c                evSpiIrq::~evSpiIrq()
 .text._Z5inISRv
                0x0000000008008590       0x14 mcu/critical/critical.o
                0x0000000008008590                inISR()
 .text._Z13enterCriticalv
                0x00000000080085a4       0x38 mcu/critical/critical.o
                0x00000000080085a4                enterCritical()
 .text._Z12exitCriticalv
                0x00000000080085dc       0x38 mcu/critical/critical.o
                0x00000000080085dc                exitCritical()
 .text._ZN7XFEvent11setBehaviorEPN9interface10XFReactiveE
                0x0000000008008614       0x18 xf/core/behavior.o
                0x0000000008008614                XFEvent::setBehavior(interface::XFReactive*)
 .text._ZNK13XFEventStatuseqERKNS_12eEventStatusE
                0x000000000800862c       0x22 xf/core/behavior.o
                0x000000000800862c                XFEventStatus::operator==(XFEventStatus::eEventStatus const&) const
 .text._ZNK10XFBehavior16hasOwnDispatcherEv
                0x000000000800864e       0x14 xf/core/behavior.o
                0x000000000800864e                XFBehavior::hasOwnDispatcher() const
 *fill*         0x0000000008008662        0x2 
 .text._ZN9interface10XFReactiveC2Ev
                0x0000000008008664       0x1c xf/core/behavior.o
                0x0000000008008664                interface::XFReactive::XFReactive()
                0x0000000008008664                interface::XFReactive::XFReactive()
 .text._ZN9interface10XFReactiveD2Ev
                0x0000000008008680       0x1c xf/core/behavior.o
                0x0000000008008680                interface::XFReactive::~XFReactive()
                0x0000000008008680                interface::XFReactive::~XFReactive()
 .text._ZN9interface10XFReactiveD0Ev
                0x000000000800869c       0x24 xf/core/behavior.o
                0x000000000800869c                interface::XFReactive::~XFReactive()
 .text._ZN10XFBehaviorC2Eb
                0x00000000080086c0       0xa0 xf/core/behavior.o
                0x00000000080086c0                XFBehavior::XFBehavior(bool)
                0x00000000080086c0                XFBehavior::XFBehavior(bool)
 .text._ZN10XFBehaviorD2Ev
                0x0000000008008760       0x24 xf/core/behavior.o
                0x0000000008008760                XFBehavior::~XFBehavior()
                0x0000000008008760                XFBehavior::~XFBehavior()
 .text._ZN10XFBehavior13startBehaviorEv
                0x0000000008008784       0x50 xf/core/behavior.o
                0x0000000008008784                XFBehavior::startBehavior()
 .text._ZN10XFBehavior9pushEventEP7XFEvent
                0x00000000080087d4       0x34 xf/core/behavior.o
                0x00000000080087d4                XFBehavior::pushEvent(XFEvent*)
 .text._ZNK10XFBehavior17deleteOnTerminateEv
                0x0000000008008808       0x14 xf/core/behavior.o
                0x0000000008008808                XFBehavior::deleteOnTerminate() const
 .text._ZN10XFBehavior20setDeleteOnTerminateEb
                0x000000000800881c       0x1e xf/core/behavior.o
                0x000000000800881c                XFBehavior::setDeleteOnTerminate(bool)
 .text._ZN10XFBehavior7processEPK7XFEvent
                0x000000000800883a       0x60 xf/core/behavior.o
                0x000000000800883a                XFBehavior::process(XFEvent const*)
 .text._ZN10XFBehavior13getDispatcherEv
                0x000000000800889a       0x14 xf/core/behavior.o
                0x000000000800889a                XFBehavior::getDispatcher()
 .text._ZN10XFBehavior15setCurrentEventEPK7XFEvent
                0x00000000080088ae       0x18 xf/core/behavior.o
                0x00000000080088ae                XFBehavior::setCurrentEvent(XFEvent const*)
 .text._ZNK10XFBehavior15getCurrentEventEv
                0x00000000080088c6       0x14 xf/core/behavior.o
                0x00000000080088c6                XFBehavior::getCurrentEvent() const
 *fill*         0x00000000080088da        0x2 
 .text._ZN10XFBehavior17getCurrentTimeoutEv
                0x00000000080088dc       0x48 xf/core/behavior.o
                0x00000000080088dc                XFBehavior::getCurrentTimeout()
 .text._ZN7XFEventC2ENS_11XFEventTypeEiPN9interface10XFReactiveE
                0x0000000008008924       0x3c xf/core/customevent.o
                0x0000000008008924                XFEvent::XFEvent(XFEvent::XFEventType, int, interface::XFReactive*)
                0x0000000008008924                XFEvent::XFEvent(XFEvent::XFEventType, int, interface::XFReactive*)
 .text._ZN13XFCustomEventC2EiPN9interface10XFReactiveE
                0x0000000008008960       0x34 xf/core/customevent.o
                0x0000000008008960                XFCustomEvent::XFCustomEvent(int, interface::XFReactive*)
                0x0000000008008960                XFCustomEvent::XFCustomEvent(int, interface::XFReactive*)
 .text._ZN14XFInitialEventC2Ev
                0x0000000008008994       0x28 xf/core/initialevent.o
                0x0000000008008994                XFInitialEvent::XFInitialEvent()
                0x0000000008008994                XFInitialEvent::XFInitialEvent()
 .text._ZNK14XFInitialEvent18deleteAfterConsumeEv
                0x00000000080089bc       0x12 xf/core/initialevent.o
                0x00000000080089bc                XFInitialEvent::deleteAfterConsume() const
 *fill*         0x00000000080089ce        0x2 
 .text._ZN14XFInitialEventD2Ev
                0x00000000080089d0       0x24 xf/core/initialevent.o
                0x00000000080089d0                XFInitialEvent::~XFInitialEvent()
                0x00000000080089d0                XFInitialEvent::~XFInitialEvent()
 .text._ZN14XFInitialEventD0Ev
                0x00000000080089f4       0x24 xf/core/initialevent.o
                0x00000000080089f4                XFInitialEvent::~XFInitialEvent()
 .text._ZN16XFNullTransitionC2EPN9interface10XFReactiveE
                0x0000000008008a18       0x2c xf/core/nulltransition.o
                0x0000000008008a18                XFNullTransition::XFNullTransition(interface::XFReactive*)
                0x0000000008008a18                XFNullTransition::XFNullTransition(interface::XFReactive*)
 .text._ZNK16XFNullTransition18deleteAfterConsumeEv
                0x0000000008008a44       0x12 xf/core/nulltransition.o
                0x0000000008008a44                XFNullTransition::deleteAfterConsume() const
 *fill*         0x0000000008008a56        0x2 
 .text._ZN16XFNullTransitionD2Ev
                0x0000000008008a58       0x24 xf/core/nulltransition.o
                0x0000000008008a58                XFNullTransition::~XFNullTransition()
                0x0000000008008a58                XFNullTransition::~XFNullTransition()
 .text._ZN16XFNullTransitionD0Ev
                0x0000000008008a7c       0x24 xf/core/nulltransition.o
                0x0000000008008a7c                XFNullTransition::~XFNullTransition()
 .text._ZN9XFTimeoutC2EiiPN9interface10XFReactiveE
                0x0000000008008aa0       0x3c xf/core/timeout.o
                0x0000000008008aa0                XFTimeout::XFTimeout(int, int, interface::XFReactive*)
                0x0000000008008aa0                XFTimeout::XFTimeout(int, int, interface::XFReactive*)
 .text._ZNK9XFTimeouteqERKS_
                0x0000000008008adc       0x3c xf/core/timeout.o
                0x0000000008008adc                XFTimeout::operator==(XFTimeout const&) const
 .text._ZNK9XFTimeout18deleteAfterConsumeEv
                0x0000000008008b18       0x12 xf/core/timeout.o
                0x0000000008008b18                XFTimeout::deleteAfterConsume() const
 *fill*         0x0000000008008b2a        0x2 
 .text._ZN9XFTimeoutD2Ev
                0x0000000008008b2c       0x24 xf/core/timeout.o
                0x0000000008008b2c                XFTimeout::~XFTimeout()
                0x0000000008008b2c                XFTimeout::~XFTimeout()
 .text._ZN9XFTimeoutD0Ev
                0x0000000008008b50       0x24 xf/core/timeout.o
                0x0000000008008b50                XFTimeout::~XFTimeout()
 .text._ZNK7XFEvent11getBehaviorEv
                0x0000000008008b74       0x14 xf/port/default/dispatcher-default.o
                0x0000000008008b74                XFEvent::getBehavior() const
 .text._ZNK9interface12XFDispatcher9getThreadEv
                0x0000000008008b88       0x12 xf/port/default/dispatcher-default.o
                0x0000000008008b88                interface::XFDispatcher::getThread() const
 .text._ZNK19XFDispatcherDefault8isActiveEv
                0x0000000008008b9a       0x12 xf/port/default/dispatcher-default.o
                0x0000000008008b9a                XFDispatcherDefault::isActive() const
 .text._ZN9interface12XFDispatcherC2Ev
                0x0000000008008bac       0x1c xf/port/default/dispatcher-default.o
                0x0000000008008bac                interface::XFDispatcher::XFDispatcher()
                0x0000000008008bac                interface::XFDispatcher::XFDispatcher()
 .text._ZN9interface12XFDispatcherD2Ev
                0x0000000008008bc8       0x1c xf/port/default/dispatcher-default.o
                0x0000000008008bc8                interface::XFDispatcher::~XFDispatcher()
                0x0000000008008bc8                interface::XFDispatcher::~XFDispatcher()
 .text._ZN9interface12XFDispatcherD0Ev
                0x0000000008008be4       0x24 xf/port/default/dispatcher-default.o
                0x0000000008008be4                interface::XFDispatcher::~XFDispatcher()
 .text._ZN19XFDispatcherDefaultC2Ev
                0x0000000008008c08       0x64 xf/port/default/dispatcher-default.o
                0x0000000008008c08                XFDispatcherDefault::XFDispatcherDefault()
                0x0000000008008c08                XFDispatcherDefault::XFDispatcherDefault()
 .text._ZN19XFDispatcherDefaultD2Ev
                0x0000000008008c6c       0x30 xf/port/default/dispatcher-default.o
                0x0000000008008c6c                XFDispatcherDefault::~XFDispatcherDefault()
                0x0000000008008c6c                XFDispatcherDefault::~XFDispatcherDefault()
 .text._ZN19XFDispatcherDefaultD0Ev
                0x0000000008008c9c       0x24 xf/port/default/dispatcher-default.o
                0x0000000008008c9c                XFDispatcherDefault::~XFDispatcherDefault()
 .text._ZN19XFDispatcherDefault5startEv
                0x0000000008008cc0       0x38 xf/port/default/dispatcher-default.o
                0x0000000008008cc0                XFDispatcherDefault::start()
 .text._ZN19XFDispatcherDefault4stopEv
                0x0000000008008cf8       0x16 xf/port/default/dispatcher-default.o
                0x0000000008008cf8                XFDispatcherDefault::stop()
 .text._ZN19XFDispatcherDefault9pushEventEP7XFEvent
                0x0000000008008d0e       0x44 xf/port/default/dispatcher-default.o
                0x0000000008008d0e                XFDispatcherDefault::pushEvent(XFEvent*)
 .text._ZN19XFDispatcherDefault15scheduleTimeoutEiiPN9interface10XFReactiveE
                0x0000000008008d52       0x28 xf/port/default/dispatcher-default.o
                0x0000000008008d52                XFDispatcherDefault::scheduleTimeout(int, int, interface::XFReactive*)
 .text._ZN19XFDispatcherDefault17unscheduleTimeoutEiPN9interface10XFReactiveE
                0x0000000008008d7a       0x24 xf/port/default/dispatcher-default.o
                0x0000000008008d7a                XFDispatcherDefault::unscheduleTimeout(int, interface::XFReactive*)
 .text._ZN19XFDispatcherDefault7executeEPKv
                0x0000000008008d9e       0x50 xf/port/default/dispatcher-default.o
                0x0000000008008d9e                XFDispatcherDefault::execute(void const*)
 .text._ZN19XFDispatcherDefault11executeOnceEv
                0x0000000008008dee       0xd2 xf/port/default/dispatcher-default.o
                0x0000000008008dee                XFDispatcherDefault::executeOnce()
 .text._ZNK19XFDispatcherDefault13dispatchEventEPK7XFEvent
                0x0000000008008ec0       0x70 xf/port/default/dispatcher-default.o
                0x0000000008008ec0                XFDispatcherDefault::dispatchEvent(XFEvent const*) const
 .text._ZN9interface17XFResourceFactoryD2Ev
                0x0000000008008f30       0x1c xf/port/default/resourcefactory-default.o
                0x0000000008008f30                interface::XFResourceFactory::~XFResourceFactory()
                0x0000000008008f30                interface::XFResourceFactory::~XFResourceFactory()
 .text._ZN9interface17XFResourceFactoryD0Ev
                0x0000000008008f4c       0x24 xf/port/default/resourcefactory-default.o
                0x0000000008008f4c                interface::XFResourceFactory::~XFResourceFactory()
 .text._ZN24XFResourceFactoryDefaultD2Ev
                0x0000000008008f70       0x30 xf/port/default/resourcefactory-default.o
                0x0000000008008f70                XFResourceFactoryDefault::~XFResourceFactoryDefault()
                0x0000000008008f70                XFResourceFactoryDefault::~XFResourceFactoryDefault()
 .text._ZN24XFResourceFactoryDefaultD0Ev
                0x0000000008008fa0       0x24 xf/port/default/resourcefactory-default.o
                0x0000000008008fa0                XFResourceFactoryDefault::~XFResourceFactoryDefault()
 .text._ZN9interface17XFResourceFactoryC2Ev
                0x0000000008008fc4       0x1c xf/port/default/resourcefactory-default.o
                0x0000000008008fc4                interface::XFResourceFactory::XFResourceFactory()
                0x0000000008008fc4                interface::XFResourceFactory::XFResourceFactory()
 .text._ZN24XFResourceFactoryDefaultC2Ev
                0x0000000008008fe0       0x30 xf/port/default/resourcefactory-default.o
                0x0000000008008fe0                XFResourceFactoryDefault::XFResourceFactoryDefault()
                0x0000000008008fe0                XFResourceFactoryDefault::XFResourceFactoryDefault()
 .text._ZN9interface17XFResourceFactory11getInstanceEv
                0x0000000008009010       0x10 xf/port/default/resourcefactory-default.o
                0x0000000008009010                interface::XFResourceFactory::getInstance()
 .text.__tcf_0  0x0000000008009020       0x14 xf/port/default/resourcefactory-default.o
 .text._ZN24XFResourceFactoryDefault11getInstanceEv
                0x0000000008009034       0x38 xf/port/default/resourcefactory-default.o
                0x0000000008009034                XFResourceFactoryDefault::getInstance()
 .text._ZN24XFResourceFactoryDefault20getDefaultDispatcherEv
                0x000000000800906c       0x14 xf/port/default/resourcefactory-default.o
                0x000000000800906c                XFResourceFactoryDefault::getDefaultDispatcher()
 .text._ZN24XFResourceFactoryDefault16createDispatcherEv
                0x0000000008009080       0x1e xf/port/default/resourcefactory-default.o
                0x0000000008009080                XFResourceFactoryDefault::createDispatcher()
 .text._ZN24XFResourceFactoryDefault12createThreadEPN9interface26XFThreadEntryPointProviderEMS1_FvPKvEPKcm
                0x000000000800909e       0x1a xf/port/default/resourcefactory-default.o
                0x000000000800909e                XFResourceFactoryDefault::createThread(interface::XFThreadEntryPointProvider*, void (interface::XFThreadEntryPointProvider::*)(void const*), char const*, unsigned long)
 .text.__tcf_1  0x00000000080090b8       0x14 xf/port/default/resourcefactory-default.o
 .text._ZN24XFResourceFactoryDefault11createMutexEv
                0x00000000080090cc       0x40 xf/port/default/resourcefactory-default.o
                0x00000000080090cc                XFResourceFactoryDefault::createMutex()
 .text._ZnwjPv  0x000000000800910c       0x14 xf/port/default/timeoutmanager-default.o
                0x000000000800910c                operator new(unsigned int, void*)
 .text._ZN9interface16XFTimeoutManager10initializeEl
                0x0000000008009120       0x18 xf/port/default/timeoutmanager-default.o
                0x0000000008009120                interface::XFTimeoutManager::initialize(long)
 .text._ZNK9interface16XFTimeoutManager15getTickIntervalEv
                0x0000000008009138       0x14 xf/port/default/timeoutmanager-default.o
                0x0000000008009138                interface::XFTimeoutManager::getTickInterval() const
 .text._ZN9interface16XFTimeoutManagerC2Ev
                0x000000000800914c       0x24 xf/port/default/timeoutmanager-default.o
                0x000000000800914c                interface::XFTimeoutManager::XFTimeoutManager()
                0x000000000800914c                interface::XFTimeoutManager::XFTimeoutManager()
 .text._ZNK9XFTimeout11getRelTicksEv
                0x0000000008009170       0x14 xf/port/default/timeoutmanager-default.o
                0x0000000008009170                XFTimeout::getRelTicks() const
 .text._ZN9XFTimeout21substractFromRelTicksEi
                0x0000000008009184       0x1e xf/port/default/timeoutmanager-default.o
                0x0000000008009184                XFTimeout::substractFromRelTicks(int)
 .text._ZN9XFTimeout13addToRelTicksEi
                0x00000000080091a2       0x1e xf/port/default/timeoutmanager-default.o
                0x00000000080091a2                XFTimeout::addToRelTicks(int)
 .text._ZN9interface16XFTimeoutManager11getInstanceEv
                0x00000000080091c0       0x10 xf/port/default/timeoutmanager-default.o
                0x00000000080091c0                interface::XFTimeoutManager::getInstance()
 .text.__tcf_0  0x00000000080091d0       0x14 xf/port/default/timeoutmanager-default.o
 .text._ZN23XFTimeoutManagerDefault11getInstanceEv
                0x00000000080091e4       0x38 xf/port/default/timeoutmanager-default.o
                0x00000000080091e4                XFTimeoutManagerDefault::getInstance()
 .text._ZN9interface16XFTimeoutManagerD2Ev
                0x000000000800921c       0x1c xf/port/default/timeoutmanager-default.o
                0x000000000800921c                interface::XFTimeoutManager::~XFTimeoutManager()
                0x000000000800921c                interface::XFTimeoutManager::~XFTimeoutManager()
 .text._ZN9interface16XFTimeoutManagerD0Ev
                0x0000000008009238       0x24 xf/port/default/timeoutmanager-default.o
                0x0000000008009238                interface::XFTimeoutManager::~XFTimeoutManager()
 .text._ZNSt7__cxx114listIP9XFTimeoutSaIS2_EED2Ev
                0x000000000800925c       0x1a xf/port/default/timeoutmanager-default.o
                0x000000000800925c                std::__cxx11::list<XFTimeout*, std::allocator<XFTimeout*> >::~list()
                0x000000000800925c                std::__cxx11::list<XFTimeout*, std::allocator<XFTimeout*> >::~list()
 *fill*         0x0000000008009276        0x2 
 .text._ZN23XFTimeoutManagerDefaultC2Ev
                0x0000000008009278       0x60 xf/port/default/timeoutmanager-default.o
                0x0000000008009278                XFTimeoutManagerDefault::XFTimeoutManagerDefault()
                0x0000000008009278                XFTimeoutManagerDefault::XFTimeoutManagerDefault()
 .text._ZN23XFTimeoutManagerDefaultD2Ev
                0x00000000080092d8       0x30 xf/port/default/timeoutmanager-default.o
                0x00000000080092d8                XFTimeoutManagerDefault::~XFTimeoutManagerDefault()
                0x00000000080092d8                XFTimeoutManagerDefault::~XFTimeoutManagerDefault()
 .text._ZN23XFTimeoutManagerDefaultD0Ev
                0x0000000008009308       0x24 xf/port/default/timeoutmanager-default.o
                0x0000000008009308                XFTimeoutManagerDefault::~XFTimeoutManagerDefault()
 .text._ZN23XFTimeoutManagerDefault5startEv
                0x000000000800932c       0x28 xf/port/default/timeoutmanager-default.o
                0x000000000800932c                XFTimeoutManagerDefault::start()
 .text._ZN23XFTimeoutManagerDefault15scheduleTimeoutEllPN9interface10XFReactiveE
                0x0000000008009354       0x44 xf/port/default/timeoutmanager-default.o
                0x0000000008009354                XFTimeoutManagerDefault::scheduleTimeout(long, long, interface::XFReactive*)
 .text._ZN23XFTimeoutManagerDefault17unscheduleTimeoutElPN9interface10XFReactiveE
                0x0000000008009398      0x138 xf/port/default/timeoutmanager-default.o
                0x0000000008009398                XFTimeoutManagerDefault::unscheduleTimeout(long, interface::XFReactive*)
 .text._ZN23XFTimeoutManagerDefault4tickEv
                0x00000000080094d0      0x1bc xf/port/default/timeoutmanager-default.o
                0x00000000080094d0                XFTimeoutManagerDefault::tick()
 .text._ZN23XFTimeoutManagerDefault10addTimeoutEP9XFTimeout
                0x000000000800968c      0x25a xf/port/default/timeoutmanager-default.o
                0x000000000800968c                XFTimeoutManagerDefault::addTimeout(XFTimeout*)
 .text._ZN23XFTimeoutManagerDefault13returnTimeoutEP9XFTimeout
                0x00000000080098e6       0x28 xf/port/default/timeoutmanager-default.o
                0x00000000080098e6                XFTimeoutManagerDefault::returnTimeout(XFTimeout*)
 .text._ZNSt7__cxx114listIP9XFTimeoutSaIS2_EEC2Ev
                0x000000000800990e       0x1a xf/port/default/timeoutmanager-default.o
                0x000000000800990e                std::__cxx11::list<XFTimeout*, std::allocator<XFTimeout*> >::list()
                0x000000000800990e                std::__cxx11::list<XFTimeout*, std::allocator<XFTimeout*> >::list()
 .text._ZNSt7__cxx1110_List_baseIP9XFTimeoutSaIS2_EE10_List_implD2Ev
                0x0000000008009928       0x1a xf/port/default/timeoutmanager-default.o
                0x0000000008009928                std::__cxx11::_List_base<XFTimeout*, std::allocator<XFTimeout*> >::_List_impl::~_List_impl()
                0x0000000008009928                std::__cxx11::_List_base<XFTimeout*, std::allocator<XFTimeout*> >::_List_impl::~_List_impl()
 .text._ZNSt7__cxx1110_List_baseIP9XFTimeoutSaIS2_EED2Ev
                0x0000000008009942       0x22 xf/port/default/timeoutmanager-default.o
                0x0000000008009942                std::__cxx11::_List_base<XFTimeout*, std::allocator<XFTimeout*> >::~_List_base()
                0x0000000008009942                std::__cxx11::_List_base<XFTimeout*, std::allocator<XFTimeout*> >::~_List_base()
 .text._ZNSt7__cxx114listIP9XFTimeoutSaIS2_EE5beginEv
                0x0000000008009964       0x22 xf/port/default/timeoutmanager-default.o
                0x0000000008009964                std::__cxx11::list<XFTimeout*, std::allocator<XFTimeout*> >::begin()
 .text._ZNSt7__cxx114listIP9XFTimeoutSaIS2_EE3endEv
                0x0000000008009986       0x20 xf/port/default/timeoutmanager-default.o
                0x0000000008009986                std::__cxx11::list<XFTimeout*, std::allocator<XFTimeout*> >::end()
 .text._ZNKSt14_List_iteratorIP9XFTimeoutEneERKS2_
                0x00000000080099a6       0x22 xf/port/default/timeoutmanager-default.o
                0x00000000080099a6                std::_List_iterator<XFTimeout*>::operator!=(std::_List_iterator<XFTimeout*> const&) const
 .text._ZNKSt14_List_iteratorIP9XFTimeoutEdeEv
                0x00000000080099c8       0x1c xf/port/default/timeoutmanager-default.o
                0x00000000080099c8                std::_List_iterator<XFTimeout*>::operator*() const
 .text._ZNSt14_List_iteratorIP9XFTimeoutEppEv
                0x00000000080099e4       0x1c xf/port/default/timeoutmanager-default.o
                0x00000000080099e4                std::_List_iterator<XFTimeout*>::operator++()
 .text._ZNSt20_List_const_iteratorIP9XFTimeoutEC2ERKSt14_List_iteratorIS1_E
                0x0000000008009a00       0x1c xf/port/default/timeoutmanager-default.o
                0x0000000008009a00                std::_List_const_iterator<XFTimeout*>::_List_const_iterator(std::_List_iterator<XFTimeout*> const&)
                0x0000000008009a00                std::_List_const_iterator<XFTimeout*>::_List_const_iterator(std::_List_iterator<XFTimeout*> const&)
 .text._ZNSt7__cxx114listIP9XFTimeoutSaIS2_EE5eraseESt20_List_const_iteratorIS2_E
                0x0000000008009a1c       0x38 xf/port/default/timeoutmanager-default.o
                0x0000000008009a1c                std::__cxx11::list<XFTimeout*, std::allocator<XFTimeout*> >::erase(std::_List_const_iterator<XFTimeout*>)
 .text._ZNSt14_List_iteratorIP9XFTimeoutEppEi
                0x0000000008009a54       0x24 xf/port/default/timeoutmanager-default.o
                0x0000000008009a54                std::_List_iterator<XFTimeout*>::operator++(int)
 .text._ZNKSt7__cxx114listIP9XFTimeoutSaIS2_EE5emptyEv
                0x0000000008009a78       0x1e xf/port/default/timeoutmanager-default.o
                0x0000000008009a78                std::__cxx11::list<XFTimeout*, std::allocator<XFTimeout*> >::empty() const
 .text._ZNSt7__cxx114listIP9XFTimeoutSaIS2_EE5frontEv
                0x0000000008009a96       0x28 xf/port/default/timeoutmanager-default.o
                0x0000000008009a96                std::__cxx11::list<XFTimeout*, std::allocator<XFTimeout*> >::front()
 .text._ZNKSt7__cxx114listIP9XFTimeoutSaIS2_EE4sizeEv
                0x0000000008009abe       0x1a xf/port/default/timeoutmanager-default.o
                0x0000000008009abe                std::__cxx11::list<XFTimeout*, std::allocator<XFTimeout*> >::size() const
 .text._ZNSt7__cxx114listIP9XFTimeoutSaIS2_EE9pop_frontEv
                0x0000000008009ad8       0x24 xf/port/default/timeoutmanager-default.o
                0x0000000008009ad8                std::__cxx11::list<XFTimeout*, std::allocator<XFTimeout*> >::pop_front()
 .text._ZNSt7__cxx114listIP9XFTimeoutSaIS2_EE6insertESt20_List_const_iteratorIS2_ERKS2_
                0x0000000008009afc       0x54 xf/port/default/timeoutmanager-default.o
                0x0000000008009afc                std::__cxx11::list<XFTimeout*, std::allocator<XFTimeout*> >::insert(std::_List_const_iterator<XFTimeout*>, XFTimeout* const&)
 .text._ZNSt7__cxx114listIP9XFTimeoutSaIS2_EE10push_frontERKS2_
                0x0000000008009b50       0x26 xf/port/default/timeoutmanager-default.o
                0x0000000008009b50                std::__cxx11::list<XFTimeout*, std::allocator<XFTimeout*> >::push_front(XFTimeout* const&)
 .text._ZNSt7__cxx1110_List_baseIP9XFTimeoutSaIS2_EEC2Ev
                0x0000000008009b76       0x22 xf/port/default/timeoutmanager-default.o
                0x0000000008009b76                std::__cxx11::_List_base<XFTimeout*, std::allocator<XFTimeout*> >::_List_base()
                0x0000000008009b76                std::__cxx11::_List_base<XFTimeout*, std::allocator<XFTimeout*> >::_List_base()
 .text._ZNSaISt10_List_nodeIP9XFTimeoutEED2Ev
                0x0000000008009b98       0x1a xf/port/default/timeoutmanager-default.o
                0x0000000008009b98                std::allocator<std::_List_node<XFTimeout*> >::~allocator()
                0x0000000008009b98                std::allocator<std::_List_node<XFTimeout*> >::~allocator()
 .text._ZNSt7__cxx1110_List_baseIP9XFTimeoutSaIS2_EE8_M_clearEv
                0x0000000008009bb2       0x56 xf/port/default/timeoutmanager-default.o
                0x0000000008009bb2                std::__cxx11::_List_base<XFTimeout*, std::allocator<XFTimeout*> >::_M_clear()
 .text._ZNSt14_List_iteratorIP9XFTimeoutEC2EPNSt8__detail15_List_node_baseE
                0x0000000008009c08       0x1a xf/port/default/timeoutmanager-default.o
                0x0000000008009c08                std::_List_iterator<XFTimeout*>::_List_iterator(std::__detail::_List_node_base*)
                0x0000000008009c08                std::_List_iterator<XFTimeout*>::_List_iterator(std::__detail::_List_node_base*)
 .text._ZNSt10_List_nodeIP9XFTimeoutE9_M_valptrEv
                0x0000000008009c22       0x1c xf/port/default/timeoutmanager-default.o
                0x0000000008009c22                std::_List_node<XFTimeout*>::_M_valptr()
 .text._ZNSt7__cxx114listIP9XFTimeoutSaIS2_EE8_M_eraseESt14_List_iteratorIS2_E
                0x0000000008009c3e       0x50 xf/port/default/timeoutmanager-default.o
                0x0000000008009c3e                std::__cxx11::list<XFTimeout*, std::allocator<XFTimeout*> >::_M_erase(std::_List_iterator<XFTimeout*>)
 .text._ZNKSt20_List_const_iteratorIP9XFTimeoutE13_M_const_castEv
                0x0000000008009c8e       0x22 xf/port/default/timeoutmanager-default.o
                0x0000000008009c8e                std::_List_const_iterator<XFTimeout*>::_M_const_cast() const
 .text._ZNKSt7__cxx1110_List_baseIP9XFTimeoutSaIS2_EE13_M_node_countEv
                0x0000000008009cb0       0x1c xf/port/default/timeoutmanager-default.o
                0x0000000008009cb0                std::__cxx11::_List_base<XFTimeout*, std::allocator<XFTimeout*> >::_M_node_count() const
 .text._ZSt7forwardIRKP9XFTimeoutEOT_RNSt16remove_referenceIS4_E4typeE
                0x0000000008009ccc       0x12 xf/port/default/timeoutmanager-default.o
                0x0000000008009ccc                XFTimeout* const& std::forward<XFTimeout* const&>(std::remove_reference<XFTimeout* const&>::type&)
 .text._ZNSt7__cxx114listIP9XFTimeoutSaIS2_EE14_M_create_nodeIJRKS2_EEEPSt10_List_nodeIS2_EDpOT_
                0x0000000008009cde       0x6c xf/port/default/timeoutmanager-default.o
                0x0000000008009cde                std::_List_node<XFTimeout*>* std::__cxx11::list<XFTimeout*, std::allocator<XFTimeout*> >::_M_create_node<XFTimeout* const&>(XFTimeout* const&)
 .text._ZNSt7__cxx1110_List_baseIP9XFTimeoutSaIS2_EE11_M_inc_sizeEj
                0x0000000008009d4a       0x24 xf/port/default/timeoutmanager-default.o
                0x0000000008009d4a                std::__cxx11::_List_base<XFTimeout*, std::allocator<XFTimeout*> >::_M_inc_size(unsigned int)
 .text._ZNSt7__cxx114listIP9XFTimeoutSaIS2_EE9_M_insertIJRKS2_EEEvSt14_List_iteratorIS2_EDpOT_
                0x0000000008009d6e       0x42 xf/port/default/timeoutmanager-default.o
                0x0000000008009d6e                void std::__cxx11::list<XFTimeout*, std::allocator<XFTimeout*> >::_M_insert<XFTimeout* const&>(std::_List_iterator<XFTimeout*>, XFTimeout* const&)
 .text._ZNSt7__cxx1110_List_baseIP9XFTimeoutSaIS2_EE10_List_implC2Ev
                0x0000000008009db0       0x28 xf/port/default/timeoutmanager-default.o
                0x0000000008009db0                std::__cxx11::_List_base<XFTimeout*, std::allocator<XFTimeout*> >::_List_impl::_List_impl()
                0x0000000008009db0                std::__cxx11::_List_base<XFTimeout*, std::allocator<XFTimeout*> >::_List_impl::_List_impl()
 .text._ZNSt7__cxx1110_List_baseIP9XFTimeoutSaIS2_EE7_M_initEv
                0x0000000008009dd8       0x26 xf/port/default/timeoutmanager-default.o
                0x0000000008009dd8                std::__cxx11::_List_base<XFTimeout*, std::allocator<XFTimeout*> >::_M_init()
 .text._ZN9__gnu_cxx13new_allocatorISt10_List_nodeIP9XFTimeoutEED2Ev
                0x0000000008009dfe       0x12 xf/port/default/timeoutmanager-default.o
                0x0000000008009dfe                __gnu_cxx::new_allocator<std::_List_node<XFTimeout*> >::~new_allocator()
                0x0000000008009dfe                __gnu_cxx::new_allocator<std::_List_node<XFTimeout*> >::~new_allocator()
 .text._ZNSt7__cxx1110_List_baseIP9XFTimeoutSaIS2_EE21_M_get_Node_allocatorEv
                0x0000000008009e10       0x12 xf/port/default/timeoutmanager-default.o
                0x0000000008009e10                std::__cxx11::_List_base<XFTimeout*, std::allocator<XFTimeout*> >::_M_get_Node_allocator()
 .text._ZNSt16allocator_traitsISaISt10_List_nodeIP9XFTimeoutEEE7destroyIS2_EEvRS4_PT_
                0x0000000008009e22       0x1e xf/port/default/timeoutmanager-default.o
                0x0000000008009e22                void std::allocator_traits<std::allocator<std::_List_node<XFTimeout*> > >::destroy<XFTimeout*>(std::allocator<std::_List_node<XFTimeout*> >&, XFTimeout**)
 .text._ZNSt7__cxx1110_List_baseIP9XFTimeoutSaIS2_EE11_M_put_nodeEPSt10_List_nodeIS2_E
                0x0000000008009e40       0x1e xf/port/default/timeoutmanager-default.o
                0x0000000008009e40                std::__cxx11::_List_base<XFTimeout*, std::allocator<XFTimeout*> >::_M_put_node(std::_List_node<XFTimeout*>*)
 .text._ZN9__gnu_cxx16__aligned_membufIP9XFTimeoutE6_M_ptrEv
                0x0000000008009e5e       0x1a xf/port/default/timeoutmanager-default.o
                0x0000000008009e5e                __gnu_cxx::__aligned_membuf<XFTimeout*>::_M_ptr()
 .text._ZNSt7__cxx1110_List_baseIP9XFTimeoutSaIS2_EE11_M_dec_sizeEj
                0x0000000008009e78       0x24 xf/port/default/timeoutmanager-default.o
                0x0000000008009e78                std::__cxx11::_List_base<XFTimeout*, std::allocator<XFTimeout*> >::_M_dec_size(unsigned int)
 .text._ZNKSt10_List_nodeIjE9_M_valptrEv
                0x0000000008009e9c       0x1c xf/port/default/timeoutmanager-default.o
                0x0000000008009e9c                std::_List_node<unsigned int>::_M_valptr() const
 .text._ZNSt7__cxx1110_List_baseIP9XFTimeoutSaIS2_EE11_M_get_nodeEv
                0x0000000008009eb8       0x1c xf/port/default/timeoutmanager-default.o
                0x0000000008009eb8                std::__cxx11::_List_base<XFTimeout*, std::allocator<XFTimeout*> >::_M_get_node()
 .text._ZNSt15__allocated_ptrISaISt10_List_nodeIP9XFTimeoutEEEC2ERS4_PS3_
                0x0000000008009ed4       0x2a xf/port/default/timeoutmanager-default.o
                0x0000000008009ed4                std::__allocated_ptr<std::allocator<std::_List_node<XFTimeout*> > >::__allocated_ptr(std::allocator<std::_List_node<XFTimeout*> >&, std::_List_node<XFTimeout*>*)
                0x0000000008009ed4                std::__allocated_ptr<std::allocator<std::_List_node<XFTimeout*> > >::__allocated_ptr(std::allocator<std::_List_node<XFTimeout*> >&, std::_List_node<XFTimeout*>*)
 .text._ZNSt15__allocated_ptrISaISt10_List_nodeIP9XFTimeoutEEED2Ev
                0x0000000008009efe       0x2a xf/port/default/timeoutmanager-default.o
                0x0000000008009efe                std::__allocated_ptr<std::allocator<std::_List_node<XFTimeout*> > >::~__allocated_ptr()
                0x0000000008009efe                std::__allocated_ptr<std::allocator<std::_List_node<XFTimeout*> > >::~__allocated_ptr()
 .text._ZNSt16allocator_traitsISaISt10_List_nodeIP9XFTimeoutEEE9constructIS2_JRKS2_EEEvRS4_PT_DpOT0_
                0x0000000008009f28       0x28 xf/port/default/timeoutmanager-default.o
                0x0000000008009f28                void std::allocator_traits<std::allocator<std::_List_node<XFTimeout*> > >::construct<XFTimeout*, XFTimeout* const&>(std::allocator<std::_List_node<XFTimeout*> >&, XFTimeout**, XFTimeout* const&)
 .text._ZNSt15__allocated_ptrISaISt10_List_nodeIP9XFTimeoutEEEaSEDn
                0x0000000008009f50       0x1a xf/port/default/timeoutmanager-default.o
                0x0000000008009f50                std::__allocated_ptr<std::allocator<std::_List_node<XFTimeout*> > >::operator=(decltype(nullptr))
 .text._ZNSt10_List_nodeIjE9_M_valptrEv
                0x0000000008009f6a       0x1c xf/port/default/timeoutmanager-default.o
                0x0000000008009f6a                std::_List_node<unsigned int>::_M_valptr()
 .text._ZNSaISt10_List_nodeIP9XFTimeoutEEC2Ev
                0x0000000008009f86       0x1a xf/port/default/timeoutmanager-default.o
                0x0000000008009f86                std::allocator<std::_List_node<XFTimeout*> >::allocator()
                0x0000000008009f86                std::allocator<std::_List_node<XFTimeout*> >::allocator()
 .text._ZNSt7__cxx1110_List_baseIP9XFTimeoutSaIS2_EE11_M_set_sizeEj
                0x0000000008009fa0       0x20 xf/port/default/timeoutmanager-default.o
                0x0000000008009fa0                std::__cxx11::_List_base<XFTimeout*, std::allocator<XFTimeout*> >::_M_set_size(unsigned int)
 .text._ZN9__gnu_cxx13new_allocatorISt10_List_nodeIP9XFTimeoutEE7destroyIS3_EEvPT_
                0x0000000008009fc0       0x12 xf/port/default/timeoutmanager-default.o
                0x0000000008009fc0                void __gnu_cxx::new_allocator<std::_List_node<XFTimeout*> >::destroy<XFTimeout*>(XFTimeout**)
 .text._ZNSt16allocator_traitsISaISt10_List_nodeIP9XFTimeoutEEE10deallocateERS4_PS3_j
                0x0000000008009fd2       0x20 xf/port/default/timeoutmanager-default.o
                0x0000000008009fd2                std::allocator_traits<std::allocator<std::_List_node<XFTimeout*> > >::deallocate(std::allocator<std::_List_node<XFTimeout*> >&, std::_List_node<XFTimeout*>*, unsigned int)
 .text._ZN9__gnu_cxx16__aligned_membufIP9XFTimeoutE7_M_addrEv
                0x0000000008009ff2       0x12 xf/port/default/timeoutmanager-default.o
                0x0000000008009ff2                __gnu_cxx::__aligned_membuf<XFTimeout*>::_M_addr()
 .text._ZNK9__gnu_cxx16__aligned_membufIjE6_M_ptrEv
                0x000000000800a004       0x1a xf/port/default/timeoutmanager-default.o
                0x000000000800a004                __gnu_cxx::__aligned_membuf<unsigned int>::_M_ptr() const
 .text._ZNSt16allocator_traitsISaISt10_List_nodeIP9XFTimeoutEEE8allocateERS4_j
                0x000000000800a01e       0x20 xf/port/default/timeoutmanager-default.o
                0x000000000800a01e                std::allocator_traits<std::allocator<std::_List_node<XFTimeout*> > >::allocate(std::allocator<std::_List_node<XFTimeout*> >&, unsigned int)
 .text._ZSt11__addressofISaISt10_List_nodeIP9XFTimeoutEEEPT_RS5_
                0x000000000800a03e       0x12 xf/port/default/timeoutmanager-default.o
                0x000000000800a03e                std::allocator<std::_List_node<XFTimeout*> >* std::__addressof<std::allocator<std::_List_node<XFTimeout*> > >(std::allocator<std::_List_node<XFTimeout*> >&)
 .text._ZN9__gnu_cxx13new_allocatorISt10_List_nodeIP9XFTimeoutEE9constructIS3_JRKS3_EEEvPT_DpOT0_
                0x000000000800a050       0x30 xf/port/default/timeoutmanager-default.o
                0x000000000800a050                void __gnu_cxx::new_allocator<std::_List_node<XFTimeout*> >::construct<XFTimeout*, XFTimeout* const&>(XFTimeout**, XFTimeout* const&)
 .text._ZN9__gnu_cxx16__aligned_membufIjE6_M_ptrEv
                0x000000000800a080       0x1a xf/port/default/timeoutmanager-default.o
                0x000000000800a080                __gnu_cxx::__aligned_membuf<unsigned int>::_M_ptr()
 .text._ZN9__gnu_cxx13new_allocatorISt10_List_nodeIP9XFTimeoutEEC2Ev
                0x000000000800a09a       0x12 xf/port/default/timeoutmanager-default.o
                0x000000000800a09a                __gnu_cxx::new_allocator<std::_List_node<XFTimeout*> >::new_allocator()
                0x000000000800a09a                __gnu_cxx::new_allocator<std::_List_node<XFTimeout*> >::new_allocator()
 .text._ZN9__gnu_cxx13new_allocatorISt10_List_nodeIP9XFTimeoutEE10deallocateEPS4_j
                0x000000000800a0ac       0x1c xf/port/default/timeoutmanager-default.o
                0x000000000800a0ac                __gnu_cxx::new_allocator<std::_List_node<XFTimeout*> >::deallocate(std::_List_node<XFTimeout*>*, unsigned int)
 .text._ZNK9__gnu_cxx16__aligned_membufIjE7_M_addrEv
                0x000000000800a0c8       0x12 xf/port/default/timeoutmanager-default.o
                0x000000000800a0c8                __gnu_cxx::__aligned_membuf<unsigned int>::_M_addr() const
 .text._ZN9__gnu_cxx13new_allocatorISt10_List_nodeIP9XFTimeoutEE8allocateEjPKv
                0x000000000800a0da       0x42 xf/port/default/timeoutmanager-default.o
                0x000000000800a0da                __gnu_cxx::new_allocator<std::_List_node<XFTimeout*> >::allocate(unsigned int, void const*)
 .text._ZN9__gnu_cxx16__aligned_membufIjE7_M_addrEv
                0x000000000800a11c       0x12 xf/port/default/timeoutmanager-default.o
                0x000000000800a11c                __gnu_cxx::__aligned_membuf<unsigned int>::_M_addr()
 *fill*         0x000000000800a12e        0x2 
 .text._ZNK9__gnu_cxx13new_allocatorISt10_List_nodeIP9XFTimeoutEE8max_sizeEv
                0x000000000800a130       0x18 xf/port/default/timeoutmanager-default.o
                0x000000000800a130                __gnu_cxx::new_allocator<std::_List_node<XFTimeout*> >::max_size() const
 .text.XF_initialize
                0x000000000800a148       0x1c xf/port/default/xf-default.o
                0x000000000800a148                XF_initialize
 .text.XF_exec  0x000000000800a164        0xe xf/port/default/xf-default.o
                0x000000000800a164                XF_exec
 *fill*         0x000000000800a172        0x2 
 .text._ZN2XF10initializeEiiPPc
                0x000000000800a174       0x40 xf/port/default/xf-default.o
                0x000000000800a174                XF::initialize(int, int, char**)
 .text._ZN2XF4execEv
                0x000000000800a1b4       0x7a xf/port/default/xf-default.o
                0x000000000800a1b4                XF::exec()
 *fill*         0x000000000800a22e        0x2 
 .text._ZSt16__deque_buf_sizej
                0x000000000800a230       0x2c xf/port/default-idf/eventqueue-default.o
                0x000000000800a230                std::__deque_buf_size(unsigned int)
 .text._ZN9interface12XFEventQueueC2Ev
                0x000000000800a25c       0x1c xf/port/default-idf/eventqueue-default.o
                0x000000000800a25c                interface::XFEventQueue::XFEventQueue()
                0x000000000800a25c                interface::XFEventQueue::XFEventQueue()
 .text._ZN9interface12XFEventQueueD2Ev
                0x000000000800a278       0x1c xf/port/default-idf/eventqueue-default.o
                0x000000000800a278                interface::XFEventQueue::~XFEventQueue()
                0x000000000800a278                interface::XFEventQueue::~XFEventQueue()
 .text._ZN9interface12XFEventQueueD0Ev
                0x000000000800a294       0x24 xf/port/default-idf/eventqueue-default.o
                0x000000000800a294                interface::XFEventQueue::~XFEventQueue()
 .text._ZNSt5queueIPK7XFEventSt5dequeIS2_SaIS2_EEED2Ev
                0x000000000800a2b8       0x1a xf/port/default-idf/eventqueue-default.o
                0x000000000800a2b8                std::queue<XFEvent const*, std::deque<XFEvent const*, std::allocator<XFEvent const*> > >::~queue()
                0x000000000800a2b8                std::queue<XFEvent const*, std::deque<XFEvent const*, std::allocator<XFEvent const*> > >::~queue()
 *fill*         0x000000000800a2d2        0x2 
 .text._ZN19XFEventQueueDefaultC2Ev
                0x000000000800a2d4       0x38 xf/port/default-idf/eventqueue-default.o
                0x000000000800a2d4                XFEventQueueDefault::XFEventQueueDefault()
                0x000000000800a2d4                XFEventQueueDefault::XFEventQueueDefault()
 .text._ZN19XFEventQueueDefaultD2Ev
                0x000000000800a30c       0x38 xf/port/default-idf/eventqueue-default.o
                0x000000000800a30c                XFEventQueueDefault::~XFEventQueueDefault()
                0x000000000800a30c                XFEventQueueDefault::~XFEventQueueDefault()
 .text._ZN19XFEventQueueDefaultD0Ev
                0x000000000800a344       0x24 xf/port/default-idf/eventqueue-default.o
                0x000000000800a344                XFEventQueueDefault::~XFEventQueueDefault()
 .text._ZNK19XFEventQueueDefault5emptyEv
                0x000000000800a368       0x1c xf/port/default-idf/eventqueue-default.o
                0x000000000800a368                XFEventQueueDefault::empty() const
 .text._ZN19XFEventQueueDefault4pushEPK7XFEvent
                0x000000000800a384       0x36 xf/port/default-idf/eventqueue-default.o
                0x000000000800a384                XFEventQueueDefault::push(XFEvent const*)
 .text._ZN19XFEventQueueDefault5frontEv
                0x000000000800a3ba       0x36 xf/port/default-idf/eventqueue-default.o
                0x000000000800a3ba                XFEventQueueDefault::front()
 .text._ZN19XFEventQueueDefault3popEv
                0x000000000800a3f0       0x2e xf/port/default-idf/eventqueue-default.o
                0x000000000800a3f0                XFEventQueueDefault::pop()
 .text._ZN19XFEventQueueDefault4pendEv
                0x000000000800a41e       0x12 xf/port/default-idf/eventqueue-default.o
                0x000000000800a41e                XFEventQueueDefault::pend()
 .text._ZNSt5queueIPK7XFEventSt5dequeIS2_SaIS2_EEEC2IS5_vEEv
                0x000000000800a430       0x1a xf/port/default-idf/eventqueue-default.o
                0x000000000800a430                std::queue<XFEvent const*, std::deque<XFEvent const*, std::allocator<XFEvent const*> > >::queue<std::deque<XFEvent const*, std::allocator<XFEvent const*> >, void>()
                0x000000000800a430                std::queue<XFEvent const*, std::deque<XFEvent const*, std::allocator<XFEvent const*> > >::queue<std::deque<XFEvent const*, std::allocator<XFEvent const*> >, void>()
 .text._ZNSt5dequeIPK7XFEventSaIS2_EED2Ev
                0x000000000800a44a       0x4a xf/port/default-idf/eventqueue-default.o
                0x000000000800a44a                std::deque<XFEvent const*, std::allocator<XFEvent const*> >::~deque()
                0x000000000800a44a                std::deque<XFEvent const*, std::allocator<XFEvent const*> >::~deque()
 .text._ZNKSt5queueIPK7XFEventSt5dequeIS2_SaIS2_EEE5emptyEv
                0x000000000800a494       0x1a xf/port/default-idf/eventqueue-default.o