Archive member included to satisfy reference by file (symbol)

c:/st/stm32cubeide_1.3.0/stm32cubeide/plugins/com.st.stm32cube.ide.mcu.externaltools.gnu-tools-for-stm32.7-2018-q2-update.win32_1.0.0.201904181610/tools/bin/../lib/gcc/arm-none-eabi/7.3.1/../../../../arm-none-eabi/lib/thumb/v6-m\libstdc++_nano.a(pure.o)
                              xf/core/behavior.o (__cxa_pure_virtual)
c:/st/stm32cubeide_1.3.0/stm32cubeide/plugins/com.st.stm32cube.ide.mcu.externaltools.gnu-tools-for-stm32.7-2018-q2-update.win32_1.0.0.201904181610/tools/bin/../lib/gcc/arm-none-eabi/7.3.1/../../../../arm-none-eabi/lib/thumb/v6-m\libstdc++_nano.a(del_ops.o)
                              app/Clock.o (operator delete(void*, unsigned int))
c:/st/stm32cubeide_1.3.0/stm32cubeide/plugins/com.st.stm32cube.ide.mcu.externaltools.gnu-tools-for-stm32.7-2018-q2-update.win32_1.0.0.201904181610/tools/bin/../lib/gcc/arm-none-eabi/7.3.1/../../../../arm-none-eabi/lib/thumb/v6-m\libstdc++_nano.a(new_op.o)
                              app/Clock.o (operator new(unsigned int))
c:/st/stm32cubeide_1.3.0/stm32cubeide/plugins/com.st.stm32cube.ide.mcu.externaltools.gnu-tools-for-stm32.7-2018-q2-update.win32_1.0.0.201904181610/tools/bin/../lib/gcc/arm-none-eabi/7.3.1/../../../../arm-none-eabi/lib/thumb/v6-m\libstdc++_nano.a(new_handler.o)
                              c:/st/stm32cubeide_1.3.0/stm32cubeide/plugins/com.st.stm32cube.ide.mcu.externaltools.gnu-tools-for-stm32.7-2018-q2-update.win32_1.0.0.201904181610/tools/bin/../lib/gcc/arm-none-eabi/7.3.1/../../../../arm-none-eabi/lib/thumb/v6-m\libstdc++_nano.a(new_op.o) (std::get_new_handler())
c:/st/stm32cubeide_1.3.0/stm32cubeide/plugins/com.st.stm32cube.ide.mcu.externaltools.gnu-tools-for-stm32.7-2018-q2-update.win32_1.0.0.201904181610/tools/bin/../lib/gcc/arm-none-eabi/7.3.1/../../../../arm-none-eabi/lib/thumb/v6-m\libstdc++_nano.a(del_op.o)
                              xf/port/default/timeoutmanager-default.o (operator delete(void*))
c:/st/stm32cubeide_1.3.0/stm32cubeide/plugins/com.st.stm32cube.ide.mcu.externaltools.gnu-tools-for-stm32.7-2018-q2-update.win32_1.0.0.201904181610/tools/bin/../lib/gcc/arm-none-eabi/7.3.1/../../../../arm-none-eabi/lib/thumb/v6-m\libstdc++_nano.a(eh_terminate.o)
                              c:/st/stm32cubeide_1.3.0/stm32cubeide/plugins/com.st.stm32cube.ide.mcu.externaltools.gnu-tools-for-stm32.7-2018-q2-update.win32_1.0.0.201904181610/tools/bin/../lib/gcc/arm-none-eabi/7.3.1/../../../../arm-none-eabi/lib/thumb/v6-m\libstdc++_nano.a(pure.o) (std::terminate())
c:/st/stm32cubeide_1.3.0/stm32cubeide/plugins/com.st.stm32cube.ide.mcu.externaltools.gnu-tools-for-stm32.7-2018-q2-update.win32_1.0.0.201904181610/tools/bin/../lib/gcc/arm-none-eabi/7.3.1/../../../../arm-none-eabi/lib/thumb/v6-m\libstdc++_nano.a(list.o)
                              xf/port/default/timeoutmanager-default.o (std::__detail::_List_node_base::_M_hook(std::__detail::_List_node_base*))
c:/st/stm32cubeide_1.3.0/stm32cubeide/plugins/com.st.stm32cube.ide.mcu.externaltools.gnu-tools-for-stm32.7-2018-q2-update.win32_1.0.0.201904181610/tools/bin/../lib/gcc/arm-none-eabi/7.3.1/../../../../arm-none-eabi/lib/thumb/v6-m\libstdc++_nano.a(functexcept.o)
                              xf/port/default/timeoutmanager-default.o (std::__throw_bad_alloc())
c:/st/stm32cubeide_1.3.0/stm32cubeide/plugins/com.st.stm32cube.ide.mcu.externaltools.gnu-tools-for-stm32.7-2018-q2-update.win32_1.0.0.201904181610/tools/bin/../lib/gcc/arm-none-eabi/7.3.1/../../../../arm-none-eabi/lib/thumb/v6-m\libstdc++_nano.a(eh_unex_handler.o)
                              c:/st/stm32cubeide_1.3.0/stm32cubeide/plugins/com.st.stm32cube.ide.mcu.externaltools.gnu-tools-for-stm32.7-2018-q2-update.win32_1.0.0.201904181610/tools/bin/../lib/gcc/arm-none-eabi/7.3.1/../../../../arm-none-eabi/lib/thumb/v6-m\libstdc++_nano.a(eh_terminate.o) (__cxxabiv1::__unexpected_handler)
c:/st/stm32cubeide_1.3.0/stm32cubeide/plugins/com.st.stm32cube.ide.mcu.externaltools.gnu-tools-for-stm32.7-2018-q2-update.win32_1.0.0.201904181610/tools/bin/../lib/gcc/arm-none-eabi/7.3.1/../../../../arm-none-eabi/lib/thumb/v6-m\libstdc++_nano.a(eh_term_handler.o)
                              c:/st/stm32cubeide_1.3.0/stm32cubeide/plugins/com.st.stm32cube.ide.mcu.externaltools.gnu-tools-for-stm32.7-2018-q2-update.win32_1.0.0.201904181610/tools/bin/../lib/gcc/arm-none-eabi/7.3.1/../../../../arm-none-eabi/lib/thumb/v6-m\libstdc++_nano.a(eh_terminate.o) (__cxxabiv1::__terminate_handler)
c:/st/stm32cubeide_1.3.0/stm32cubeide/plugins/com.st.stm32cube.ide.mcu.externaltools.gnu-tools-for-stm32.7-2018-q2-update.win32_1.0.0.201904181610/tools/bin/../lib/gcc/arm-none-eabi/7.3.1/../../../../arm-none-eabi/lib/thumb/v6-m\libstdc++_nano.a(snprintf_lite.o)
[...]
Memory Configuration

Name             Origin             Length             Attributes
RAM              0x0000000020000000 0x0000000000004000 xrw
FLASH            0x0000000008000000 0x0000000000010000 xr
*default*        0x0000000000000000 0xffffffffffffffff

Linker script and memory map

LOAD c:/st/stm32cubeide_1.3.0/stm32cubeide/plugins/com.st.stm32cube.ide.mcu.externaltools.gnu-tools-for-stm32.7-2018-q2-update.win32_1.0.0.201904181610/tools/bin/../lib/gcc/arm-none-eabi/7.3.1/thumb/v6-m/crti.o
LOAD c:/st/stm32cubeide_1.3.0/stm32cubeide/plugins/com.st.stm32cube.ide.mcu.externaltools.gnu-tools-for-stm32.7-2018-q2-update.win32_1.0.0.201904181610/tools/bin/../lib/gcc/arm-none-eabi/7.3.1/thumb/v6-m/crtbegin.o
LOAD c:/st/stm32cubeide_1.3.0/stm32cubeide/plugins/com.st.stm32cube.ide.mcu.externaltools.gnu-tools-for-stm32.7-2018-q2-update.win32_1.0.0.201904181610/tools/bin/../lib/gcc/arm-none-eabi/7.3.1/../../../../arm-none-eabi/lib/thumb/v6-m/crt0.o
LOAD Core/Src/isrs.o
LOAD Core/Src/main.o
LOAD Core/Src/stm32f0xx_hal_msp.o
LOAD Core/Src/stm32f0xx_it.o
LOAD Core/Src/syscalls.o
LOAD Core/Src/sysmem.o
LOAD Core/Src/system_stm32f0xx.o
LOAD Core/Startup/startup_stm32f072v8tx.o
LOAD Drivers/STM32F0xx_HAL_Driver/Src/stm32f0xx_hal.o
LOAD Drivers/STM32F0xx_HAL_Driver/Src/stm32f0xx_hal_can.o
LOAD Drivers/STM32F0xx_HAL_Driver/Src/stm32f0xx_hal_cortex.o
LOAD Drivers/STM32F0xx_HAL_Driver/Src/stm32f0xx_hal_dma.o
LOAD Drivers/STM32F0xx_HAL_Driver/Src/stm32f0xx_hal_exti.o
LOAD Drivers/STM32F0xx_HAL_Driver/Src/stm32f0xx_hal_flash.o
LOAD Drivers/STM32F0xx_HAL_Driver/Src/stm32f0xx_hal_flash_ex.o
LOAD Drivers/STM32F0xx_HAL_Driver/Src/stm32f0xx_hal_gpio.o
LOAD Drivers/STM32F0xx_HAL_Driver/Src/stm32f0xx_hal_i2c.o
LOAD Drivers/STM32F0xx_HAL_Driver/Src/stm32f0xx_hal_i2c_ex.o
LOAD Drivers/STM32F0xx_HAL_Driver/Src/stm32f0xx_hal_pwr.o
LOAD Drivers/STM32F0xx_HAL_Driver/Src/stm32f0xx_hal_pwr_ex.o
LOAD Drivers/STM32F0xx_HAL_Driver/Src/stm32f0xx_hal_rcc.o
LOAD Drivers/STM32F0xx_HAL_Driver/Src/stm32f0xx_hal_rcc_ex.o
LOAD Drivers/STM32F0xx_HAL_Driver/Src/stm32f0xx_hal_spi.o
LOAD Drivers/STM32F0xx_HAL_Driver/Src/stm32f0xx_hal_spi_ex.o
LOAD Drivers/STM32F0xx_HAL_Driver/Src/stm32f0xx_hal_tim.o
LOAD Drivers/STM32F0xx_HAL_Driver/Src/stm32f0xx_hal_tim_ex.o
LOAD Drivers/STM32F0xx_HAL_Driver/Src/stm32f0xx_hal_uart.o
LOAD Drivers/STM32F0xx_HAL_Driver/Src/stm32f0xx_hal_uart_ex.o
LOAD app/Clock.o
LOAD app/Controller.o
LOAD app/WatchPointer.o
LOAD app/factory.o
LOAD event/evCanIrq.o
LOAD event/evClockwise.o
LOAD event/evCounterClockwise.o
LOAD event/evFlagTrigger.o
LOAD event/evSpiIrq.o
LOAD event/evTimeTrigger.o
LOAD mcu/critical/critical.o
LOAD xf/core/behavior.o
LOAD xf/core/customevent.o
LOAD xf/core/initialevent.o
LOAD xf/core/nulltransition.o
LOAD xf/core/timeout.o
LOAD xf/port/active-qt/resourcefactory.o
LOAD xf/port/default/dispatcher-active.o
LOAD xf/port/default/dispatcher-default.o
LOAD xf/port/default/resourcefactory-default.o
LOAD xf/port/default/timeoutmanager-default.o
LOAD xf/port/default/xf-default.o
LOAD xf/port/default-cmsis-os/mutex-default.o
LOAD xf/port/default-cmsis-os/thread-default.o
LOAD xf/port/default-idf/eventqueue-default.o
LOAD xf/port/default-idf/mutex-default.o
LOAD xf/port/default-qt/mutex-default.o
LOAD xf/port/default-qt/thread-default.o
LOAD xf/port/idf-qt/eventqueue.o
LOAD xf/port/idf-qt/port-functions.o
LOAD xf/port/idf-qt/resourcefactory.o
LOAD xf/port/idf-qt/xf.o
LOAD xf/port/idf-stm32cube/port-functions.o
LOAD xf/port/stm32cube-cmsis-freertos/eventqueue.o
LOAD xf/port/stm32cube-cmsis-freertos/resourcefactory.o
LOAD xf/port/stm32cube-cmsis-freertos/timeoutmanager.o
LOAD xf/port/stm32cube-cmsis-freertos/xf.o
START GROUP
LOAD c:/st/stm32cubeide_1.3.0/stm32cubeide/plugins/com.st.stm32cube.ide.mcu.externaltools.gnu-tools-for-stm32.7-2018-q2-update.win32_1.0.0.201904181610/tools/bin/../lib/gcc/arm-none-eabi/7.3.1/../../../../arm-none-eabi/lib/thumb/v6-m\libstdc++_nano.a
LOAD c:/st/stm32cubeide_1.3.0/stm32cubeide/plugins/com.st.stm32cube.ide.mcu.externaltools.gnu-tools-for-stm32.7-2018-q2-update.win32_1.0.0.201904181610/tools/bin/../lib/gcc/arm-none-eabi/7.3.1/../../../../arm-none-eabi/lib/thumb/v6-m\libsupc++_nano.a
END GROUP
LOAD c:/st/stm32cubeide_1.3.0/stm32cubeide/plugins/com.st.stm32cube.ide.mcu.externaltools.gnu-tools-for-stm32.7-2018-q2-update.win32_1.0.0.201904181610/tools/bin/../lib/gcc/arm-none-eabi/7.3.1/../../../../arm-none-eabi/lib/thumb/v6-m\libstdc++_nano.a
LOAD c:/st/stm32cubeide_1.3.0/stm32cubeide/plugins/com.st.stm32cube.ide.mcu.externaltools.gnu-tools-for-stm32.7-2018-q2-update.win32_1.0.0.201904181610/tools/bin/../lib/gcc/arm-none-eabi/7.3.1/../../../../arm-none-eabi/lib/thumb/v6-m\libm.a
LOAD c:/st/stm32cubeide_1.3.0/stm32cubeide/plugins/com.st.stm32cube.ide.mcu.externaltools.gnu-tools-for-stm32.7-2018-q2-update.win32_1.0.0.201904181610/tools/bin/../lib/gcc/arm-none-eabi/7.3.1/../../../../arm-none-eabi/lib/thumb/v6-m\libc_nano.a
START GROUP
LOAD c:/st/stm32cubeide_1.3.0/stm32cubeide/plugins/com.st.stm32cube.ide.mcu.externaltools.gnu-tools-for-stm32.7-2018-q2-update.win32_1.0.0.201904181610/tools/bin/../lib/gcc/arm-none-eabi/7.3.1/thumb/v6-m\libgcc.a
LOAD c:/st/stm32cubeide_1.3.0/stm32cubeide/plugins/com.st.stm32cube.ide.mcu.externaltools.gnu-tools-for-stm32.7-2018-q2-update.win32_1.0.0.201904181610/tools/bin/../lib/gcc/arm-none-eabi/7.3.1/../../../../arm-none-eabi/lib/thumb/v6-m\libc_nano.a
END GROUP
START GROUP
LOAD c:/st/stm32cubeide_1.3.0/stm32cubeide/plugins/com.st.stm32cube.ide.mcu.externaltools.gnu-tools-for-stm32.7-2018-q2-update.win32_1.0.0.201904181610/tools/bin/../lib/gcc/arm-none-eabi/7.3.1/thumb/v6-m\libgcc.a
LOAD c:/st/stm32cubeide_1.3.0/stm32cubeide/plugins/com.st.stm32cube.ide.mcu.externaltools.gnu-tools-for-stm32.7-2018-q2-update.win32_1.0.0.201904181610/tools/bin/../lib/gcc/arm-none-eabi/7.3.1/../../../../arm-none-eabi/lib/thumb/v6-m\libc_nano.a
END GROUP
LOAD c:/st/stm32cubeide_1.3.0/stm32cubeide/plugins/com.st.stm32cube.ide.mcu.externaltools.gnu-tools-for-stm32.7-2018-q2-update.win32_1.0.0.201904181610/tools/bin/../lib/gcc/arm-none-eabi/7.3.1/thumb/v6-m/crtend.o
LOAD c:/st/stm32cubeide_1.3.0/stm32cubeide/plugins/com.st.stm32cube.ide.mcu.externaltools.gnu-tools-for-stm32.7-2018-q2-update.win32_1.0.0.201904181610/tools/bin/../lib/gcc/arm-none-eabi/7.3.1/thumb/v6-m/crtn.o
                0x0000000020004000                _estack = (ORIGIN (RAM) + LENGTH (RAM))
                0x0000000000001000                _Min_Heap_Size = 0x1000
                0x0000000000001000                _Min_Stack_Size = 0x1000

.isr_vector     0x0000000008000000       0xc0
                0x0000000008000000                . = ALIGN (0x4)
 *(.isr_vector)
 .isr_vector    0x0000000008000000       0xc0 Core/Startup/startup_stm32f072v8tx.o
                0x0000000008000000                g_pfnVectors
                0x00000000080000c0                . = ALIGN (0x4)

.text           0x00000000080000c0     0xa3a4
                0x00000000080000c0                . = ALIGN (0x4)
 *(.text)
 .text          0x00000000080000c0       0x48 c:/st/stm32cubeide_1.3.0/stm32cubeide/plugins/com.st.stm32cube.ide.mcu.externaltools.gnu-tools-for-stm32.7-2018-q2-update.win32_1.0.0.201904181610/tools/bin/../lib/gcc/arm-none-eabi/7.3.1/thumb/v6-m/crtbegin.o
 .text          0x0000000008000108      0x114 c:/st/stm32cubeide_1.3.0/stm32cubeide/plugins/com.st.stm32cube.ide.mcu.externaltools.gnu-tools-for-stm32.7-2018-q2-update.win32_1.0.0.201904181610/tools/bin/../lib/gcc/arm-none-eabi/7.3.1/thumb/v6-m\libgcc.a(_udivsi3.o)
                0x0000000008000108                __aeabi_uidiv
                0x0000000008000108                __udivsi3
                0x0000000008000214                __aeabi_uidivmod
 .text          0x000000000800021c        0x4 c:/st/stm32cubeide_1.3.0/stm32cubeide/plugins/com.st.stm32cube.ide.mcu.externaltools.gnu-tools-for-stm32.7-2018-q2-update.win32_1.0.0.201904181610/tools/bin/../lib/gcc/arm-none-eabi/7.3.1/thumb/v6-m\libgcc.a(_dvmd_tls.o)
                0x000000000800021c                __aeabi_idiv0
                0x000000000800021c                __aeabi_ldiv0
 *(.text*)
 .text.HAL_SPI_RxCpltCallback
                0x0000000008000220       0x2c Core/Src/isrs.o
                0x0000000008000220                HAL_SPI_RxCpltCallback
 .text.main     0x000000000800024c       0x38 Core/Src/main.o
                0x000000000800024c                main
 .text.SystemClock_Config
                0x0000000008000284       0xbe Core/Src/main.o
                0x0000000008000284                SystemClock_Config
 *fill*         0x0000000008000342        0x2 
 .text.MX_CAN_Init
                0x0000000008000344       0x6c Core/Src/main.o
 .text.MX_SPI1_Init
                0x00000000080003b0       0x74 Core/Src/main.o
 .text.MX_TIM1_Init
                0x0000000008000424      0x160 Core/Src/main.o
 .text.MX_USART1_UART_Init
                0x0000000008000584       0x60 Core/Src/main.o
 .text.MX_DMA_Init
                0x00000000080005e4       0x3c Core/Src/main.o
 .text.MX_GPIO_Init
                0x0000000008000620      0x264 Core/Src/main.o
 .text.Error_Handler
                0x0000000008000884        0xa Core/Src/main.o
                0x0000000008000884                Error_Handler
 *fill*         0x000000000800088e        0x2 
 .text.HAL_MspInit
                0x0000000008000890       0x48 Core/Src/stm32f0xx_hal_msp.o
                0x0000000008000890                HAL_MspInit
 .text.HAL_CAN_MspInit
                0x00000000080008d8       0xac Core/Src/stm32f0xx_hal_msp.o
                0x00000000080008d8                HAL_CAN_MspInit
 .text.HAL_SPI_MspInit
                0x0000000008000984       0xfc Core/Src/stm32f0xx_hal_msp.o
                0x0000000008000984                HAL_SPI_MspInit
 .text.HAL_TIM_Base_MspInit
                0x0000000008000a80       0x40 Core/Src/stm32f0xx_hal_msp.o
                0x0000000008000a80                HAL_TIM_Base_MspInit
 .text.HAL_UART_MspInit
                0x0000000008000ac0       0x9c Core/Src/stm32f0xx_hal_msp.o
                0x0000000008000ac0                HAL_UART_MspInit
 .text.NMI_Handler
                0x0000000008000b5c        0xa Core/Src/stm32f0xx_it.o
                0x0000000008000b5c                NMI_Handler
 .text.HardFault_Handler
                0x0000000008000b66        0x6 Core/Src/stm32f0xx_it.o
                0x0000000008000b66                HardFault_Handler
 .text.SVC_Handler
                0x0000000008000b6c        0xa Core/Src/stm32f0xx_it.o
                0x0000000008000b6c                SVC_Handler
 .text.PendSV_Handler
                0x0000000008000b76        0xa Core/Src/stm32f0xx_it.o
                0x0000000008000b76                PendSV_Handler
 .text.SysTick_Handler
                0x0000000008000b80       0x26 Core/Src/stm32f0xx_it.o
                0x0000000008000b80                SysTick_Handler
 *fill*         0x0000000008000ba6        0x2 
 .text.DMA1_Channel2_3_IRQHandler
                0x0000000008000ba8       0x18 Core/Src/stm32f0xx_it.o
                0x0000000008000ba8                DMA1_Channel2_3_IRQHandler
 .text.SPI1_IRQHandler
                0x0000000008000bc0       0x18 Core/Src/stm32f0xx_it.o
                0x0000000008000bc0                SPI1_IRQHandler
 .text.CEC_CAN_IRQHandler
                0x0000000008000bd8       0x18 Core/Src/stm32f0xx_it.o
                0x0000000008000bd8                CEC_CAN_IRQHandler
 .text._getpid  0x0000000008000bf0        0xc Core/Src/syscalls.o
                0x0000000008000bf0                _getpid
 .text._kill    0x0000000008000bfc       0x20 Core/Src/syscalls.o
                0x0000000008000bfc                _kill
 .text._exit    0x0000000008000c1c       0x18 Core/Src/syscalls.o
                0x0000000008000c1c                _exit
 .text._read    0x0000000008000c34       0x3a Core/Src/syscalls.o
                0x0000000008000c34                _read
 .text._write   0x0000000008000c6e       0x38 Core/Src/syscalls.o
                0x0000000008000c6e                _write
 .text._close   0x0000000008000ca6       0x14 Core/Src/syscalls.o
                0x0000000008000ca6                _close
 .text._fstat   0x0000000008000cba       0x1c Core/Src/syscalls.o
                0x0000000008000cba                _fstat
 .text._isatty  0x0000000008000cd6       0x12 Core/Src/syscalls.o
                0x0000000008000cd6                _isatty
 .text._lseek   0x0000000008000ce8       0x16 Core/Src/syscalls.o
                0x0000000008000ce8                _lseek
 *fill*         0x0000000008000cfe        0x2 
 .text._sbrk    0x0000000008000d00       0x58 Core/Src/sysmem.o
                0x0000000008000d00                _sbrk
 .text.SystemInit
                0x0000000008000d58        0xa Core/Src/system_stm32f0xx.o
                0x0000000008000d58                SystemInit
 *fill*         0x0000000008000d62        0x2 
 .text.Reset_Handler
                0x0000000008000d64       0x50 Core/Startup/startup_stm32f072v8tx.o
                0x0000000008000d64                Reset_Handler
 .text.Default_Handler
                0x0000000008000db4        0x2 Core/Startup/startup_stm32f072v8tx.o
                0x0000000008000db4                TIM1_CC_IRQHandler
                0x0000000008000db4                TSC_IRQHandler
                0x0000000008000db4                ADC1_COMP_IRQHandler
                0x0000000008000db4                I2C1_IRQHandler
                0x0000000008000db4                RCC_CRS_IRQHandler
                0x0000000008000db4                TIM6_DAC_IRQHandler
                0x0000000008000db4                USART3_4_IRQHandler
                0x0000000008000db4                EXTI2_3_IRQHandler
                0x0000000008000db4                I2C2_IRQHandler
                0x0000000008000db4                TIM17_IRQHandler
                0x0000000008000db4                RTC_IRQHandler
                0x0000000008000db4                PVD_VDDIO2_IRQHandler
                0x0000000008000db4                DMA1_Channel4_5_6_7_IRQHandler
                0x0000000008000db4                TIM16_IRQHandler
                0x0000000008000db4                TIM3_IRQHandler
                0x0000000008000db4                EXTI4_15_IRQHandler
                0x0000000008000db4                DMA1_Channel1_IRQHandler
                0x0000000008000db4                Default_Handler
                0x0000000008000db4                TIM14_IRQHandler
                0x0000000008000db4                TIM7_IRQHandler
                0x0000000008000db4                TIM15_IRQHandler
                0x0000000008000db4                EXTI0_1_IRQHandler
                0x0000000008000db4                USB_IRQHandler
                0x0000000008000db4                SPI2_IRQHandler
                0x0000000008000db4                WWDG_IRQHandler
                0x0000000008000db4                TIM2_IRQHandler
                0x0000000008000db4                USART2_IRQHandler
                0x0000000008000db4                FLASH_IRQHandler
                0x0000000008000db4                USART1_IRQHandler
                0x0000000008000db4                TIM1_BRK_UP_TRG_COM_IRQHandler
 *fill*         0x0000000008000db6        0x2 
 .text.HAL_Init
                0x0000000008000db8       0x28 Drivers/STM32F0xx_HAL_Driver/Src/stm32f0xx_hal.o
                0x0000000008000db8                HAL_Init
 .text.HAL_InitTick
                0x0000000008000de0       0x68 Drivers/STM32F0xx_HAL_Driver/Src/stm32f0xx_hal.o
                0x0000000008000de0                HAL_InitTick
 .text.HAL_GetTick
                0x0000000008000e48       0x14 Drivers/STM32F0xx_HAL_Driver/Src/stm32f0xx_hal.o
                0x0000000008000e48                HAL_GetTick
 .text.HAL_CAN_Init
                0x0000000008000e5c      0x1fc Drivers/STM32F0xx_HAL_Driver/Src/stm32f0xx_hal_can.o
                0x0000000008000e5c                HAL_CAN_Init
 .text.HAL_CAN_IRQHandler
                0x0000000008001058      0x362 Drivers/STM32F0xx_HAL_Driver/Src/stm32f0xx_hal_can.o
                0x0000000008001058                HAL_CAN_IRQHandler
 .text.HAL_CAN_TxMailbox0CompleteCallback
                0x00000000080013ba       0x10 Drivers/STM32F0xx_HAL_Driver/Src/stm32f0xx_hal_can.o
                0x00000000080013ba                HAL_CAN_TxMailbox0CompleteCallback
 .text.HAL_CAN_TxMailbox1CompleteCallback
                0x00000000080013ca       0x10 Drivers/STM32F0xx_HAL_Driver/Src/stm32f0xx_hal_can.o
                0x00000000080013ca                HAL_CAN_TxMailbox1CompleteCallback
 .text.HAL_CAN_TxMailbox2CompleteCallback
                0x00000000080013da       0x10 Drivers/STM32F0xx_HAL_Driver/Src/stm32f0xx_hal_can.o
                0x00000000080013da                HAL_CAN_TxMailbox2CompleteCallback
 .text.HAL_CAN_TxMailbox0AbortCallback
                0x00000000080013ea       0x10 Drivers/STM32F0xx_HAL_Driver/Src/stm32f0xx_hal_can.o
                0x00000000080013ea                HAL_CAN_TxMailbox0AbortCallback
 .text.HAL_CAN_TxMailbox1AbortCallback
                0x00000000080013fa       0x10 Drivers/STM32F0xx_HAL_Driver/Src/stm32f0xx_hal_can.o
                0x00000000080013fa                HAL_CAN_TxMailbox1AbortCallback
 .text.HAL_CAN_TxMailbox2AbortCallback
                0x000000000800140a       0x10 Drivers/STM32F0xx_HAL_Driver/Src/stm32f0xx_hal_can.o
                0x000000000800140a                HAL_CAN_TxMailbox2AbortCallback
 .text.HAL_CAN_RxFifo0MsgPendingCallback
                0x000000000800141a       0x10 Drivers/STM32F0xx_HAL_Driver/Src/stm32f0xx_hal_can.o
                0x000000000800141a                HAL_CAN_RxFifo0MsgPendingCallback
 .text.HAL_CAN_RxFifo0FullCallback
                0x000000000800142a       0x10 Drivers/STM32F0xx_HAL_Driver/Src/stm32f0xx_hal_can.o
                0x000000000800142a                HAL_CAN_RxFifo0FullCallback
 .text.HAL_CAN_RxFifo1MsgPendingCallback
                0x000000000800143a       0x10 Drivers/STM32F0xx_HAL_Driver/Src/stm32f0xx_hal_can.o
                0x000000000800143a                HAL_CAN_RxFifo1MsgPendingCallback
 .text.HAL_CAN_RxFifo1FullCallback
                0x000000000800144a       0x10 Drivers/STM32F0xx_HAL_Driver/Src/stm32f0xx_hal_can.o
                0x000000000800144a                HAL_CAN_RxFifo1FullCallback
 .text.HAL_CAN_SleepCallback
                0x000000000800145a       0x10 Drivers/STM32F0xx_HAL_Driver/Src/stm32f0xx_hal_can.o
                0x000000000800145a                HAL_CAN_SleepCallback
 .text.HAL_CAN_WakeUpFromRxMsgCallback
                0x000000000800146a       0x10 Drivers/STM32F0xx_HAL_Driver/Src/stm32f0xx_hal_can.o
                0x000000000800146a                HAL_CAN_WakeUpFromRxMsgCallback
 .text.HAL_CAN_ErrorCallback
                0x000000000800147a       0x10 Drivers/STM32F0xx_HAL_Driver/Src/stm32f0xx_hal_can.o
                0x000000000800147a                HAL_CAN_ErrorCallback
 *fill*         0x000000000800148a        0x2 
 .text.__NVIC_EnableIRQ
                0x000000000800148c       0x34 Drivers/STM32F0xx_HAL_Driver/Src/stm32f0xx_hal_cortex.o
 .text.__NVIC_SetPriority
                0x00000000080014c0       0xdc Drivers/STM32F0xx_HAL_Driver/Src/stm32f0xx_hal_cortex.o
 .text.SysTick_Config
                0x000000000800159c       0x48 Drivers/STM32F0xx_HAL_Driver/Src/stm32f0xx_hal_cortex.o
 .text.HAL_NVIC_SetPriority
                0x00000000080015e4       0x2a Drivers/STM32F0xx_HAL_Driver/Src/stm32f0xx_hal_cortex.o
                0x00000000080015e4                HAL_NVIC_SetPriority
 .text.HAL_NVIC_EnableIRQ
                0x000000000800160e       0x20 Drivers/STM32F0xx_HAL_Driver/Src/stm32f0xx_hal_cortex.o
                0x000000000800160e                HAL_NVIC_EnableIRQ
 .text.HAL_SYSTICK_Config
                0x000000000800162e       0x1a Drivers/STM32F0xx_HAL_Driver/Src/stm32f0xx_hal_cortex.o
                0x000000000800162e                HAL_SYSTICK_Config
 .text.HAL_DMA_Init
                0x0000000008001648       0x90 Drivers/STM32F0xx_HAL_Driver/Src/stm32f0xx_hal_dma.o
                0x0000000008001648                HAL_DMA_Init
 .text.HAL_DMA_Start_IT
                0x00000000080016d8       0xcc Drivers/STM32F0xx_HAL_Driver/Src/stm32f0xx_hal_dma.o
                0x00000000080016d8                HAL_DMA_Start_IT
 .text.HAL_DMA_Abort_IT
                0x00000000080017a4       0x8c Drivers/STM32F0xx_HAL_Driver/Src/stm32f0xx_hal_dma.o
                0x00000000080017a4                HAL_DMA_Abort_IT
 .text.HAL_DMA_IRQHandler
                0x0000000008001830      0x144 Drivers/STM32F0xx_HAL_Driver/Src/stm32f0xx_hal_dma.o
                0x0000000008001830                HAL_DMA_IRQHandler
 .text.DMA_SetConfig
                0x0000000008001974       0x58 Drivers/STM32F0xx_HAL_Driver/Src/stm32f0xx_hal_dma.o
 .text.DMA_CalcBaseAndBitshift
                0x00000000080019cc       0x38 Drivers/STM32F0xx_HAL_Driver/Src/stm32f0xx_hal_dma.o
 .text.HAL_GPIO_Init
                0x0000000008001a04      0x2f0 Drivers/STM32F0xx_HAL_Driver/Src/stm32f0xx_hal_gpio.o
                0x0000000008001a04                HAL_GPIO_Init
 .text.HAL_GPIO_ReadPin
                0x0000000008001cf4       0x3a Drivers/STM32F0xx_HAL_Driver/Src/stm32f0xx_hal_gpio.o
                0x0000000008001cf4                HAL_GPIO_ReadPin
 .text.HAL_GPIO_WritePin
                0x0000000008001d2e       0x3a Drivers/STM32F0xx_HAL_Driver/Src/stm32f0xx_hal_gpio.o
                0x0000000008001d2e                HAL_GPIO_WritePin
 .text.HAL_GPIO_TogglePin
                0x0000000008001d68       0x36 Drivers/STM32F0xx_HAL_Driver/Src/stm32f0xx_hal_gpio.o
                0x0000000008001d68                HAL_GPIO_TogglePin
 *fill*         0x0000000008001d9e        0x2 
 .text.HAL_RCC_OscConfig
                0x0000000008001da0      0x70c Drivers/STM32F0xx_HAL_Driver/Src/stm32f0xx_hal_rcc.o
                0x0000000008001da0                HAL_RCC_OscConfig
 .text.HAL_RCC_ClockConfig
                0x00000000080024ac      0x1b4 Drivers/STM32F0xx_HAL_Driver/Src/stm32f0xx_hal_rcc.o
                0x00000000080024ac                HAL_RCC_ClockConfig
 .text.HAL_RCC_GetSysClockFreq
                0x0000000008002660      0x100 Drivers/STM32F0xx_HAL_Driver/Src/stm32f0xx_hal_rcc.o
                0x0000000008002660                HAL_RCC_GetSysClockFreq
 .text.HAL_RCC_GetHCLKFreq
                0x0000000008002760       0x14 Drivers/STM32F0xx_HAL_Driver/Src/stm32f0xx_hal_rcc.o
                0x0000000008002760                HAL_RCC_GetHCLKFreq
 .text.HAL_RCC_GetPCLK1Freq
                0x0000000008002774       0x2c Drivers/STM32F0xx_HAL_Driver/Src/stm32f0xx_hal_rcc.o
                0x0000000008002774                HAL_RCC_GetPCLK1Freq
 .text.HAL_RCCEx_PeriphCLKConfig
                0x00000000080027a0      0x200 Drivers/STM32F0xx_HAL_Driver/Src/stm32f0xx_hal_rcc_ex.o
                0x00000000080027a0                HAL_RCCEx_PeriphCLKConfig
 .text.HAL_SPI_Init
                0x00000000080029a0      0x134 Drivers/STM32F0xx_HAL_Driver/Src/stm32f0xx_hal_spi.o
                0x00000000080029a0                HAL_SPI_Init
 .text.HAL_SPI_Receive_DMA
                0x0000000008002ad4      0x26c Drivers/STM32F0xx_HAL_Driver/Src/stm32f0xx_hal_spi.o
                0x0000000008002ad4                HAL_SPI_Receive_DMA
 .text.HAL_SPI_TransmitReceive_DMA
                0x0000000008002d40      0x364 Drivers/STM32F0xx_HAL_Driver/Src/stm32f0xx_hal_spi.o
                0x0000000008002d40                HAL_SPI_TransmitReceive_DMA
 .text.HAL_SPI_IRQHandler
                0x00000000080030a4      0x1fc Drivers/STM32F0xx_HAL_Driver/Src/stm32f0xx_hal_spi.o
                0x00000000080030a4                HAL_SPI_IRQHandler
 .text.HAL_SPI_TxRxCpltCallback
                0x00000000080032a0       0x10 Drivers/STM32F0xx_HAL_Driver/Src/stm32f0xx_hal_spi.o
                0x00000000080032a0                HAL_SPI_TxRxCpltCallback
 .text.HAL_SPI_RxHalfCpltCallback
                0x00000000080032b0       0x10 Drivers/STM32F0xx_HAL_Driver/Src/stm32f0xx_hal_spi.o
                0x00000000080032b0                HAL_SPI_RxHalfCpltCallback
 .text.HAL_SPI_TxRxHalfCpltCallback
                0x00000000080032c0       0x10 Drivers/STM32F0xx_HAL_Driver/Src/stm32f0xx_hal_spi.o
                0x00000000080032c0                HAL_SPI_TxRxHalfCpltCallback
 .text.HAL_SPI_ErrorCallback
                0x00000000080032d0       0x10 Drivers/STM32F0xx_HAL_Driver/Src/stm32f0xx_hal_spi.o
                0x00000000080032d0                HAL_SPI_ErrorCallback
 .text.SPI_DMAReceiveCplt
                0x00000000080032e0       0x8a Drivers/STM32F0xx_HAL_Driver/Src/stm32f0xx_hal_spi.o
 .text.SPI_DMATransmitReceiveCplt
                0x000000000800336a       0x96 Drivers/STM32F0xx_HAL_Driver/Src/stm32f0xx_hal_spi.o
 .text.SPI_DMAHalfReceiveCplt
                0x0000000008003400       0x1e Drivers/STM32F0xx_HAL_Driver/Src/stm32f0xx_hal_spi.o
 .text.SPI_DMAHalfTransmitReceiveCplt
                0x000000000800341e       0x1e Drivers/STM32F0xx_HAL_Driver/Src/stm32f0xx_hal_spi.o
 .text.SPI_DMAError
                0x000000000800343c       0x42 Drivers/STM32F0xx_HAL_Driver/Src/stm32f0xx_hal_spi.o
 .text.SPI_DMAAbortOnError
                0x000000000800347e       0x2c Drivers/STM32F0xx_HAL_Driver/Src/stm32f0xx_hal_spi.o
 *fill*         0x00000000080034aa        0x2 
 .text.SPI_WaitFlagStateUntilTimeout
                0x00000000080034ac       0xe0 Drivers/STM32F0xx_HAL_Driver/Src/stm32f0xx_hal_spi.o
 .text.SPI_WaitFifoStateUntilTimeout
                0x000000000800358c       0xe8 Drivers/STM32F0xx_HAL_Driver/Src/stm32f0xx_hal_spi.o
 .text.SPI_EndRxTransaction
                0x0000000008003674       0xbc Drivers/STM32F0xx_HAL_Driver/Src/stm32f0xx_hal_spi.o
 .text.SPI_EndRxTxTransaction
                0x0000000008003730       0x8c Drivers/STM32F0xx_HAL_Driver/Src/stm32f0xx_hal_spi.o
 .text.HAL_TIM_Base_Init
                0x00000000080037bc       0x58 Drivers/STM32F0xx_HAL_Driver/Src/stm32f0xx_hal_tim.o
                0x00000000080037bc                HAL_TIM_Base_Init
 .text.HAL_TIM_OC_Init
                0x0000000008003814       0x58 Drivers/STM32F0xx_HAL_Driver/Src/stm32f0xx_hal_tim.o
                0x0000000008003814                HAL_TIM_OC_Init
 .text.HAL_TIM_OC_MspInit
                0x000000000800386c       0x10 Drivers/STM32F0xx_HAL_Driver/Src/stm32f0xx_hal_tim.o
                0x000000000800386c                HAL_TIM_OC_MspInit
 .text.HAL_TIM_OC_ConfigChannel
                0x000000000800387c       0x9c Drivers/STM32F0xx_HAL_Driver/Src/stm32f0xx_hal_tim.o
                0x000000000800387c                HAL_TIM_OC_ConfigChannel
 .text.HAL_TIM_ConfigClockSource
                0x0000000008003918      0x17c Drivers/STM32F0xx_HAL_Driver/Src/stm32f0xx_hal_tim.o
                0x0000000008003918                HAL_TIM_ConfigClockSource
 .text.TIM_Base_SetConfig
                0x0000000008003a94      0x100 Drivers/STM32F0xx_HAL_Driver/Src/stm32f0xx_hal_tim.o
                0x0000000008003a94                TIM_Base_SetConfig
 .text.TIM_OC1_SetConfig
                0x0000000008003b94      0x110 Drivers/STM32F0xx_HAL_Driver/Src/stm32f0xx_hal_tim.o
 .text.TIM_OC2_SetConfig
                0x0000000008003ca4      0x108 Drivers/STM32F0xx_HAL_Driver/Src/stm32f0xx_hal_tim.o
                0x0000000008003ca4                TIM_OC2_SetConfig
 .text.TIM_OC3_SetConfig
                0x0000000008003dac      0x10c Drivers/STM32F0xx_HAL_Driver/Src/stm32f0xx_hal_tim.o
 .text.TIM_OC4_SetConfig
                0x0000000008003eb8       0xd4 Drivers/STM32F0xx_HAL_Driver/Src/stm32f0xx_hal_tim.o
 .text.TIM_TI1_ConfigInputStage
                0x0000000008003f8c       0x5c Drivers/STM32F0xx_HAL_Driver/Src/stm32f0xx_hal_tim.o
 .text.TIM_TI2_ConfigInputStage
                0x0000000008003fe8       0x64 Drivers/STM32F0xx_HAL_Driver/Src/stm32f0xx_hal_tim.o
 .text.TIM_ITRx_SetConfig
                0x000000000800404c       0x32 Drivers/STM32F0xx_HAL_Driver/Src/stm32f0xx_hal_tim.o
 *fill*         0x000000000800407e        0x2 
 .text.TIM_ETR_SetConfig
                0x0000000008004080       0x40 Drivers/STM32F0xx_HAL_Driver/Src/stm32f0xx_hal_tim.o
                0x0000000008004080                TIM_ETR_SetConfig
 .text.HAL_TIMEx_MasterConfigSynchronization
                0x00000000080040c0       0xbc Drivers/STM32F0xx_HAL_Driver/Src/stm32f0xx_hal_tim_ex.o
                0x00000000080040c0                HAL_TIMEx_MasterConfigSynchronization
 .text.HAL_TIMEx_ConfigBreakDeadTime
                0x000000000800417c       0xbc Drivers/STM32F0xx_HAL_Driver/Src/stm32f0xx_hal_tim_ex.o
                0x000000000800417c                HAL_TIMEx_ConfigBreakDeadTime
 .text.HAL_UART_Init
                0x0000000008004238       0xa8 Drivers/STM32F0xx_HAL_Driver/Src/stm32f0xx_hal_uart.o
                0x0000000008004238                HAL_UART_Init
 .text.UART_SetConfig
                0x00000000080042e0      0x398 Drivers/STM32F0xx_HAL_Driver/Src/stm32f0xx_hal_uart.o
                0x00000000080042e0                UART_SetConfig
 .text.UART_AdvFeatureConfig
                0x0000000008004678      0x168 Drivers/STM32F0xx_HAL_Driver/Src/stm32f0xx_hal_uart.o
                0x0000000008004678                UART_AdvFeatureConfig
 .text.UART_CheckIdleState
                0x00000000080047e0       0x8c Drivers/STM32F0xx_HAL_Driver/Src/stm32f0xx_hal_uart.o
                0x00000000080047e0                UART_CheckIdleState
 .text.UART_WaitOnFlagUntilTimeout
                0x000000000800486c       0xfc Drivers/STM32F0xx_HAL_Driver/Src/stm32f0xx_hal_uart.o
                0x000000000800486c                UART_WaitOnFlagUntilTimeout
 .text._ZN5ClockC2Eb
                0x0000000008004968       0x88 app/Clock.o
                0x0000000008004968                Clock::Clock(bool)
                0x0000000008004968                Clock::Clock(bool)
 .text._ZN5ClockD2Ev
                0x00000000080049f0       0x1c app/Clock.o
                0x00000000080049f0                Clock::~Clock()
                0x00000000080049f0                Clock::~Clock()
 .text._ZN5ClockD0Ev
                0x0000000008004a0c       0x24 app/Clock.o
                0x0000000008004a0c                Clock::~Clock()
 .text._ZN5Clock15getWatchPointerEi
                0x0000000008004a30       0x1e app/Clock.o
                0x0000000008004a30                Clock::getWatchPointer(int)
 .text._ZNK7XFEvent12getEventTypeEv
                0x0000000008004a4e       0x16 app/Controller.o
                0x0000000008004a4e                XFEvent::getEventType() const
 .text._ZNK7XFEvent5getIdEv
                0x0000000008004a64       0x14 app/Controller.o
                0x0000000008004a64                XFEvent::getId() const
 .text._ZN13XFEventStatusC2ENS_12eEventStatusE
                0x0000000008004a78       0x20 app/Controller.o
                0x0000000008004a78                XFEventStatus::XFEventStatus(XFEventStatus::eEventStatus)
                0x0000000008004a78                XFEventStatus::XFEventStatus(XFEventStatus::eEventStatus)
 .text._ZN10XFBehavior15scheduleTimeoutEii
                0x0000000008004a98       0x2a app/Controller.o
                0x0000000008004a98                XFBehavior::scheduleTimeout(int, int)
 *fill*         0x0000000008004ac2        0x2 
 .text._ZN10ControllerC2Ev
                0x0000000008004ac4       0x40 app/Controller.o
                0x0000000008004ac4                Controller::Controller()
                0x0000000008004ac4                Controller::Controller()
 .text._ZN10ControllerD2Ev
                0x0000000008004b04       0x24 app/Controller.o
                0x0000000008004b04                Controller::~Controller()
                0x0000000008004b04                Controller::~Controller()
 .text._ZN10ControllerD0Ev
                0x0000000008004b28       0x24 app/Controller.o
                0x0000000008004b28                Controller::~Controller()
 .text.__tcf_0  0x0000000008004b4c       0x14 app/Controller.o
 .text._ZN10Controller11getInstanceEv
                0x0000000008004b60       0x38 app/Controller.o
                0x0000000008004b60                Controller::getInstance()
 .text._ZN10Controller11intitializeEv
                0x0000000008004b98       0x10 app/Controller.o
                0x0000000008004b98                Controller::intitialize()
 .text._ZN10Controller5startEv
                0x0000000008004ba8       0x1e app/Controller.o
                0x0000000008004ba8                Controller::start()
 .text._ZN10Controller8onIrqSPIEv
                0x0000000008004bc6       0x30 app/Controller.o
                0x0000000008004bc6                Controller::onIrqSPI()
 *fill*         0x0000000008004bf6        0x2 
 .text._ZN10Controller13readDIPSwitchEv
                0x0000000008004bf8       0xd0 app/Controller.o
                0x0000000008004bf8                Controller::readDIPSwitch()
 .text._ZN10Controller20initializeMotorsGPIOEv
                0x0000000008004cc8      0x3bc app/Controller.o
                0x0000000008004cc8                Controller::initializeMotorsGPIO()
 .text._ZN10Controller12processEventEv
                0x0000000008005084      0x4b4 app/Controller.o
                0x0000000008005084                Controller::processEvent()
 .text._ZN10Controller12readSPIFrameEv
                0x0000000008005538       0x80 app/Controller.o
                0x0000000008005538                Controller::readSPIFrame()
 .text._ZN10Controller9dataFrameEv
                0x00000000080055b8       0x56 app/Controller.o
                0x00000000080055b8                Controller::dataFrame()
 .text._ZN10Controller18configurationFrameEv
                0x000000000800560e       0x48 app/Controller.o
                0x000000000800560e                Controller::configurationFrame()
 .text._ZN10Controller27broadcastConfigurationFrameEv
                0x0000000008005656       0x2a app/Controller.o
                0x0000000008005656                Controller::broadcastConfigurationFrame()
 .text._ZN10Controller22resetPositionZeroFrameEv
                0x0000000008005680       0x6a app/Controller.o
                0x0000000008005680                Controller::resetPositionZeroFrame()
 *fill*         0x00000000080056ea        0x2 
 .text._ZN10Controller16readSPIDataBytesEii
                0x00000000080056ec      0x254 app/Controller.o
                0x00000000080056ec                Controller::readSPIDataBytes(int, int)
 .text._ZN10Controller18readSPIConfigBytesEi
                0x0000000008005940       0xbc app/Controller.o
                0x0000000008005940                Controller::readSPIConfigBytes(int)
 .text._ZN10Controller12readCANFrameEv
                0x00000000080059fc       0x10 app/Controller.o
                0x00000000080059fc                Controller::readCANFrame()
 .text._ZN12WatchPointerC2Ev
                0x0000000008005a0c       0x2c app/WatchPointer.o
                0x0000000008005a0c                WatchPointer::WatchPointer()
                0x0000000008005a0c                WatchPointer::WatchPointer()
 .text._ZN12WatchPointerD2Ev
                0x0000000008005a38       0x24 app/WatchPointer.o
                0x0000000008005a38                WatchPointer::~WatchPointer()
                0x0000000008005a38                WatchPointer::~WatchPointer()
 .text._ZN12WatchPointerD0Ev
                0x0000000008005a5c       0x24 app/WatchPointer.o
                0x0000000008005a5c                WatchPointer::~WatchPointer()
 .text._ZN12WatchPointer8initGPIOEP12GPIO_TypeDefttS1_ttS1_t
                0x0000000008005a80       0x6c app/WatchPointer.o
                0x0000000008005a80                WatchPointer::initGPIO(GPIO_TypeDef*, unsigned short, unsigned short, GPIO_TypeDef*, unsigned short, unsigned short, GPIO_TypeDef*, unsigned short)
 .text._ZN12WatchPointer9doOneStepEb
                0x0000000008005aec       0x60 app/WatchPointer.o
                0x0000000008005aec                WatchPointer::doOneStep(bool)
 .text._ZN12WatchPointer12processEventEv
                0x0000000008005b4c      0x85c app/WatchPointer.o
                0x0000000008005b4c                WatchPointer::processEvent()
 .text.Factory_initialize
                0x00000000080063a8        0xe app/factory.o
                0x00000000080063a8                Factory_initialize
 .text.Factory_build
                0x00000000080063b6        0xe app/factory.o
                0x00000000080063b6                Factory_build
 .text._ZN7Factory10initializeEv
                0x00000000080063c4       0x16 app/factory.o
                0x00000000080063c4                Factory::initialize()
 .text._ZN7Factory5buildEv
                0x00000000080063da       0x16 app/factory.o
                0x00000000080063da                Factory::build()
 .text._ZN7XFEventD2Ev
                0x00000000080063f0       0x1c event/evCanIrq.o
                0x00000000080063f0                XFEvent::~XFEvent()
                0x00000000080063f0                XFEvent::~XFEvent()
 .text._ZN7XFEventD0Ev
                0x000000000800640c       0x24 event/evCanIrq.o
                0x000000000800640c                XFEvent::~XFEvent()
 .text._ZNK7XFEvent18deleteAfterConsumeEv
                0x0000000008006430       0x12 event/evCanIrq.o
                0x0000000008006430                XFEvent::deleteAfterConsume() const
 .text._ZNK13XFCustomEvent18deleteAfterConsumeEv
                0x0000000008006442       0x14 event/evCanIrq.o
                0x0000000008006442                XFCustomEvent::deleteAfterConsume() const
 *fill*         0x0000000008006456        0x2 
 .text._ZN13XFCustomEventD2Ev
                0x0000000008006458       0x24 event/evCanIrq.o
                0x0000000008006458                XFCustomEvent::~XFCustomEvent()
                0x0000000008006458                XFCustomEvent::~XFCustomEvent()
 .text._ZN13XFCustomEventD0Ev
                0x000000000800647c       0x24 event/evCanIrq.o
                0x000000000800647c                XFCustomEvent::~XFCustomEvent()
 .text._ZN11evClockwiseC2Ev
                0x00000000080064a0       0x28 event/evClockwise.o
                0x00000000080064a0                evClockwise::evClockwise()
                0x00000000080064a0                evClockwise::evClockwise()
 .text._ZN11evClockwiseD2Ev
                0x00000000080064c8       0x24 event/evClockwise.o
                0x00000000080064c8                evClockwise::~evClockwise()
                0x00000000080064c8                evClockwise::~evClockwise()
 .text._ZN11evClockwiseD0Ev
                0x00000000080064ec       0x24 event/evClockwise.o
                0x00000000080064ec                evClockwise::~evClockwise()
 .text._ZN18evCounterClockwiseC2Ev
                0x0000000008006510       0x28 event/evCounterClockwise.o
                0x0000000008006510                evCounterClockwise::evCounterClockwise()
                0x0000000008006510                evCounterClockwise::evCounterClockwise()
 .text._ZN18evCounterClockwiseD2Ev
                0x0000000008006538       0x24 event/evCounterClockwise.o
                0x0000000008006538                evCounterClockwise::~evCounterClockwise()
                0x0000000008006538                evCounterClockwise::~evCounterClockwise()
 .text._ZN18evCounterClockwiseD0Ev
                0x000000000800655c       0x24 event/evCounterClockwise.o
                0x000000000800655c                evCounterClockwise::~evCounterClockwise()
 .text._ZN13evFlagTriggerC2Ev
                0x0000000008006580       0x28 event/evFlagTrigger.o
                0x0000000008006580                evFlagTrigger::evFlagTrigger()
                0x0000000008006580                evFlagTrigger::evFlagTrigger()
 .text._ZN13evFlagTriggerD2Ev
                0x00000000080065a8       0x24 event/evFlagTrigger.o
                0x00000000080065a8                evFlagTrigger::~evFlagTrigger()
                0x00000000080065a8                evFlagTrigger::~evFlagTrigger()
 .text._ZN13evFlagTriggerD0Ev
                0x00000000080065cc       0x24 event/evFlagTrigger.o
                0x00000000080065cc                evFlagTrigger::~evFlagTrigger()
 .text._ZN8evSpiIrqC2Ev
                0x00000000080065f0       0x28 event/evSpiIrq.o
                0x00000000080065f0                evSpiIrq::evSpiIrq()
                0x00000000080065f0                evSpiIrq::evSpiIrq()
 .text._ZN8evSpiIrqD2Ev
                0x0000000008006618       0x24 event/evSpiIrq.o
                0x0000000008006618                evSpiIrq::~evSpiIrq()
                0x0000000008006618                evSpiIrq::~evSpiIrq()
 .text._ZN8evSpiIrqD0Ev
                0x000000000800663c       0x24 event/evSpiIrq.o
                0x000000000800663c                evSpiIrq::~evSpiIrq()
 .text._Z5inISRv
                0x0000000008006660       0x14 mcu/critical/critical.o
                0x0000000008006660                inISR()
 .text._Z13enterCriticalv
                0x0000000008006674       0x38 mcu/critical/critical.o
                0x0000000008006674                enterCritical()
 .text._Z12exitCriticalv
                0x00000000080066ac       0x38 mcu/critical/critical.o
                0x00000000080066ac                exitCritical()
 .text._ZN7XFEvent11setBehaviorEPN9interface10XFReactiveE
                0x00000000080066e4       0x18 xf/core/behavior.o
                0x00000000080066e4                XFEvent::setBehavior(interface::XFReactive*)
 .text._ZNK13XFEventStatuseqERKNS_12eEventStatusE
                0x00000000080066fc       0x22 xf/core/behavior.o
                0x00000000080066fc                XFEventStatus::operator==(XFEventStatus::eEventStatus const&) const
 .text._ZNK10XFBehavior16hasOwnDispatcherEv
                0x000000000800671e       0x14 xf/core/behavior.o
                0x000000000800671e                XFBehavior::hasOwnDispatcher() const
 *fill*         0x0000000008006732        0x2 
 .text._ZN9interface10XFReactiveC2Ev
                0x0000000008006734       0x1c xf/core/behavior.o
                0x0000000008006734                interface::XFReactive::XFReactive()
                0x0000000008006734                interface::XFReactive::XFReactive()
 .text._ZN9interface10XFReactiveD2Ev
                0x0000000008006750       0x1c xf/core/behavior.o
                0x0000000008006750                interface::XFReactive::~XFReactive()
                0x0000000008006750                interface::XFReactive::~XFReactive()
 .text._ZN9interface10XFReactiveD0Ev
                0x000000000800676c       0x24 xf/core/behavior.o
                0x000000000800676c                interface::XFReactive::~XFReactive()
 .text._ZN10XFBehaviorC2Eb
                0x0000000008006790       0xa0 xf/core/behavior.o
                0x0000000008006790                XFBehavior::XFBehavior(bool)
                0x0000000008006790                XFBehavior::XFBehavior(bool)
 .text._ZN10XFBehaviorD2Ev
                0x0000000008006830       0x24 xf/core/behavior.o
                0x0000000008006830                XFBehavior::~XFBehavior()
                0x0000000008006830                XFBehavior::~XFBehavior()
 .text._ZN10XFBehavior13startBehaviorEv
                0x0000000008006854       0x50 xf/core/behavior.o
                0x0000000008006854                XFBehavior::startBehavior()
 .text._ZN10XFBehavior9pushEventEP7XFEvent
                0x00000000080068a4       0x34 xf/core/behavior.o
                0x00000000080068a4                XFBehavior::pushEvent(XFEvent*)
 .text._ZNK10XFBehavior17deleteOnTerminateEv
                0x00000000080068d8       0x14 xf/core/behavior.o
                0x00000000080068d8                XFBehavior::deleteOnTerminate() const
 .text._ZN10XFBehavior20setDeleteOnTerminateEb
                0x00000000080068ec       0x1e xf/core/behavior.o
                0x00000000080068ec                XFBehavior::setDeleteOnTerminate(bool)
 .text._ZN10XFBehavior7processEPK7XFEvent
                0x000000000800690a       0x60 xf/core/behavior.o
                0x000000000800690a                XFBehavior::process(XFEvent const*)
 .text._ZN10XFBehavior13getDispatcherEv
                0x000000000800696a       0x14 xf/core/behavior.o
                0x000000000800696a                XFBehavior::getDispatcher()
 .text._ZN10XFBehavior15setCurrentEventEPK7XFEvent
                0x000000000800697e       0x18 xf/core/behavior.o
                0x000000000800697e                XFBehavior::setCurrentEvent(XFEvent const*)
 .text._ZNK10XFBehavior15getCurrentEventEv
                0x0000000008006996       0x14 xf/core/behavior.o
                0x0000000008006996                XFBehavior::getCurrentEvent() const
 *fill*         0x00000000080069aa        0x2 
 .text._ZN10XFBehavior17getCurrentTimeoutEv
                0x00000000080069ac       0x48 xf/core/behavior.o
                0x00000000080069ac                XFBehavior::getCurrentTimeout()
 .text._ZN7XFEventC2ENS_11XFEventTypeEiPN9interface10XFReactiveE
                0x00000000080069f4       0x3c xf/core/customevent.o
                0x00000000080069f4                XFEvent::XFEvent(XFEvent::XFEventType, int, interface::XFReactive*)
                0x00000000080069f4                XFEvent::XFEvent(XFEvent::XFEventType, int, interface::XFReactive*)
 .text._ZN13XFCustomEventC2EiPN9interface10XFReactiveE
                0x0000000008006a30       0x34 xf/core/customevent.o
                0x0000000008006a30                XFCustomEvent::XFCustomEvent(int, interface::XFReactive*)
                0x0000000008006a30                XFCustomEvent::XFCustomEvent(int, interface::XFReactive*)
 .text._ZN14XFInitialEventC2Ev
                0x0000000008006a64       0x28 xf/core/initialevent.o
                0x0000000008006a64                XFInitialEvent::XFInitialEvent()
                0x0000000008006a64                XFInitialEvent::XFInitialEvent()
 .text._ZNK14XFInitialEvent18deleteAfterConsumeEv
                0x0000000008006a8c       0x12 xf/core/initialevent.o
                0x0000000008006a8c                XFInitialEvent::deleteAfterConsume() const
 *fill*         0x0000000008006a9e        0x2 
 .text._ZN14XFInitialEventD2Ev
                0x0000000008006aa0       0x24 xf/core/initialevent.o
                0x0000000008006aa0                XFInitialEvent::~XFInitialEvent()
                0x0000000008006aa0                XFInitialEvent::~XFInitialEvent()
 .text._ZN14XFInitialEventD0Ev
                0x0000000008006ac4       0x24 xf/core/initialevent.o
                0x0000000008006ac4                XFInitialEvent::~XFInitialEvent()
 .text._ZN16XFNullTransitionC2EPN9interface10XFReactiveE
                0x0000000008006ae8       0x2c xf/core/nulltransition.o
                0x0000000008006ae8                XFNullTransition::XFNullTransition(interface::XFReactive*)
                0x0000000008006ae8                XFNullTransition::XFNullTransition(interface::XFReactive*)
 .text._ZNK16XFNullTransition18deleteAfterConsumeEv
                0x0000000008006b14       0x12 xf/core/nulltransition.o
                0x0000000008006b14                XFNullTransition::deleteAfterConsume() const
 *fill*         0x0000000008006b26        0x2 
 .text._ZN16XFNullTransitionD2Ev
                0x0000000008006b28       0x24 xf/core/nulltransition.o
                0x0000000008006b28                XFNullTransition::~XFNullTransition()
                0x0000000008006b28                XFNullTransition::~XFNullTransition()
 .text._ZN16XFNullTransitionD0Ev
                0x0000000008006b4c       0x24 xf/core/nulltransition.o
                0x0000000008006b4c                XFNullTransition::~XFNullTransition()
 .text._ZN9XFTimeoutC2EiiPN9interface10XFReactiveE
                0x0000000008006b70       0x3c xf/core/timeout.o
                0x0000000008006b70                XFTimeout::XFTimeout(int, int, interface::XFReactive*)
                0x0000000008006b70                XFTimeout::XFTimeout(int, int, interface::XFReactive*)
 .text._ZNK9XFTimeouteqERKS_
                0x0000000008006bac       0x3c xf/core/timeout.o
                0x0000000008006bac                XFTimeout::operator==(XFTimeout const&) const
 .text._ZNK9XFTimeout18deleteAfterConsumeEv
                0x0000000008006be8       0x12 xf/core/timeout.o
                0x0000000008006be8                XFTimeout::deleteAfterConsume() const
 *fill*         0x0000000008006bfa        0x2 
 .text._ZN9XFTimeoutD2Ev
                0x0000000008006bfc       0x24 xf/core/timeout.o
                0x0000000008006bfc                XFTimeout::~XFTimeout()
                0x0000000008006bfc                XFTimeout::~XFTimeout()
 .text._ZN9XFTimeoutD0Ev
                0x0000000008006c20       0x24 xf/core/timeout.o
                0x0000000008006c20                XFTimeout::~XFTimeout()
 .text._ZNK7XFEvent11getBehaviorEv
                0x0000000008006c44       0x14 xf/port/default/dispatcher-default.o
                0x0000000008006c44                XFEvent::getBehavior() const
 .text._ZNK9interface12XFDispatcher9getThreadEv
                0x0000000008006c58       0x12 xf/port/default/dispatcher-default.o
                0x0000000008006c58                interface::XFDispatcher::getThread() const
 .text._ZNK19XFDispatcherDefault8isActiveEv
                0x0000000008006c6a       0x12 xf/port/default/dispatcher-default.o
                0x0000000008006c6a                XFDispatcherDefault::isActive() const
 .text._ZN9interface12XFDispatcherC2Ev
                0x0000000008006c7c       0x1c xf/port/default/dispatcher-default.o
                0x0000000008006c7c                interface::XFDispatcher::XFDispatcher()
                0x0000000008006c7c                interface::XFDispatcher::XFDispatcher()
 .text._ZN9interface12XFDispatcherD2Ev
                0x0000000008006c98       0x1c xf/port/default/dispatcher-default.o
                0x0000000008006c98                interface::XFDispatcher::~XFDispatcher()
                0x0000000008006c98                interface::XFDispatcher::~XFDispatcher()
 .text._ZN9interface12XFDispatcherD0Ev
                0x0000000008006cb4       0x24 xf/port/default/dispatcher-default.o
                0x0000000008006cb4                interface::XFDispatcher::~XFDispatcher()
 .text._ZN19XFDispatcherDefaultC2Ev
                0x0000000008006cd8       0x64 xf/port/default/dispatcher-default.o
                0x0000000008006cd8                XFDispatcherDefault::XFDispatcherDefault()
                0x0000000008006cd8                XFDispatcherDefault::XFDispatcherDefault()
 .text._ZN19XFDispatcherDefaultD2Ev
                0x0000000008006d3c       0x30 xf/port/default/dispatcher-default.o
                0x0000000008006d3c                XFDispatcherDefault::~XFDispatcherDefault()
                0x0000000008006d3c                XFDispatcherDefault::~XFDispatcherDefault()
 .text._ZN19XFDispatcherDefaultD0Ev
                0x0000000008006d6c       0x24 xf/port/default/dispatcher-default.o
                0x0000000008006d6c                XFDispatcherDefault::~XFDispatcherDefault()
 .text._ZN19XFDispatcherDefault5startEv
                0x0000000008006d90       0x38 xf/port/default/dispatcher-default.o
                0x0000000008006d90                XFDispatcherDefault::start()
 .text._ZN19XFDispatcherDefault4stopEv
                0x0000000008006dc8       0x16 xf/port/default/dispatcher-default.o
                0x0000000008006dc8                XFDispatcherDefault::stop()
 .text._ZN19XFDispatcherDefault9pushEventEP7XFEvent
                0x0000000008006dde       0x44 xf/port/default/dispatcher-default.o
                0x0000000008006dde                XFDispatcherDefault::pushEvent(XFEvent*)
 .text._ZN19XFDispatcherDefault15scheduleTimeoutEiiPN9interface10XFReactiveE
                0x0000000008006e22       0x28 xf/port/default/dispatcher-default.o
                0x0000000008006e22                XFDispatcherDefault::scheduleTimeout(int, int, interface::XFReactive*)
 .text._ZN19XFDispatcherDefault17unscheduleTimeoutEiPN9interface10XFReactiveE
                0x0000000008006e4a       0x24 xf/port/default/dispatcher-default.o
                0x0000000008006e4a                XFDispatcherDefault::unscheduleTimeout(int, interface::XFReactive*)
 .text._ZN19XFDispatcherDefault7executeEPKv
                0x0000000008006e6e       0x50 xf/port/default/dispatcher-default.o
                0x0000000008006e6e                XFDispatcherDefault::execute(void const*)
 .text._ZN19XFDispatcherDefault11executeOnceEv
                0x0000000008006ebe       0xd2 xf/port/default/dispatcher-default.o
                0x0000000008006ebe                XFDispatcherDefault::executeOnce()
 .text._ZNK19XFDispatcherDefault13dispatchEventEPK7XFEvent
                0x0000000008006f90       0x70 xf/port/default/dispatcher-default.o
                0x0000000008006f90                XFDispatcherDefault::dispatchEvent(XFEvent const*) const
 .text._ZN9interface17XFResourceFactoryD2Ev
                0x0000000008007000       0x1c xf/port/default/resourcefactory-default.o
                0x0000000008007000                interface::XFResourceFactory::~XFResourceFactory()
                0x0000000008007000                interface::XFResourceFactory::~XFResourceFactory()
 .text._ZN9interface17XFResourceFactoryD0Ev
                0x000000000800701c       0x24 xf/port/default/resourcefactory-default.o
                0x000000000800701c                interface::XFResourceFactory::~XFResourceFactory()
 .text._ZN24XFResourceFactoryDefaultD2Ev
                0x0000000008007040       0x30 xf/port/default/resourcefactory-default.o
                0x0000000008007040                XFResourceFactoryDefault::~XFResourceFactoryDefault()
                0x0000000008007040                XFResourceFactoryDefault::~XFResourceFactoryDefault()
 .text._ZN24XFResourceFactoryDefaultD0Ev
                0x0000000008007070       0x24 xf/port/default/resourcefactory-default.o
                0x0000000008007070                XFResourceFactoryDefault::~XFResourceFactoryDefault()
 .text._ZN9interface17XFResourceFactoryC2Ev
                0x0000000008007094       0x1c xf/port/default/resourcefactory-default.o
                0x0000000008007094                interface::XFResourceFactory::XFResourceFactory()
                0x0000000008007094                interface::XFResourceFactory::XFResourceFactory()
 .text._ZN24XFResourceFactoryDefaultC2Ev
                0x00000000080070b0       0x30 xf/port/default/resourcefactory-default.o
                0x00000000080070b0                XFResourceFactoryDefault::XFResourceFactoryDefault()
                0x00000000080070b0                XFResourceFactoryDefault::XFResourceFactoryDefault()
 .text._ZN9interface17XFResourceFactory11getInstanceEv
                0x00000000080070e0       0x10 xf/port/default/resourcefactory-default.o
                0x00000000080070e0                interface::XFResourceFactory::getInstance()
 .text.__tcf_0  0x00000000080070f0       0x14 xf/port/default/resourcefactory-default.o
 .text._ZN24XFResourceFactoryDefault11getInstanceEv
                0x0000000008007104       0x38 xf/port/default/resourcefactory-default.o
                0x0000000008007104                XFResourceFactoryDefault::getInstance()
 .text._ZN24XFResourceFactoryDefault20getDefaultDispatcherEv
                0x000000000800713c       0x14 xf/port/default/resourcefactory-default.o
                0x000000000800713c                XFResourceFactoryDefault::getDefaultDispatcher()
 .text._ZN24XFResourceFactoryDefault16createDispatcherEv
                0x0000000008007150       0x1e xf/port/default/resourcefactory-default.o
                0x0000000008007150                XFResourceFactoryDefault::createDispatcher()
 .text._ZN24XFResourceFactoryDefault12createThreadEPN9interface26XFThreadEntryPointProviderEMS1_FvPKvEPKcm
                0x000000000800716e       0x1a xf/port/default/resourcefactory-default.o
                0x000000000800716e                XFResourceFactoryDefault::createThread(interface::XFThreadEntryPointProvider*, void (interface::XFThreadEntryPointProvider::*)(void const*), char const*, unsigned long)
 .text.__tcf_1  0x0000000008007188       0x14 xf/port/default/resourcefactory-default.o
 .text._ZN24XFResourceFactoryDefault11createMutexEv
                0x000000000800719c       0x40 xf/port/default/resourcefactory-default.o
                0x000000000800719c                XFResourceFactoryDefault::createMutex()
 .text._ZnwjPv  0x00000000080071dc       0x14 xf/port/default/timeoutmanager-default.o
                0x00000000080071dc                operator new(unsigned int, void*)
 .text._ZN9interface16XFTimeoutManager10initializeEl
                0x00000000080071f0       0x18 xf/port/default/timeoutmanager-default.o
                0x00000000080071f0                interface::XFTimeoutManager::initialize(long)
 .text._ZNK9interface16XFTimeoutManager15getTickIntervalEv
                0x0000000008007208       0x14 xf/port/default/timeoutmanager-default.o
                0x0000000008007208                interface::XFTimeoutManager::getTickInterval() const
 .text._ZN9interface16XFTimeoutManagerC2Ev
                0x000000000800721c       0x24 xf/port/default/timeoutmanager-default.o
                0x000000000800721c                interface::XFTimeoutManager::XFTimeoutManager()
                0x000000000800721c                interface::XFTimeoutManager::XFTimeoutManager()
 .text._ZNK9XFTimeout11getRelTicksEv
                0x0000000008007240       0x14 xf/port/default/timeoutmanager-default.o
                0x0000000008007240                XFTimeout::getRelTicks() const
 .text._ZN9XFTimeout21substractFromRelTicksEi
                0x0000000008007254       0x1e xf/port/default/timeoutmanager-default.o
                0x0000000008007254                XFTimeout::substractFromRelTicks(int)
 .text._ZN9XFTimeout13addToRelTicksEi
                0x0000000008007272       0x1e xf/port/default/timeoutmanager-default.o
                0x0000000008007272                XFTimeout::addToRelTicks(int)
 .text._ZN9interface16XFTimeoutManager11getInstanceEv
                0x0000000008007290       0x10 xf/port/default/timeoutmanager-default.o
                0x0000000008007290                interface::XFTimeoutManager::getInstance()
 .text.__tcf_0  0x00000000080072a0       0x14 xf/port/default/timeoutmanager-default.o
 .text._ZN23XFTimeoutManagerDefault11getInstanceEv
                0x00000000080072b4       0x38 xf/port/default/timeoutmanager-default.o
                0x00000000080072b4                XFTimeoutManagerDefault::getInstance()
 .text._ZN9interface16XFTimeoutManagerD2Ev
                0x00000000080072ec       0x1c xf/port/default/timeoutmanager-default.o
                0x00000000080072ec                interface::XFTimeoutManager::~XFTimeoutManager()
                0x00000000080072ec                interface::XFTimeoutManager::~XFTimeoutManager()
 .text._ZN9interface16XFTimeoutManagerD0Ev
                0x0000000008007308       0x24 xf/port/default/timeoutmanager-default.o
                0x0000000008007308                interface::XFTimeoutManager::~XFTimeoutManager()
 .text._ZNSt7__cxx114listIP9XFTimeoutSaIS2_EED2Ev
                0x000000000800732c       0x1a xf/port/default/timeoutmanager-default.o
                0x000000000800732c                std::__cxx11::list<XFTimeout*, std::allocator<XFTimeout*> >::~list()
                0x000000000800732c                std::__cxx11::list<XFTimeout*, std::allocator<XFTimeout*> >::~list()
 *fill*         0x0000000008007346        0x2 
 .text._ZN23XFTimeoutManagerDefaultC2Ev
                0x0000000008007348       0x60 xf/port/default/timeoutmanager-default.o
                0x0000000008007348                XFTimeoutManagerDefault::XFTimeoutManagerDefault()
                0x0000000008007348                XFTimeoutManagerDefault::XFTimeoutManagerDefault()
 .text._ZN23XFTimeoutManagerDefaultD2Ev
                0x00000000080073a8       0x30 xf/port/default/timeoutmanager-default.o
                0x00000000080073a8                XFTimeoutManagerDefault::~XFTimeoutManagerDefault()
                0x00000000080073a8                XFTimeoutManagerDefault::~XFTimeoutManagerDefault()
 .text._ZN23XFTimeoutManagerDefaultD0Ev
                0x00000000080073d8       0x24 xf/port/default/timeoutmanager-default.o
                0x00000000080073d8                XFTimeoutManagerDefault::~XFTimeoutManagerDefault()
 .text._ZN23XFTimeoutManagerDefault5startEv
                0x00000000080073fc       0x28 xf/port/default/timeoutmanager-default.o
                0x00000000080073fc                XFTimeoutManagerDefault::start()
 .text._ZN23XFTimeoutManagerDefault15scheduleTimeoutEllPN9interface10XFReactiveE
                0x0000000008007424       0x44 xf/port/default/timeoutmanager-default.o
                0x0000000008007424                XFTimeoutManagerDefault::scheduleTimeout(long, long, interface::XFReactive*)
 .text._ZN23XFTimeoutManagerDefault17unscheduleTimeoutElPN9interface10XFReactiveE
                0x0000000008007468      0x138 xf/port/default/timeoutmanager-default.o
                0x0000000008007468                XFTimeoutManagerDefault::unscheduleTimeout(long, interface::XFReactive*)
 .text._ZN23XFTimeoutManagerDefault4tickEv
                0x00000000080075a0      0x1bc xf/port/default/timeoutmanager-default.o
                0x00000000080075a0                XFTimeoutManagerDefault::tick()
 .text._ZN23XFTimeoutManagerDefault10addTimeoutEP9XFTimeout
                0x000000000800775c      0x25a xf/port/default/timeoutmanager-default.o
                0x000000000800775c                XFTimeoutManagerDefault::addTimeout(XFTimeout*)
 .text._ZN23XFTimeoutManagerDefault13returnTimeoutEP9XFTimeout
                0x00000000080079b6       0x28 xf/port/default/timeoutmanager-default.o
                0x00000000080079b6                XFTimeoutManagerDefault::returnTimeout(XFTimeout*)
 .text._ZNSt7__cxx114listIP9XFTimeoutSaIS2_EEC2Ev
                0x00000000080079de       0x1a xf/port/default/timeoutmanager-default.o
                0x00000000080079de                std::__cxx11::list<XFTimeout*, std::allocator<XFTimeout*> >::list()
                0x00000000080079de                std::__cxx11::list<XFTimeout*, std::allocator<XFTimeout*> >::list()
 .text._ZNSt7__cxx1110_List_baseIP9XFTimeoutSaIS2_EE10_List_implD2Ev
                0x00000000080079f8       0x1a xf/port/default/timeoutmanager-default.o
                0x00000000080079f8                std::__cxx11::_List_base<XFTimeout*, std::allocator<XFTimeout*> >::_List_impl::~_List_impl()
                0x00000000080079f8                std::__cxx11::_List_base<XFTimeout*, std::allocator<XFTimeout*> >::_List_impl::~_List_impl()
 .text._ZNSt7__cxx1110_List_baseIP9XFTimeoutSaIS2_EED2Ev
                0x0000000008007a12       0x22 xf/port/default/timeoutmanager-default.o
                0x0000000008007a12                std::__cxx11::_List_base<XFTimeout*, std::allocator<XFTimeout*> >::~_List_base()
                0x0000000008007a12                std::__cxx11::_List_base<XFTimeout*, std::allocator<XFTimeout*> >::~_List_base()
 .text._ZNSt7__cxx114listIP9XFTimeoutSaIS2_EE5beginEv
                0x0000000008007a34       0x22 xf/port/default/timeoutmanager-default.o
                0x0000000008007a34                std::__cxx11::list<XFTimeout*, std::allocator<XFTimeout*> >::begin()
 .text._ZNSt7__cxx114listIP9XFTimeoutSaIS2_EE3endEv
                0x0000000008007a56       0x20 xf/port/default/timeoutmanager-default.o
                0x0000000008007a56                std::__cxx11::list<XFTimeout*, std::allocator<XFTimeout*> >::end()
 .text._ZNKSt14_List_iteratorIP9XFTimeoutEneERKS2_
                0x0000000008007a76       0x22 xf/port/default/timeoutmanager-default.o
                0x0000000008007a76                std::_List_iterator<XFTimeout*>::operator!=(std::_List_iterator<XFTimeout*> const&) const
 .text._ZNKSt14_List_iteratorIP9XFTimeoutEdeEv
                0x0000000008007a98       0x1c xf/port/default/timeoutmanager-default.o
                0x0000000008007a98                std::_List_iterator<XFTimeout*>::operator*() const
 .text._ZNSt14_List_iteratorIP9XFTimeoutEppEv
                0x0000000008007ab4       0x1c xf/port/default/timeoutmanager-default.o
                0x0000000008007ab4                std::_List_iterator<XFTimeout*>::operator++()
 .text._ZNSt20_List_const_iteratorIP9XFTimeoutEC2ERKSt14_List_iteratorIS1_E
                0x0000000008007ad0       0x1c xf/port/default/timeoutmanager-default.o
                0x0000000008007ad0                std::_List_const_iterator<XFTimeout*>::_List_const_iterator(std::_List_iterator<XFTimeout*> const&)
                0x0000000008007ad0                std::_List_const_iterator<XFTimeout*>::_List_const_iterator(std::_List_iterator<XFTimeout*> const&)
 .text._ZNSt7__cxx114listIP9XFTimeoutSaIS2_EE5eraseESt20_List_const_iteratorIS2_E
                0x0000000008007aec       0x38 xf/port/default/timeoutmanager-default.o
                0x0000000008007aec                std::__cxx11::list<XFTimeout*, std::allocator<XFTimeout*> >::erase(std::_List_const_iterator<XFTimeout*>)
 .text._ZNSt14_List_iteratorIP9XFTimeoutEppEi
                0x0000000008007b24       0x24 xf/port/default/timeoutmanager-default.o
                0x0000000008007b24                std::_List_iterator<XFTimeout*>::operator++(int)
 .text._ZNKSt7__cxx114listIP9XFTimeoutSaIS2_EE5emptyEv
                0x0000000008007b48       0x1e xf/port/default/timeoutmanager-default.o
                0x0000000008007b48                std::__cxx11::list<XFTimeout*, std::allocator<XFTimeout*> >::empty() const
 .text._ZNSt7__cxx114listIP9XFTimeoutSaIS2_EE5frontEv
                0x0000000008007b66       0x28 xf/port/default/timeoutmanager-default.o
                0x0000000008007b66                std::__cxx11::list<XFTimeout*, std::allocator<XFTimeout*> >::front()
 .text._ZNKSt7__cxx114listIP9XFTimeoutSaIS2_EE4sizeEv
                0x0000000008007b8e       0x1a xf/port/default/timeoutmanager-default.o
                0x0000000008007b8e                std::__cxx11::list<XFTimeout*, std::allocator<XFTimeout*> >::size() const
 .text._ZNSt7__cxx114listIP9XFTimeoutSaIS2_EE9pop_frontEv
                0x0000000008007ba8       0x24 xf/port/default/timeoutmanager-default.o
                0x0000000008007ba8                std::__cxx11::list<XFTimeout*, std::allocator<XFTimeout*> >::pop_front()
 .text._ZNSt7__cxx114listIP9XFTimeoutSaIS2_EE6insertESt20_List_const_iteratorIS2_ERKS2_
                0x0000000008007bcc       0x54 xf/port/default/timeoutmanager-default.o
                0x0000000008007bcc                std::__cxx11::list<XFTimeout*, std::allocator<XFTimeout*> >::insert(std::_List_const_iterator<XFTimeout*>, XFTimeout* const&)
 .text._ZNSt7__cxx114listIP9XFTimeoutSaIS2_EE10push_frontERKS2_
                0x0000000008007c20       0x26 xf/port/default/timeoutmanager-default.o
                0x0000000008007c20                std::__cxx11::list<XFTimeout*, std::allocator<XFTimeout*> >::push_front(XFTimeout* const&)
 .text._ZNSt7__cxx1110_List_baseIP9XFTimeoutSaIS2_EEC2Ev
                0x0000000008007c46       0x22 xf/port/default/timeoutmanager-default.o
                0x0000000008007c46                std::__cxx11::_List_base<XFTimeout*, std::allocator<XFTimeout*> >::_List_base()
                0x0000000008007c46                std::__cxx11::_List_base<XFTimeout*, std::allocator<XFTimeout*> >::_List_base()
 .text._ZNSaISt10_List_nodeIP9XFTimeoutEED2Ev
                0x0000000008007c68       0x1a xf/port/default/timeoutmanager-default.o
                0x0000000008007c68                std::allocator<std::_List_node<XFTimeout*> >::~allocator()
                0x0000000008007c68                std::allocator<std::_List_node<XFTimeout*> >::~allocator()
 .text._ZNSt7__cxx1110_List_baseIP9XFTimeoutSaIS2_EE8_M_clearEv
                0x0000000008007c82       0x56 xf/port/default/timeoutmanager-default.o
                0x0000000008007c82                std::__cxx11::_List_base<XFTimeout*, std::allocator<XFTimeout*> >::_M_clear()
 .text._ZNSt14_List_iteratorIP9XFTimeoutEC2EPNSt8__detail15_List_node_baseE
                0x0000000008007cd8       0x1a xf/port/default/timeoutmanager-default.o
                0x0000000008007cd8                std::_List_iterator<XFTimeout*>::_List_iterator(std::__detail::_List_node_base*)
                0x0000000008007cd8                std::_List_iterator<XFTimeout*>::_List_iterator(std::__detail::_List_node_base*)
 .text._ZNSt10_List_nodeIP9XFTimeoutE9_M_valptrEv
                0x0000000008007cf2       0x1c xf/port/default/timeoutmanager-default.o
                0x0000000008007cf2                std::_List_node<XFTimeout*>::_M_valptr()
 .text._ZNSt7__cxx114listIP9XFTimeoutSaIS2_EE8_M_eraseESt14_List_iteratorIS2_E
                0x0000000008007d0e       0x50 xf/port/default/timeoutmanager-default.o
                0x0000000008007d0e                std::__cxx11::list<XFTimeout*, std::allocator<XFTimeout*> >::_M_erase(std::_List_iterator<XFTimeout*>)
 .text._ZNKSt20_List_const_iteratorIP9XFTimeoutE13_M_const_castEv
                0x0000000008007d5e       0x22 xf/port/default/timeoutmanager-default.o
                0x0000000008007d5e                std::_List_const_iterator<XFTimeout*>::_M_const_cast() const
 .text._ZNKSt7__cxx1110_List_baseIP9XFTimeoutSaIS2_EE13_M_node_countEv
                0x0000000008007d80       0x1c xf/port/default/timeoutmanager-default.o
                0x0000000008007d80                std::__cxx11::_List_base<XFTimeout*, std::allocator<XFTimeout*> >::_M_node_count() const
 .text._ZSt7forwardIRKP9XFTimeoutEOT_RNSt16remove_referenceIS4_E4typeE
                0x0000000008007d9c       0x12 xf/port/default/timeoutmanager-default.o
                0x0000000008007d9c                XFTimeout* const& std::forward<XFTimeout* const&>(std::remove_reference<XFTimeout* const&>::type&)
 .text._ZNSt7__cxx114listIP9XFTimeoutSaIS2_EE14_M_create_nodeIJRKS2_EEEPSt10_List_nodeIS2_EDpOT_
                0x0000000008007dae       0x6c xf/port/default/timeoutmanager-default.o
                0x0000000008007dae                std::_List_node<XFTimeout*>* std::__cxx11::list<XFTimeout*, std::allocator<XFTimeout*> >::_M_create_node<XFTimeout* const&>(XFTimeout* const&)
 .text._ZNSt7__cxx1110_List_baseIP9XFTimeoutSaIS2_EE11_M_inc_sizeEj
                0x0000000008007e1a       0x24 xf/port/default/timeoutmanager-default.o
                0x0000000008007e1a                std::__cxx11::_List_base<XFTimeout*, std::allocator<XFTimeout*> >::_M_inc_size(unsigned int)
 .text._ZNSt7__cxx114listIP9XFTimeoutSaIS2_EE9_M_insertIJRKS2_EEEvSt14_List_iteratorIS2_EDpOT_
                0x0000000008007e3e       0x42 xf/port/default/timeoutmanager-default.o
                0x0000000008007e3e                void std::__cxx11::list<XFTimeout*, std::allocator<XFTimeout*> >::_M_insert<XFTimeout* const&>(std::_List_iterator<XFTimeout*>, XFTimeout* const&)
 .text._ZNSt7__cxx1110_List_baseIP9XFTimeoutSaIS2_EE10_List_implC2Ev
                0x0000000008007e80       0x28 xf/port/default/timeoutmanager-default.o
                0x0000000008007e80                std::__cxx11::_List_base<XFTimeout*, std::allocator<XFTimeout*> >::_List_impl::_List_impl()
                0x0000000008007e80                std::__cxx11::_List_base<XFTimeout*, std::allocator<XFTimeout*> >::_List_impl::_List_impl()
 .text._ZNSt7__cxx1110_List_baseIP9XFTimeoutSaIS2_EE7_M_initEv
                0x0000000008007ea8       0x26 xf/port/default/timeoutmanager-default.o
                0x0000000008007ea8                std::__cxx11::_List_base<XFTimeout*, std::allocator<XFTimeout*> >::_M_init()
 .text._ZN9__gnu_cxx13new_allocatorISt10_List_nodeIP9XFTimeoutEED2Ev
                0x0000000008007ece       0x12 xf/port/default/timeoutmanager-default.o
                0x0000000008007ece                __gnu_cxx::new_allocator<std::_List_node<XFTimeout*> >::~new_allocator()
                0x0000000008007ece                __gnu_cxx::new_allocator<std::_List_node<XFTimeout*> >::~new_allocator()
 .text._ZNSt7__cxx1110_List_baseIP9XFTimeoutSaIS2_EE21_M_get_Node_allocatorEv
                0x0000000008007ee0       0x12 xf/port/default/timeoutmanager-default.o
                0x0000000008007ee0                std::__cxx11::_List_base<XFTimeout*, std::allocator<XFTimeout*> >::_M_get_Node_allocator()
 .text._ZNSt16allocator_traitsISaISt10_List_nodeIP9XFTimeoutEEE7destroyIS2_EEvRS4_PT_
                0x0000000008007ef2       0x1e xf/port/default/timeoutmanager-default.o
                0x0000000008007ef2                void std::allocator_traits<std::allocator<std::_List_node<XFTimeout*> > >::destroy<XFTimeout*>(std::allocator<std::_List_node<XFTimeout*> >&, XFTimeout**)
 .text._ZNSt7__cxx1110_List_baseIP9XFTimeoutSaIS2_EE11_M_put_nodeEPSt10_List_nodeIS2_E
                0x0000000008007f10       0x1e xf/port/default/timeoutmanager-default.o
                0x0000000008007f10                std::__cxx11::_List_base<XFTimeout*, std::allocator<XFTimeout*> >::_M_put_node(std::_List_node<XFTimeout*>*)
 .text._ZN9__gnu_cxx16__aligned_membufIP9XFTimeoutE6_M_ptrEv
                0x0000000008007f2e       0x1a xf/port/default/timeoutmanager-default.o
                0x0000000008007f2e                __gnu_cxx::__aligned_membuf<XFTimeout*>::_M_ptr()
 .text._ZNSt7__cxx1110_List_baseIP9XFTimeoutSaIS2_EE11_M_dec_sizeEj
                0x0000000008007f48       0x24 xf/port/default/timeoutmanager-default.o
                0x0000000008007f48                std::__cxx11::_List_base<XFTimeout*, std::allocator<XFTimeout*> >::_M_dec_size(unsigned int)
 .text._ZNKSt10_List_nodeIjE9_M_valptrEv
                0x0000000008007f6c       0x1c xf/port/default/timeoutmanager-default.o
                0x0000000008007f6c                std::_List_node<unsigned int>::_M_valptr() const
 .text._ZNSt7__cxx1110_List_baseIP9XFTimeoutSaIS2_EE11_M_get_nodeEv
                0x0000000008007f88       0x1c xf/port/default/timeoutmanager-default.o
                0x0000000008007f88                std::__cxx11::_List_base<XFTimeout*, std::allocator<XFTimeout*> >::_M_get_node()
 .text._ZNSt15__allocated_ptrISaISt10_List_nodeIP9XFTimeoutEEEC2ERS4_PS3_
                0x0000000008007fa4       0x2a xf/port/default/timeoutmanager-default.o
                0x0000000008007fa4                std::__allocated_ptr<std::allocator<std::_List_node<XFTimeout*> > >::__allocated_ptr(std::allocator<std::_List_node<XFTimeout*> >&, std::_List_node<XFTimeout*>*)
                0x0000000008007fa4                std::__allocated_ptr<std::allocator<std::_List_node<XFTimeout*> > >::__allocated_ptr(std::allocator<std::_List_node<XFTimeout*> >&, std::_List_node<XFTimeout*>*)
 .text._ZNSt15__allocated_ptrISaISt10_List_nodeIP9XFTimeoutEEED2Ev
                0x0000000008007fce       0x2a xf/port/default/timeoutmanager-default.o
                0x0000000008007fce                std::__allocated_ptr<std::allocator<std::_List_node<XFTimeout*> > >::~__allocated_ptr()
                0x0000000008007fce                std::__allocated_ptr<std::allocator<std::_List_node<XFTimeout*> > >::~__allocated_ptr()
 .text._ZNSt16allocator_traitsISaISt10_List_nodeIP9XFTimeoutEEE9constructIS2_JRKS2_EEEvRS4_PT_DpOT0_
                0x0000000008007ff8       0x28 xf/port/default/timeoutmanager-default.o
                0x0000000008007ff8                void std::allocator_traits<std::allocator<std::_List_node<XFTimeout*> > >::construct<XFTimeout*, XFTimeout* const&>(std::allocator<std::_List_node<XFTimeout*> >&, XFTimeout**, XFTimeout* const&)
 .text._ZNSt15__allocated_ptrISaISt10_List_nodeIP9XFTimeoutEEEaSEDn
                0x0000000008008020       0x1a xf/port/default/timeoutmanager-default.o
                0x0000000008008020                std::__allocated_ptr<std::allocator<std::_List_node<XFTimeout*> > >::operator=(decltype(nullptr))
 .text._ZNSt10_List_nodeIjE9_M_valptrEv
                0x000000000800803a       0x1c xf/port/default/timeoutmanager-default.o
                0x000000000800803a                std::_List_node<unsigned int>::_M_valptr()
 .text._ZNSaISt10_List_nodeIP9XFTimeoutEEC2Ev
                0x0000000008008056       0x1a xf/port/default/timeoutmanager-default.o
                0x0000000008008056                std::allocator<std::_List_node<XFTimeout*> >::allocator()
                0x0000000008008056                std::allocator<std::_List_node<XFTimeout*> >::allocator()
 .text._ZNSt7__cxx1110_List_baseIP9XFTimeoutSaIS2_EE11_M_set_sizeEj
                0x0000000008008070       0x20 xf/port/default/timeoutmanager-default.o
                0x0000000008008070                std::__cxx11::_List_base<XFTimeout*, std::allocator<XFTimeout*> >::_M_set_size(unsigned int)
 .text._ZN9__gnu_cxx13new_allocatorISt10_List_nodeIP9XFTimeoutEE7destroyIS3_EEvPT_
                0x0000000008008090       0x12 xf/port/default/timeoutmanager-default.o
                0x0000000008008090                void __gnu_cxx::new_allocator<std::_List_node<XFTimeout*> >::destroy<XFTimeout*>(XFTimeout**)
 .text._ZNSt16allocator_traitsISaISt10_List_nodeIP9XFTimeoutEEE10deallocateERS4_PS3_j
                0x00000000080080a2       0x20 xf/port/default/timeoutmanager-default.o
                0x00000000080080a2                std::allocator_traits<std::allocator<std::_List_node<XFTimeout*> > >::deallocate(std::allocator<std::_List_node<XFTimeout*> >&, std::_List_node<XFTimeout*>*, unsigned int)
 .text._ZN9__gnu_cxx16__aligned_membufIP9XFTimeoutE7_M_addrEv
                0x00000000080080c2       0x12 xf/port/default/timeoutmanager-default.o
                0x00000000080080c2                __gnu_cxx::__aligned_membuf<XFTimeout*>::_M_addr()
 .text._ZNK9__gnu_cxx16__aligned_membufIjE6_M_ptrEv
                0x00000000080080d4       0x1a xf/port/default/timeoutmanager-default.o
                0x00000000080080d4                __gnu_cxx::__aligned_membuf<unsigned int>::_M_ptr() const
 .text._ZNSt16allocator_traitsISaISt10_List_nodeIP9XFTimeoutEEE8allocateERS4_j
                0x00000000080080ee       0x20 xf/port/default/timeoutmanager-default.o
                0x00000000080080ee                std::allocator_traits<std::allocator<std::_List_node<XFTimeout*> > >::allocate(std::allocator<std::_List_node<XFTimeout*> >&, unsigned int)
 .text._ZSt11__addressofISaISt10_List_nodeIP9XFTimeoutEEEPT_RS5_
                0x000000000800810e       0x12 xf/port/default/timeoutmanager-default.o
                0x000000000800810e                std::allocator<std::_List_node<XFTimeout*> >* std::__addressof<std::allocator<std::_List_node<XFTimeout*> > >(std::allocator<std::_List_node<XFTimeout*> >&)
 .text._ZN9__gnu_cxx13new_allocatorISt10_List_nodeIP9XFTimeoutEE9constructIS3_JRKS3_EEEvPT_DpOT0_
                0x0000000008008120       0x30 xf/port/default/timeoutmanager-default.o
                0x0000000008008120                void __gnu_cxx::new_allocator<std::_List_node<XFTimeout*> >::construct<XFTimeout*, XFTimeout* const&>(XFTimeout**, XFTimeout* const&)
 .text._ZN9__gnu_cxx16__aligned_membufIjE6_M_ptrEv
                0x0000000008008150       0x1a xf/port/default/timeoutmanager-default.o
                0x0000000008008150                __gnu_cxx::__aligned_membuf<unsigned int>::_M_ptr()
 .text._ZN9__gnu_cxx13new_allocatorISt10_List_nodeIP9XFTimeoutEEC2Ev
                0x000000000800816a       0x12 xf/port/default/timeoutmanager-default.o
                0x000000000800816a                __gnu_cxx::new_allocator<std::_List_node<XFTimeout*> >::new_allocator()
                0x000000000800816a                __gnu_cxx::new_allocator<std::_List_node<XFTimeout*> >::new_allocator()
 .text._ZN9__gnu_cxx13new_allocatorISt10_List_nodeIP9XFTimeoutEE10deallocateEPS4_j
                0x000000000800817c       0x1c xf/port/default/timeoutmanager-default.o
                0x000000000800817c                __gnu_cxx::new_allocator<std::_List_node<XFTimeout*> >::deallocate(std::_List_node<XFTimeout*>*, unsigned int)
 .text._ZNK9__gnu_cxx16__aligned_membufIjE7_M_addrEv
                0x0000000008008198       0x12 xf/port/default/timeoutmanager-default.o
                0x0000000008008198                __gnu_cxx::__aligned_membuf<unsigned int>::_M_addr() const
 .text._ZN9__gnu_cxx13new_allocatorISt10_List_nodeIP9XFTimeoutEE8allocateEjPKv
                0x00000000080081aa       0x42 xf/port/default/timeoutmanager-default.o
                0x00000000080081aa                __gnu_cxx::new_allocator<std::_List_node<XFTimeout*> >::allocate(unsigned int, void const*)
 .text._ZN9__gnu_cxx16__aligned_membufIjE7_M_addrEv
                0x00000000080081ec       0x12 xf/port/default/timeoutmanager-default.o
                0x00000000080081ec                __gnu_cxx::__aligned_membuf<unsigned int>::_M_addr()
 *fill*         0x00000000080081fe        0x2 
 .text._ZNK9__gnu_cxx13new_allocatorISt10_List_nodeIP9XFTimeoutEE8max_sizeEv
                0x0000000008008200       0x18 xf/port/default/timeoutmanager-default.o
                0x0000000008008200                __gnu_cxx::new_allocator<std::_List_node<XFTimeout*> >::max_size() const
 .text.XF_initialize
                0x0000000008008218       0x1c xf/port/default/xf-default.o
                0x0000000008008218                XF_initialize
 .text.XF_exec  0x0000000008008234        0xe xf/port/default/xf-default.o
                0x0000000008008234                XF_exec
 *fill*         0x0000000008008242        0x2 
 .text._ZN2XF10initializeEiiPPc
                0x0000000008008244       0x40 xf/port/default/xf-default.o
                0x0000000008008244                XF::initialize(int, int, char**)
 .text._ZN2XF4execEv
                0x0000000008008284       0x7a xf/port/default/xf-default.o
                0x0000000008008284                XF::exec()
 *fill*         0x00000000080082fe        0x2 
 .text._ZSt16__deque_buf_sizej
                0x0000000008008300       0x2c xf/port/default-idf/eventqueue-default.o
                0x0000000008008300                std::__deque_buf_size(unsigned int)
 .text._ZN9interface12XFEventQueueC2Ev
                0x000000000800832c       0x1c xf/port/default-idf/eventqueue-default.o
                0x000000000800832c                interface::XFEventQueue::XFEventQueue()
                0x000000000800832c                interface::XFEventQueue::XFEventQueue()
 .text._ZN9interface12XFEventQueueD2Ev
                0x0000000008008348       0x1c xf/port/default-idf/eventqueue-default.o
                0x0000000008008348                interface::XFEventQueue::~XFEventQueue()
                0x0000000008008348                interface::XFEventQueue::~XFEventQueue()
 .text._ZN9interface12XFEventQueueD0Ev
                0x0000000008008364       0x24 xf/port/default-idf/eventqueue-default.o
                0x0000000008008364                interface::XFEventQueue::~XFEventQueue()
 .text._ZNSt5queueIPK7XFEventSt5dequeIS2_SaIS2_EEED2Ev
                0x0000000008008388       0x1a xf/port/default-idf/eventqueue-default.o
                0x0000000008008388                std::queue<XFEvent const*, std::deque<XFEvent const*, std::allocator<XFEvent const*> > >::~queue()
                0x0000000008008388                std::queue<XFEvent const*, std::deque<XFEvent const*, std::allocator<XFEvent const*> > >::~queue()
 *fill*         0x00000000080083a2        0x2 
 .text._ZN19XFEventQueueDefaultC2Ev
                0x00000000080083a4       0x38 xf/port/default-idf/eventqueue-default.o
                0x00000000080083a4                XFEventQueueDefault::XFEventQueueDefault()
                0x00000000080083a4                XFEventQueueDefault::XFEventQueueDefault()
 .text._ZN19XFEventQueueDefaultD2Ev
                0x00000000080083dc       0x38 xf/port/default-idf/eventqueue-default.o
                0x00000000080083dc                XFEventQueueDefault::~XFEventQueueDefault()
                0x00000000080083dc                XFEventQueueDefault::~XFEventQueueDefault()
 .text._ZN19XFEventQueueDefaultD0Ev
                0x0000000008008414       0x24 xf/port/default-idf/eventqueue-default.o
                0x0000000008008414                XFEventQueueDefault::~XFEventQueueDefault()
 .text._ZNK19XFEventQueueDefault5emptyEv
                0x0000000008008438       0x1c xf/port/default-idf/eventqueue-default.o
                0x0000000008008438                XFEventQueueDefault::empty() const
 .text._ZN19XFEventQueueDefault4pushEPK7XFEvent
                0x0000000008008454       0x36 xf/port/default-idf/eventqueue-default.o
                0x0000000008008454                XFEventQueueDefault::push(XFEvent const*)
 .text._ZN19XFEventQueueDefault5frontEv
                0x000000000800848a       0x36 xf/port/default-idf/eventqueue-default.o
                0x000000000800848a                XFEventQueueDefault::front()
 .text._ZN19XFEventQueueDefault3popEv
                0x00000000080084c0       0x2e xf/port/default-idf/eventqueue-default.o
                0x00000000080084c0                XFEventQueueDefault::pop()
 .text._ZN19XFEventQueueDefault4pendEv
                0x00000000080084ee       0x12 xf/port/default-idf/eventqueue-default.o
                0x00000000080084ee                XFEventQueueDefault::pend()
 .text._ZNSt5queueIPK7XFEventSt5dequeIS2_SaIS2_EEEC2IS5_vEEv
                0x0000000008008500       0x1a xf/port/default-idf/eventqueue-default.o
                0x0000000008008500                std::queue<XFEvent const*, std::deque<XFEvent const*, std::allocator<XFEvent const*> > >::queue<std::deque<XFEvent const*, std::allocator<XFEvent const*> >, void>()
                0x0000000008008500                std::queue<XFEvent const*, std::deque<XFEvent const*, std::allocator<XFEvent const*> > >::queue<std::deque<XFEvent const*, std::allocator<XFEvent const*> >, void>()
 .text._ZNSt5dequeIPK7XFEventSaIS2_EED2Ev
                0x000000000800851a       0x4a xf/port/default-idf/eventqueue-default.o
                0x000000000800851a                std::deque<XFEvent const*, std::allocator<XFEvent const*> >::~deque()
                0x000000000800851a                std::deque<XFEvent const*, std::allocator<XFEvent const*> >::~deque()
 .text._ZNKSt5queueIPK7XFEventSt5dequeIS2_SaIS2_EEE5emptyEv
                0x0000000008008564       0x1a xf/port/default-idf/eventqueue-default.o
                0x0000000008008564                std::queue<XFEvent const*, std::deque<XFEvent const*, std::allocator<XFEvent const*> > >::empty() const
 .text._ZNSt5queueIPK7XFEventSt5dequeIS2_SaIS2_EEE4pushERKS2_
                0x000000000800857e       0x1e xf/port/default-idf/eventqueue-default.o
                0x000000000800857e                std::queue<XFEvent const*, std::deque<XFEvent const*, std::allocator<XFEvent const*> > >::push(XFEvent const* const&)
 .text._ZNSt5queueIPK7XFEventSt5dequeIS2_SaIS2_EEE5frontEv
                0x000000000800859c       0x1a xf/port/default-idf/eventqueue-default.o
                0x000000000800859c                std::queue<XFEvent const*, std::deque<XFEvent const*, std::allocator<XFEvent const*> > >::front()
 .text._ZNSt5queueIPK7XFEventSt5dequeIS2_SaIS2_EEE3popEv
                0x00000000080085b6       0x18 xf/port/default-idf/eventqueue-default.o
                0x00000000080085b6                std::queue<XFEvent const*, std::deque<XFEvent const*, std::allocator<XFEvent const*> > >::pop()
 .text._ZNSt5dequeIPK7XFEventSaIS2_EEC2Ev
                0x00000000080085ce       0x1a xf/port/default-idf/eventqueue-default.o
                0x00000000080085ce                std::deque<XFEvent const*, std::allocator<XFEvent const*> >::deque()
                0x00000000080085ce                std::deque<XFEvent const*, std::allocator<XFEvent const*> >::deque()
 .text._ZNSt11_Deque_baseIPK7XFEventSaIS2_EE11_Deque_implD2Ev
                0x00000000080085e8       0x1a xf/port/default-idf/eventqueue-default.o
                0x00000000080085e8                std::_Deque_base<XFEvent const*, std::allocator<XFEvent const*> >::_Deque_impl::~_Deque_impl()
                0x00000000080085e8                std::_Deque_base<XFEvent const*, std::allocator<XFEvent const*> >::_Deque_impl::~_Deque_impl()
 .text._ZNSt11_Deque_baseIPK7XFEventSaIS2_EED2Ev
                0x0000000008008602       0x44 xf/port/default-idf/eventqueue-default.o
                0x0000000008008602                std::_Deque_base<XFEvent const*, std::allocator<XFEvent const*> >::~_Deque_base()
                0x0000000008008602                std::_Deque_base<XFEvent const*, std::allocator<XFEvent const*> >::~_Deque_base()
 .text._ZNSt5dequeIPK7XFEventSaIS2_EE5beginEv
                0x0000000008008646       0x22 xf/port/default-idf/eventqueue-default.o
                0x0000000008008646                std::deque<XFEvent const*, std::allocator<XFEvent const*> >::begin()
 .text._ZNSt5dequeIPK7XFEventSaIS2_EE3endEv
                0x0000000008008668       0x22 xf/port/default-idf/eventqueue-default.o
                0x0000000008008668                std::deque<XFEvent const*, std::allocator<XFEvent const*> >::end()
 .text._ZNSt11_Deque_baseIPK7XFEventSaIS2_EE19_M_get_Tp_allocatorEv
                0x000000000800868a       0x12 xf/port/default-idf/eventqueue-default.o
                0x000000000800868a                std::_Deque_base<XFEvent const*, std::allocator<XFEvent const*> >::_M_get_Tp_allocator()
 .text._ZNSt15_Deque_iteratorIPK7XFEventRS2_PS2_EC2ERKS5_
                0x000000000800869c       0x34 xf/port/default-idf/eventqueue-default.o
                0x000000000800869c                std::_Deque_iterator<XFEvent const*, XFEvent const*&, XFEvent const**>::_Deque_iterator(std::_Deque_iterator<XFEvent const*, XFEvent const*&, XFEvent const**> const&)
                0x000000000800869c                std::_Deque_iterator<XFEvent const*, XFEvent const*&, XFEvent const**>::_Deque_iterator(std::_Deque_iterator<XFEvent const*, XFEvent const*&, XFEvent const**> const&)
 .text._ZNSt5dequeIPK7XFEventSaIS2_EE15_M_destroy_dataESt15_Deque_iteratorIS2_RS2_PS2_ES8_RKS3_
                0x00000000080086d0       0x16 xf/port/default-idf/eventqueue-default.o
                0x00000000080086d0                std::deque<XFEvent const*, std::allocator<XFEvent const*> >::_M_destroy_data(std::_Deque_iterator<XFEvent const*, XFEvent const*&, XFEvent const**>, std::_Deque_iterator<XFEvent const*, XFEvent const*&, XFEvent const**>, std::allocator<XFEvent const*> const&)
 .text._ZNKSt5dequeIPK7XFEventSaIS2_EE5emptyEv
                0x00000000080086e6       0x24 xf/port/default-idf/eventqueue-default.o
                0x00000000080086e6                std::deque<XFEvent const*, std::allocator<XFEvent const*> >::empty() const
 .text._ZNSt5dequeIPK7XFEventSaIS2_EE9push_backERKS2_
                0x000000000800870a       0x46 xf/port/default-idf/eventqueue-default.o
                0x000000000800870a                std::deque<XFEvent const*, std::allocator<XFEvent const*> >::push_back(XFEvent const* const&)
 .text._ZNSt5dequeIPK7XFEventSaIS2_EE5frontEv
                0x0000000008008750       0x28 xf/port/default-idf/eventqueue-default.o
                0x0000000008008750                std::deque<XFEvent const*, std::allocator<XFEvent const*> >::front()
 .text._ZNSt5dequeIPK7XFEventSaIS2_EE9pop_frontEv
                0x0000000008008778       0x40 xf/port/default-idf/eventqueue-default.o
                0x0000000008008778                std::deque<XFEvent const*, std::allocator<XFEvent const*> >::pop_front()
 .text._ZNSt11_Deque_baseIPK7XFEventSaIS2_EEC2Ev
                0x00000000080087b8       0x24 xf/port/default-idf/eventqueue-default.o
                0x00000000080087b8                std::_Deque_base<XFEvent const*, std::allocator<XFEvent const*> >::_Deque_base()
                0x00000000080087b8                std::_Deque_base<XFEvent const*, std::allocator<XFEvent const*> >::_Deque_base()
 .text._ZNSaIPK7XFEventED2Ev
                0x00000000080087dc       0x1a xf/port/default-idf/eventqueue-default.o
                0x00000000080087dc                std::allocator<XFEvent const*>::~allocator()
                0x00000000080087dc                std::allocator<XFEvent const*>::~allocator()
 .text._ZNSt11_Deque_baseIPK7XFEventSaIS2_EE16_M_destroy_nodesEPPS2_S6_
                0x00000000080087f6       0x36 xf/port/default-idf/eventqueue-default.o
                0x00000000080087f6                std::_Deque_base<XFEvent const*, std::allocator<XFEvent const*> >::_M_destroy_nodes(XFEvent const***, XFEvent const***)
 .text._ZNSt11_Deque_baseIPK7XFEventSaIS2_EE17_M_deallocate_mapEPPS2_j
                0x000000000800882c       0x36 xf/port/default-idf/eventqueue-default.o
                0x000000000800882c                std::_Deque_base<XFEvent const*, std::allocator<XFEvent const*> >::_M_deallocate_map(XFEvent const***, unsigned int)
 .text._ZSteqIPK7XFEventRS2_PS2_EbRKSt15_Deque_iteratorIT_T0_T1_ESB_
                0x0000000008008862       0x22 xf/port/default-idf/eventqueue-default.o
                0x0000000008008862                bool std::operator==<XFEvent const*, XFEvent const*&, XFEvent const**>(std::_Deque_iterator<XFEvent const*, XFEvent const*&, XFEvent const**> const&, std::_Deque_iterator<XFEvent const*, XFEvent const*&, XFEvent const**> const&)
 .text._ZSt7forwardIRKPK7XFEventEOT_RNSt16remove_referenceIS5_E4typeE
                0x0000000008008884       0x12 xf/port/default-idf/eventqueue-default.o
                0x0000000008008884                XFEvent const* const& std::forward<XFEvent const* const&>(std::remove_reference<XFEvent const* const&>::type&)
 .text._ZNSt16allocator_traitsISaIPK7XFEventEE9constructIS2_JRKS2_EEEvRS3_PT_DpOT0_
                0x0000000008008896       0x28 xf/port/default-idf/eventqueue-default.o
                0x0000000008008896                void std::allocator_traits<std::allocator<XFEvent const*> >::construct<XFEvent const*, XFEvent const* const&>(std::allocator<XFEvent const*>&, XFEvent const**, XFEvent const* const&)
 .text._ZNSt5dequeIPK7XFEventSaIS2_EE16_M_push_back_auxIJRKS2_EEEvDpOT_
                0x00000000080088be       0x64 xf/port/default-idf/eventqueue-default.o