gthr-default.h:229:1:int __gthread_key_delete(__gthread_key_t)	16	static
event.h:49:24:XFEvent::XFEventType XFEvent::getEventType() const	16	static
event.h:62:16:int XFEvent::getId() const	16	static
eventstatus.h:37:5:XFEventStatus::XFEventStatus(XFEventStatus::eEventStatus)	16	static
Controller.cpp:5:1:Controller::Controller()	24	static
Controller.cpp:23:1:Controller::~Controller()	32	static
Controller.cpp:23:1:virtual Controller::~Controller()	16	static
Controller.cpp:37:20:void __tcf_0()	8	static
Controller.cpp:35:13:static Controller* Controller::getInstance()	8	static
Controller.cpp:42:6:void Controller::intitialize()	32	static
Controller.cpp:52:6:void Controller::start()	16	static
Controller.cpp:57:6:void Controller::onIrqSPI()	16	static
Controller.cpp:61:6:void Controller::onIrqCAN()	16	static
Controller.cpp:68:6:void Controller::readDIPSwitch()	16	static
Controller.cpp:79:6:void Controller::initializeMotorsGPIO()	40	static
Controller.cpp:138:15:virtual XFEventStatus Controller::processEvent()	32	static
Controller.cpp:298:6:void Controller::goToZeroPosition()	40	static
Controller.cpp:315:6:void Controller::manageMotors()	40	static
Controller.cpp:334:6:bool Controller::bestClockwise(int, int)	40	static
Controller.cpp:378:6:bool Controller::bestClockwiseGoToZero(int, int)	40	static
Controller.cpp:400:6:void Controller::incrementPosition(bool, int, int)	32	static
Controller.cpp:433:6:void Controller::SPI_readFrame()	24	static
Controller.cpp:464:6:void Controller::SPI_dataFrame()	24	static
Controller.cpp:480:6:void Controller::SPI_configurationFrame()	24	static
Controller.cpp:496:6:void Controller::SPI_broadcastConfigurationFrame()	16	static
Controller.cpp:505:6:void Controller::SPI_resetPositionZeroFrame()	32	static
Controller.cpp:527:6:void Controller::SPI_readDataBytes()	24	static
Controller.cpp:558:6:void Controller::SPI_writeDataRegister(uint8_t, uint8_t)	32	static
Controller.cpp:603:6:void Controller::SPI_writeDataRegister_0(uint8_t, uint8_t)	32	static
Controller.cpp:638:6:void Controller::SPI_writeDataRegister_1(uint8_t, uint8_t)	32	static
Controller.cpp:675:6:void Controller::SPI_writeDataRegister_2(uint8_t, uint8_t)	16	static
Controller.cpp:678:6:void Controller::SPI_readConfigBytes()	24	static
Controller.cpp:732:6:void Controller::CAN_writeFrame()	32	static
Controller.cpp:776:6:void Controller::CAN_readFrame()	24	static
Controller.cpp:805:6:void Controller::CAN_dataFrame()	24	static
Controller.cpp:816:6:void Controller::CAN_configurationFrame()	24	static
Controller.cpp:827:6:void Controller::CAN_broadcastConfigurationFrame()	16	static
Controller.cpp:833:6:void Controller::CAN_resetPositionZeroFrame()	32	static
Controller.cpp:850:6:void Controller::CAN_readDataBytes()	24	static
Controller.cpp:884:6:void Controller::CAN_writeDataRegister(uint8_t, uint8_t)	32	static
Controller.cpp:929:6:void Controller::CAN_writeDataRegister_0(uint8_t, uint8_t)	32	static
Controller.cpp:964:6:void Controller::CAN_writeDataRegister_1(uint8_t, uint8_t)	32	static
Controller.cpp:1001:6:void Controller::CAN_writeDataRegister_2(uint8_t, uint8_t)	16	static
Controller.cpp:1005:6:void Controller::CAN_readConfigBytes()	24	static
