gthr-default.h:229:1:int __gthread_key_delete(__gthread_key_t)	16	static
event.h:49:24:XFEvent::XFEventType XFEvent::getEventType() const	16	static
event.h:62:16:int XFEvent::getId() const	16	static
eventstatus.h:37:5:XFEventStatus::XFEventStatus(XFEventStatus::eEventStatus)	16	static
behavior.h:71:17:void XFBehavior::scheduleTimeout(int, int)	32	static
Controller.cpp:8:1:Controller::Controller()	16	static
Controller.cpp:18:1:Controller::~Controller()	16	static
Controller.cpp:18:1:virtual Controller::~Controller()	16	static
Controller.cpp:25:20:void __tcf_0()	8	static
Controller.cpp:23:13:static Controller* Controller::getInstance()	8	static
Controller.cpp:29:6:void Controller::intitialize()	16	static
Controller.cpp:33:6:void Controller::start()	16	static
Controller.cpp:38:6:void Controller::onIrqSPI()	32	static
Controller.cpp:43:6:void Controller::onIrqCAN()	32	static
Controller.cpp:48:6:void Controller::readDIPSwitch()	16	static
Controller.cpp:59:6:void Controller::initializeMotorsGPIO()	48	static
Controller.cpp:128:15:virtual XFEventStatus Controller::processEvent()	40	static
Controller.cpp:300:6:void Controller::readSPIFrame()	24	static
Controller.cpp:338:6:void Controller::dataFrame()	32	static
Controller.cpp:358:6:void Controller::configurationFrame()	24	static
Controller.cpp:375:6:void Controller::broadcastConfigurationFrame()	24	static
Controller.cpp:387:6:void Controller::resetPositionZeroFrame()	32	static
Controller.cpp:406:6:void Controller::readSPIDataBytes(int, int)	40	static
Controller.cpp:451:6:void Controller::readSPIConfigBytes(int)	40	static
Controller.cpp:496:6:void Controller::readCANFrame()	16	static
Controller.cpp:501:6:void Controller::writeCANFrame()	16	static
