gthr-default.h:229:1:int __gthread_key_delete(__gthread_key_t)	16	static
event.h:49:24:XFEvent::XFEventType XFEvent::getEventType() const	16	static
event.h:62:16:int XFEvent::getId() const	16	static
eventstatus.h:37:5:XFEventStatus::XFEventStatus(XFEventStatus::eEventStatus)	16	static
behavior.h:71:17:void XFBehavior::scheduleTimeout(int, int)	32	static
Controller.cpp:8:1:Controller::Controller()	16	static
Controller.cpp:18:1:Controller::~Controller()	16	static
Controller.cpp:18:1:virtual Controller::~Controller()	16	static
Controller.cpp:25:20:void __tcf_0()	8	static
Controller.cpp:23:13:static Controller* Controller::getInstance()	8	static
Controller.cpp:29:6:void Controller::intitialize()	16	static
Controller.cpp:33:6:void Controller::start()	16	static
Controller.cpp:38:6:void Controller::onIrqSPI()	32	static
Controller.cpp:43:6:void Controller::onIrqCAN()	32	static
Controller.cpp:49:6:void Controller::readDIPSwitch()	16	static
Controller.cpp:60:6:void Controller::initializeMotorsGPIO()	40	static
Controller.cpp:129:15:virtual XFEventStatus Controller::processEvent()	40	static
Controller.cpp:321:6:void Controller::readSPIFrame()	24	static
Controller.cpp:352:6:void Controller::dataFrameSPI()	24	static
Controller.cpp:368:6:void Controller::configurationFrameSPI()	24	static
Controller.cpp:384:6:void Controller::broadcastConfigurationFrameSPI()	16	static
Controller.cpp:395:6:void Controller::resetPositionZeroFrameSPI()	32	static
Controller.cpp:416:6:void Controller::readSPIDataBytes()	32	static
Controller.cpp:466:6:void Controller::readSPIConfigBytes()	40	static
Controller.cpp:514:6:void Controller::writeCANFrame()	32	static
Controller.cpp:559:6:void Controller::readCANFrame()	24	static
Controller.cpp:586:6:void Controller::dataFrameCAN()	24	static
Controller.cpp:596:6:void Controller::configurationFrameCAN()	24	static
Controller.cpp:606:6:void Controller::broadcastConfigurationFrameCAN()	16	static
Controller.cpp:612:6:void Controller::resetPositionZeroFrameCAN()	32	static
Controller.cpp:625:6:void Controller::readCANDataBytes()	32	static
Controller.cpp:675:6:void Controller::readCANConfigBytes()	40	static
